Microchip MPLAB XC8 Compiler V2.00 ()

Linker command line:

-W-3 --edf=/opt/microchip/xc8/v2.00/pic/dat/en_msgs.txt -cs \
  -h+dist/default/debug/THE3.X.debug.sym \
  --cmf=dist/default/debug/THE3.X.debug.cmf -z -Q18F8722 -o/tmp/xcXp9hKfn \
  --defsym=__MPLAB_BUILD=1 -Mdist/default/debug/THE3.X.debug.map -E1 \
  -ver=XC8 --acfsm=1493 -ASTACK=080h-0f5fh -pstack=STACK -ACODE=00h-01FFFFh \
  -ACONST=00h-01FFFFh -ASMALLCONST=01000h-010FFhx496 \
  -AMEDIUMCONST=01000h-0FFFFh,011000h-01FFFFh -ACOMRAM=01h-05Fh \
  -AABS1=00h-0F5Fh -ABIGRAM=01h-0F5Fh \
  -ARAM=060h-0FFh,0100h-01FFhx14,0F00h-0F5Fh -ABANK0=060h-0FFh \
  -ABANK1=0100h-01FFh -ABANK2=0200h-02FFh -ABANK3=0300h-03FFh \
  -ABANK4=0400h-04FFh -ABANK5=0500h-05FFh -ABANK6=0600h-06FFh \
  -ABANK7=0700h-07FFh -ABANK8=0800h-08FFh -ABANK9=0900h-09FFh \
  -ABANK10=0A00h-0AFFh -ABANK11=0B00h-0BFFh -ABANK12=0C00h-0CFFh \
  -ABANK13=0D00h-0DFFh -ABANK14=0E00h-0EFFh -ABANK15=0F00h-0F5Fh \
  -ASFR=0F60h-0FFFh -preset_vec=00h,intcode=08h,intcodelo,powerup,init \
  -pramtop=01000h -psmallconst=SMALLCONST -pmediumconst=MEDIUMCONST \
  -pconst=CONST -AFARRAM=00h-00h -ACONFIG=0300000h-030000Dh -pconfig=CONFIG \
  -AIDLOC=0200000h-0200007h -pidloc=IDLOC -AEEDATA=0F00000h-0F003FFh \
  -peeprom_data=EEDATA \
  -prdata=COMRAM,nvrram=COMRAM,nvbit=COMRAM,rbss=COMRAM,rbit=COMRAM \
  -pfarbss=FARRAM,fardata=FARRAM,nvFARRAM=FARRAM \
  -pintsave_regs=BIGRAM,bigbss=BIGRAM,bigdata=BIGRAM -pbss=RAM \
  -pidata=CODE,irdata=CODE,ibigdata=CODE,ifardata=CODE -prparam=COMRAM \
  /tmp/xcX4448NM.o dist/default/debug/THE3.X.debug.o 

Object code version is 3.11

Machine type is 18F8722

Call graph: (short form)




                Name                               Link     Load   Length Selector   Space Scale
/tmp/xcX4448NM.o
                init                                  E        E        4        4       0
                reset_vec                             0        0        4        0       0
                idloc                            200000   200000        8   200000       0
                config                           300000   300000        E   300000       0
dist/default/debug/THE3.X.debug.o
                intcode                               8        8        6        4       0
                temp                                 47       47        1        1       1
                smallconst                         1000     1000       78      800       0
                text21                             1F02     1F02       14      83C       0
                text20                             1EAC     1EAC       26      83C       0
                text19                             18BC     18BC       EC      83C       0
                text18                             1A80     1A80       D8      83C       0
                text17                             1514     1514      162      83C       0
                intcode_body                       1078     1078      30C      83C       0
                text15                             1D38     1D38       3E      83C       0
                text14                             1E86     1E86       26      83C       0
                text13                             1E36     1E36       2A      83C       0
                text12                             1E0A     1E0A       2C      83C       0
                text11                             1DDE     1DDE       2C      83C       0
                text10                             1C74     1C74       6A      83C       0
                text9                              1384     1384      190      83C       0
                text8                              1EEA     1EEA       18      83C       0
                text7                              1E60     1E60       26      83C       0
                text6                              1D76     1D76       3C      83C       0
                text5                              17CE     17CE       EE      83C       0
                text4                              19A8     19A8       D8      83C       0
                text3                              1B58     1B58       AA      83C       0
                text2                              1DB2     1DB2       2C      83C       0
                text1                              1C02     1C02       72      83C       0
                text0                              1676     1676      158      83C       0
                cstackCOMRAM                          1        1       1E        1       1
                cstackBANK0                          78       78        8       60       1
                dataBANK0                            60       60       18       60       1
                dataCOMRAM                           3A       3A        D        1       1
                bssCOMRAM                            1F       1F       1B        1       1
                cinit                              1CDE     1CDE       5A      83C       0
                idataBANK0                         1ED2     1ED2       18      83C       0
                idataCOMRAM                        1F16     1F16        D      83C       0

TOTAL           Name                               Link     Load   Length     Space
        CLASS   STACK          

        CLASS   CODE           
                intcode                               8        8        6         0
                init                                  E        E        4         0
                reset_vec                             0        0        4         0
                text21                             1F02     1F02       14         0
                text20                             1EAC     1EAC       26         0
                text19                             18BC     18BC       EC         0
                text18                             1A80     1A80       D8         0
                text17                             1514     1514      162         0
                intcode_body                       1078     1078      30C         0
                text15                             1D38     1D38       3E         0
                text14                             1E86     1E86       26         0
                text13                             1E36     1E36       2A         0
                text12                             1E0A     1E0A       2C         0
                text11                             1DDE     1DDE       2C         0
                text10                             1C74     1C74       6A         0
                text9                              1384     1384      190         0
                text8                              1EEA     1EEA       18         0
                text7                              1E60     1E60       26         0
                text6                              1D76     1D76       3C         0
                text5                              17CE     17CE       EE         0
                text4                              19A8     19A8       D8         0
                text3                              1B58     1B58       AA         0
                text2                              1DB2     1DB2       2C         0
                text1                              1C02     1C02       72         0
                text0                              1676     1676      158         0
                cinit                              1CDE     1CDE       5A         0
                idataBANK0                         1ED2     1ED2       18         0
                idataCOMRAM                        1F16     1F16        D         0

        CLASS   CONST          

        CLASS   SMALLCONST     
                smallconst                         1000     1000       78         0

        CLASS   MEDIUMCONST    

        CLASS   COMRAM         
                temp                                 47       47        1         1
                cstackCOMRAM                          1        1       1E         1
                dataCOMRAM                           3A       3A        D         1
                bssCOMRAM                            1F       1F       1B         1

        CLASS   ABS1           

        CLASS   BIGRAM         

        CLASS   RAM            

        CLASS   BANK0          
                cstackBANK0                          78       78        8         1
                dataBANK0                            60       60       18         1

        CLASS   BANK1          

        CLASS   BANK2          

        CLASS   BANK3          

        CLASS   BANK4          

        CLASS   BANK5          

        CLASS   BANK6          

        CLASS   BANK7          

        CLASS   BANK8          

        CLASS   BANK9          

        CLASS   BANK10         

        CLASS   BANK11         

        CLASS   BANK12         

        CLASS   BANK13         

        CLASS   BANK14         

        CLASS   BANK15         

        CLASS   SFR            

        CLASS   FARRAM         

        CLASS   CONFIG         
                config                           300000   300000        E         0

        CLASS   IDLOC          
                idloc                            200000   200000        8         0

        CLASS   EEDATA         



SEGMENTS        Name                           Load    Length   Top    Selector   Space  Class

                reset_vec                      000000  000004  000004         0       0  CODE    
                cstackCOMRAM                   000001  000047  000048         1       1  COMRAM  
                intcode                        000008  00000A  000012         4       0  CODE    
                dataBANK0                      000060  000020  000080        60       1  BANK0   
                smallconst                     001000  000078  001078       800       0  SMALLCON
                intcode_body                   001078  000EAB  001F23       83C       0  CODE    
                idloc                          200000  000008  200008    200000       0  IDLOC   
                config                         300000  00000E  30000E    300000       0  CONFIG  


UNUSED ADDRESS RANGES

        Name                Unused          Largest block    Delta
        BANK0            000080-0000FF               80
        BANK1            000100-0001FF              100
        BANK10           000A00-000AFF              100
        BANK11           000B00-000BFF              100
        BANK12           000C00-000CFF              100
        BANK13           000D00-000DFF              100
        BANK14           000E00-000EFF              100
        BANK15           000F00-000F5F               60
        BANK2            000200-0002FF              100
        BANK3            000300-0003FF              100
        BANK4            000400-0004FF              100
        BANK5            000500-0005FF              100
        BANK6            000600-0006FF              100
        BANK7            000700-0007FF              100
        BANK8            000800-0008FF              100
        BANK9            000900-0009FF              100
        BIGRAM           000048-00005F               18
                         000080-000F5F              EE0
        CODE             000004-000007                4
                         000012-000FFF              FEE
                         001F23-01FFFF            1E0DD
        COMRAM           000048-00005F               18
        CONST            000004-000007                4
                         000012-000FFF              FEE
                         001F23-01FFFF            1E0DD
        EEDATA           F00000-F003FF              400
        MEDIUMCONST      001F23-00FFFF             E0DD
                         011000-01FFFF             F000
        RAM              000080-000F5F              100
        SFR              000F60-000FFF               A0
        SMALLCONST       001F23-01FFFF              100
        STACK            000080-000F5F              EE0

                                  Symbol Table

?___awdiv                       cstackCOMRAM 000019
?___awmod                       cstackCOMRAM 000019
?i2___awdiv                     cstackCOMRAM 000001
?i2___awmod                     cstackCOMRAM 000001
WriteCommandToLCD@Command       cstackCOMRAM 00001A
WriteDataToLCD@LCDChar          cstackCOMRAM 00001A
WriteStringToLCD@s              cstackCOMRAM 00001B
_ADCON0                         (abs)        000FC2
_ADCON1                         (abs)        000FC1
_ADFM                           (abs)        007E07
_ADIE                           (abs)        007CEE
_ADIF                           (abs)        007CF6
_ADIP                           (abs)        007CFE
_ADRESH                         (abs)        000FC4
_ADRESL                         (abs)        000FC3
_ClearLCDScreen                 text8        001EEA
_INTCON                         (abs)        000FF2
_INTCON2bits                    (abs)        000FF1
_INTCONbits                     (abs)        000FF2
_IPR1bits                       (abs)        000F9F
_LATA                           (abs)        000F89
_LATB                           (abs)        000F8A
_LATB2                          (abs)        007C52
_LATB5                          (abs)        007C55
_LATC                           (abs)        000F8B
_LATD                           (abs)        000F8C
_LATD4                          (abs)        007C64
_LATD5                          (abs)        007C65
_LATD6                          (abs)        007C66
_LATD7                          (abs)        007C67
_LATE                           (abs)        000F8D
_LATF                           (abs)        000F8E
_LATG                           (abs)        000F8F
_LATH                           (abs)        000F90
_LATH0                          (abs)        007C80
_LATH1                          (abs)        007C81
_LATH2                          (abs)        007C82
_LATH3                          (abs)        007C83
_LATJ                           (abs)        000F91
_PIE1bits                       (abs)        000F9D
_PIR1bits                       (abs)        000F9E
_PORTA                          (abs)        000F80
_PORTB                          (abs)        000F81
_PORTC                          (abs)        000F82
_PORTD                          (abs)        000F83
_PORTE                          (abs)        000F84
_PORTF                          (abs)        000F85
_PORTG                          (abs)        000F86
_PORTH                          (abs)        000F87
_PORTJ                          (abs)        000F88
_RBIE                           (abs)        007F93
_RBIF                           (abs)        007F90
_RCONbits                       (abs)        000FD0
_RE1                            (abs)        007C21
_T0CON                          (abs)        000FD5
_T0CONbits                      (abs)        000FD5
_T1CONbits                      (abs)        000FCD
_TMR0                           (abs)        000FD6
_TMR0IE                         (abs)        007F95
_TMR0IF                         (abs)        007F92
_TMR1                           (abs)        000FCE
_TMR1IE                         (abs)        007CE8
_TMR1IF                         (abs)        007CF0
_TRISA                          (abs)        000F92
_TRISB                          (abs)        000F93
_TRISB2                         (abs)        007C9A
_TRISB5                         (abs)        007C9D
_TRISC                          (abs)        000F94
_TRISD                          (abs)        000F95
_TRISD4                         (abs)        007CAC
_TRISD5                         (abs)        007CAD
_TRISD6                         (abs)        007CAE
_TRISD7                         (abs)        007CAF
_TRISE                          (abs)        000F96
_TRISF                          (abs)        000F97
_TRISG                          (abs)        000F98
_TRISH                          (abs)        000F99
_TRISH4                         (abs)        007CCC
_TRISJ                          (abs)        000F9A
_ToggleEpinOfLCD                text13       001E36
_WriteCommandToLCD              text12       001E0A
_WriteDataToLCD                 text11       001DDE
_WriteStringToLCD               text10       001C74
__CFG_BOREN$OFF                 (abs)        000000
__CFG_DEBUG$OFF                 (abs)        000000
__CFG_FCMEN$OFF                 (abs)        000000
__CFG_IESO$OFF                  (abs)        000000
__CFG_LPT1OSC$OFF               (abs)        000000
__CFG_LVP$OFF                   (abs)        000000
__CFG_MCLRE$ON                  (abs)        000000
__CFG_OSC$HSPLL                 (abs)        000000
__CFG_PWRT$OFF                  (abs)        000000
__CFG_WDT$OFF                   (abs)        000000
__CFG_XINST$OFF                 (abs)        000000
__HRAM                          (abs)        000000
__Habs1                         abs1         000000
__Hbank0                        bank0        000000
__Hbank1                        bank1        000000
__Hbank10                       bank10       000000
__Hbank11                       bank11       000000
__Hbank12                       bank12       000000
__Hbank13                       bank13       000000
__Hbank14                       bank14       000000
__Hbank15                       bank15       000000
__Hbank2                        bank2        000000
__Hbank3                        bank3        000000
__Hbank4                        bank4        000000
__Hbank5                        bank5        000000
__Hbank6                        bank6        000000
__Hbank7                        bank7        000000
__Hbank8                        bank8        000000
__Hbank9                        bank9        000000
__Hbigbss                       bigbss       000000
__Hbigdata                      bigdata      000000
__Hbigram                       bigram       000000
__Hbss                          bss          000000
__HbssCOMRAM                    bssCOMRAM    000000
__Hcinit                        cinit        000000
__Hclrtext                      clrtext      000000
__Hcomram                       comram       000000
__Hconfig                       config       30000E
__Hconst                        const        000000
__HcstackBANK0                  cstackBANK0  000000
__HcstackCOMRAM                 cstackCOMRAM 000000
__Hdata                         data         000000
__HdataBANK0                    dataBANK0    000000
__HdataCOMRAM                   dataCOMRAM   000000
__Heeprom_data                  eeprom_data  000000
__Hfarbss                       farbss       000000
__Hfardata                      fardata      000000
__Hibigdata                     ibigdata     000000
__Hidata                        idata        000000
__HidataBANK0                   idataBANK0   000000
__HidataCOMRAM                  idataCOMRAM  000000
__Hidloc                        idloc        200008
__Hifardata                     ifardata     000000
__Hinit                         init         000012
__Hintcode                      intcode      00000E
__Hintcode_body                 intcode_body 000000
__Hintcodelo                    intcodelo    00000E
__Hintentry                     intentry     000000
__Hintret                       intret       000000
__Hintsave_regs                 intsave_regs 000000
__Hirdata                       irdata       000000
__Hmediumconst                  mediumconst  000000
__HnvFARRAM                     nvFARRAM     000000
__Hnvbit                        nvbit        000000
__Hnvrram                       nvrram       000000
__Hparam                        rparam       000000
__Hpowerup                      powerup      00000E
__Hram                          ram          000000
__Hramtop                       ramtop       001000
__Hrbit                         rbit         000000
__Hrbss                         rbss         000000
__Hrdata                        rdata        000000
__Hreset_vec                    reset_vec    000004
__Hrparam                       rparam       000000
__Hsfr                          sfr          000000
__Hsmallconst                   smallconst   001078
__Hspace_0                      (abs)        30000E
__Hspace_1                      (abs)        000080
__Hspace_2                      (abs)        000000
__Hstack                        stack        000000
__Hstruct                       struct       000000
__Htemp                         temp         000048
__Htext                         text         000000
__Htext0                        text0        000000
__Htext1                        text1        000000
__Htext10                       text10       000000
__Htext11                       text11       000000
__Htext12                       text12       000000
__Htext13                       text13       000000
__Htext14                       text14       000000
__Htext15                       text15       000000
__Htext17                       text17       000000
__Htext18                       text18       000000
__Htext19                       text19       000000
__Htext2                        text2        000000
__Htext20                       text20       000000
__Htext21                       text21       000000
__Htext3                        text3        000000
__Htext4                        text4        000000
__Htext5                        text5        000000
__Htext6                        text6        000000
__Htext7                        text7        000000
__Htext8                        text8        000000
__Htext9                        text9        000000
__LRAM                          (abs)        000001
__Labs1                         abs1         000000
__Lbank0                        bank0        000000
__Lbank1                        bank1        000000
__Lbank10                       bank10       000000
__Lbank11                       bank11       000000
__Lbank12                       bank12       000000
__Lbank13                       bank13       000000
__Lbank14                       bank14       000000
__Lbank15                       bank15       000000
__Lbank2                        bank2        000000
__Lbank3                        bank3        000000
__Lbank4                        bank4        000000
__Lbank5                        bank5        000000
__Lbank6                        bank6        000000
__Lbank7                        bank7        000000
__Lbank8                        bank8        000000
__Lbank9                        bank9        000000
__Lbigbss                       bigbss       000000
__Lbigdata                      bigdata      000000
__Lbigram                       bigram       000000
__Lbss                          bss          000000
__LbssCOMRAM                    bssCOMRAM    000000
__Lcinit                        cinit        000000
__Lclrtext                      clrtext      000000
__Lcomram                       comram       000000
__Lconfig                       config       300000
__Lconst                        const        000000
__LcstackBANK0                  cstackBANK0  000000
__LcstackCOMRAM                 cstackCOMRAM 000000
__Ldata                         data         000000
__LdataBANK0                    dataBANK0    000000
__LdataCOMRAM                   dataCOMRAM   000000
__Leeprom_data                  eeprom_data  000000
__Lfarbss                       farbss       000000
__Lfardata                      fardata      000000
__Libigdata                     ibigdata     000000
__Lidata                        idata        000000
__LidataBANK0                   idataBANK0   000000
__LidataCOMRAM                  idataCOMRAM  000000
__Lidloc                        idloc        200000
__Lifardata                     ifardata     000000
__Linit                         init         00000E
__Lintcode                      intcode      000008
__Lintcode_body                 intcode_body 000000
__Lintcodelo                    intcodelo    00000E
__Lintentry                     intentry     000000
__Lintret                       intret       000000
__Lintsave_regs                 intsave_regs 000000
__Lirdata                       irdata       000000
__Lmediumconst                  mediumconst  000000
__LnvFARRAM                     nvFARRAM     000000
__Lnvbit                        nvbit        000000
__Lnvrram                       nvrram       000000
__Lparam                        rparam       000000
__Lpowerup                      powerup      00000E
__Lram                          ram          000000
__Lramtop                       ramtop       001000
__Lrbit                         rbit         000000
__Lrbss                         rbss         000000
__Lrdata                        rdata        000000
__Lreset_vec                    reset_vec    000000
__Lrparam                       rparam       000000
__Lsfr                          sfr          000000
__Lsmallconst                   smallconst   001000
__Lspace_0                      (abs)        000000
__Lspace_1                      (abs)        000000
__Lspace_2                      (abs)        000000
__Lstack                        stack        000000
__Lstruct                       struct       000000
__Ltemp                         temp         000047
__Ltext                         text         000000
__Ltext0                        text0        000000
__Ltext1                        text1        000000
__Ltext10                       text10       000000
__Ltext11                       text11       000000
__Ltext12                       text12       000000
__Ltext13                       text13       000000
__Ltext14                       text14       000000
__Ltext15                       text15       000000
__Ltext17                       text17       000000
__Ltext18                       text18       000000
__Ltext19                       text19       000000
__Ltext2                        text2        000000
__Ltext20                       text20       000000
__Ltext21                       text21       000000
__Ltext3                        text3        000000
__Ltext4                        text4        000000
__Ltext5                        text5        000000
__Ltext6                        text6        000000
__Ltext7                        text7        000000
__Ltext8                        text8        000000
__Ltext9                        text9        000000
__S0                            (abs)        30000E
__S1                            (abs)        000080
__S2                            (abs)        000000
___awdiv                        text5        0017CE
___awdiv@counter                cstackBANK0  000078
___awdiv@dividend               cstackCOMRAM 000019
___awdiv@divisor                cstackCOMRAM 00001B
___awdiv@quotient               cstackBANK0  00007A
___awdiv@sign                   cstackBANK0  000079
___awmod                        text4        0019A8
___awmod@counter                cstackCOMRAM 00001D
___awmod@dividend               cstackCOMRAM 000019
___awmod@divisor                cstackCOMRAM 00001B
___awmod@sign                   cstackCOMRAM 00001E
___extmem_base                  (abs)        020000
___inthi_sp                     stack        000000
___intlo_sp                     stack        000000
___param_bank                   (abs)        000000
___rparam_used                  (abs)        000001
___sp                           stack        000000
__accesstop                     (abs)        000060
__activetblptr                  (abs)        000002
__end_of_ClearLCDScreen         text8        001F02
__end_of_ToggleEpinOfLCD        text13       001E60
__end_of_WriteCommandToLCD      text12       001E36
__end_of_WriteDataToLCD         text11       001E0A
__end_of_WriteStringToLCD       text10       001CDE
__end_of___awdiv                text5        0018BC
__end_of___awmod                text4        001A80
__end_of__initialization        cinit        001D2A
__end_of_decrementTime          text15       001D76
__end_of_electroVote            smallconst   001069
__end_of_emptyline              smallconst   001049
__end_of_enableADC              text21       001F16
__end_of_enableTimers           text14       001EAC
__end_of_enterVotersText        smallconst   001059
__end_of_highISR                intcode_body 001384
__end_of_incrementDigit         text20       001ED2
__end_of_init1                  text9        001514
__end_of_init2                  text6        001DB2
__end_of_main                   text0        0017CE
__end_of_names                  smallconst   001039
__end_of_numToStringPrint       text7        001E86
__end_of_refreshPerson          text3        001C02
__end_of_refreshSevenSegment    text17       001676
__end_of_refreshTimeLeft        text2        001DDE
__end_of_wait3s                 text1        001C74
__end_ofi2___awdiv              text19       0019A8
__end_ofi2___awmod              text18       001B58
__initialization                cinit        001CDE
__mediumconst                   mediumconst  000000
__pbssCOMRAM                    bssCOMRAM    00001F
__pcinit                        cinit        001CDE
__pcstackBANK0                  cstackBANK0  000078
__pcstackCOMRAM                 cstackCOMRAM 000001
__pdataBANK0                    dataBANK0    000060
__pdataCOMRAM                   dataCOMRAM   00003A
__pidataBANK0                   idataBANK0   001ED2
__pidataCOMRAM                  idataCOMRAM  001F16
__pintcode                      intcode      000008
__pintcode_body                 intcode_body 001078
__psmallconst                   smallconst   001000
__ptext0                        text0        001676
__ptext1                        text1        001C02
__ptext10                       text10       001C74
__ptext11                       text11       001DDE
__ptext12                       text12       001E0A
__ptext13                       text13       001E36
__ptext14                       text14       001E86
__ptext15                       text15       001D38
__ptext17                       text17       001514
__ptext18                       text18       001A80
__ptext19                       text19       0018BC
__ptext2                        text2        001DB2
__ptext20                       text20       001EAC
__ptext21                       text21       001F02
__ptext3                        text3        001B58
__ptext4                        text4        0019A8
__ptext5                        text5        0017CE
__ptext6                        text6        001D76
__ptext7                        text7        001E60
__ptext8                        text8        001EEA
__ptext9                        text9        001384
__ramtop                        ramtop       001000
__size_of_ClearLCDScreen        (abs)        000000
__size_of_ToggleEpinOfLCD       (abs)        000000
__size_of_WriteCommandToLCD     (abs)        000000
__size_of_WriteDataToLCD        (abs)        000000
__size_of_WriteStringToLCD      (abs)        000000
__size_of___awdiv               (abs)        000000
__size_of___awmod               (abs)        000000
__size_of_decrementTime         (abs)        000000
__size_of_enableADC             (abs)        000000
__size_of_enableTimers          (abs)        000000
__size_of_highISR               (abs)        000000
__size_of_incrementDigit        (abs)        000000
__size_of_init1                 (abs)        000000
__size_of_init2                 (abs)        000000
__size_of_main                  (abs)        000000
__size_of_numToStringPrint      (abs)        000000
__size_of_refreshPerson         (abs)        000000
__size_of_refreshSevenSegment   (abs)        000000
__size_of_refreshTimeLeft       (abs)        000000
__size_of_wait3s                (abs)        000000
__size_ofi2___awdiv             (abs)        000000
__size_ofi2___awmod             (abs)        000000
__smallconst                    smallconst   001000
_adcCount                       bssCOMRAM    000034
_birlerDigit                    bssCOMRAM    00002F
_blinkStatus                    bssCOMRAM    000032
_currentPerson                  bssCOMRAM    00002D
_decrementTime                  text15       001D38
_digitStage                     bssCOMRAM    00002E
_electroVote                    smallconst   001059
_emptyline                      smallconst   001039
_enableADC                      text21       001F02
_enableTimers                   text14       001E86
_enterVotersText                smallconst   001049
_highISR                        intcode      000008
_i                              bssCOMRAM    000039
_ids                            dataBANK0    000060
_incrementDigit                 text20       001EAC
_init1                          text9        001384
_init2                          text6        001D76
_ledPointer                     bssCOMRAM    00002B
_main                           text0        001676
_maxVotedPerson                 bssCOMRAM    000029
_names                          smallconst   001001
_numToStringPrint               text7        001E60
_numToStringPrintFlag           bssCOMRAM    000037
_onlarDigit                     bssCOMRAM    000030
_rb_var                         bssCOMRAM    000031
_refreshPerson                  text3        001B58
_refreshPersonFlag              bssCOMRAM    000036
_refreshSevenSegment            text17       001514
_refreshTimeLeft                text2        001DB2
_sevenSegmentTable              dataCOMRAM   00003A
_timeH                          dataCOMRAM   000046
_timeL                          dataCOMRAM   000045
_timer0Flag                     bssCOMRAM    000035
_timer1Flag                     bssCOMRAM    000038
_tmr0count                      bssCOMRAM    000027
_tmr1count                      bssCOMRAM    000033
_totalVotes                     bssCOMRAM    00002A
_voteEnds                       bssCOMRAM    00002C
_votes                          bssCOMRAM    00001F
_wait3s                         text1        001C02
btemp                           temp         000047
end_of_initialization           cinit        001D2A
highISR@value                   cstackCOMRAM 000017
i2___awdiv                      text19       0018BC
i2___awdiv@counter              cstackCOMRAM 000005
i2___awdiv@dividend             cstackCOMRAM 000001
i2___awdiv@divisor              cstackCOMRAM 000003
i2___awdiv@quotient             cstackCOMRAM 000007
i2___awdiv@sign                 cstackCOMRAM 000006
i2___awmod                      text18       001A80
i2___awmod@counter              cstackCOMRAM 000005
i2___awmod@dividend             cstackCOMRAM 000001
i2___awmod@divisor              cstackCOMRAM 000003
i2___awmod@sign                 cstackCOMRAM 000006
incrementDigit@number           cstackCOMRAM 000001
int$flags                       temp         000047
int_func                        intcode_body 001078
intlevel0                       text         000000
intlevel1                       text         000000
intlevel2                       text         000000
intlevel3                       text         000000
numToStringPrint@temp           cstackCOMRAM 00001B
refreshPerson@currentVote       cstackBANK0  00007E
refreshPerson@firstDigit        cstackBANK0  00007C
refreshPerson@secondDigit       cstackBANK0  00007D
refreshPerson@temp              cstackBANK0  00007F
refreshSevenSegment@currentVote cstackCOMRAM 00000D
refreshSevenSegment@firstDigit  cstackCOMRAM 000009
refreshSevenSegment@idFirst     cstackCOMRAM 00000B
refreshSevenSegment@idSecond    cstackCOMRAM 00000C
refreshSevenSegment@secondDigit cstackCOMRAM 00000A
refreshTimeLeft@temp            cstackCOMRAM 00001D
stackhi                         (abs)        000F5F
stacklo                         (abs)        000080
start                           init         00000E
start_initialization            cinit        001CDE
ttemp5                          temp         000048
ttemp6                          temp         00004B
ttemp7                          temp         00004F
wait3s@i                        cstackCOMRAM 000019
wait3s@j                        cstackCOMRAM 00001A
wait3s@k                        cstackCOMRAM 00001B
wtemp8                          temp         000048


FUNCTION INFORMATION:

 *************** function _main *****************
 Defined at:
		line 394 in file "main.c"
 Parameters:    Size  Location     Type
		None
 Auto vars:     Size  Location     Type
		None
 Return value:  Size  Location     Type
                  1    wreg      void 
 Registers used:
		wreg, fsr0l, fsr0h, fsr2l, fsr2h, status,2, status,0, tblptrl, tblptrh, tblptru, prodl, prodh, cstack
 Tracked objects:
		On entry : 
		On exit  : 
		Unchanged: 
 Data sizes:     COMRAM   BANK0   BANK1   BANK2   BANK3   BANK4   BANK5   BANK6   BANK7   BANK8   BANK9  BANK10  BANK11  BANK12  BANK13  BANK14  BANK15
      Params:         0       0       0       0       0       0       0       0       0       0       0       0       0       0       0       0       0
      Locals:         0       0       0       0       0       0       0       0       0       0       0       0       0       0       0       0       0
      Temps:          0       0       0       0       0       0       0       0       0       0       0       0       0       0       0       0       0
      Totals:         0       0       0       0       0       0       0       0       0       0       0       0       0       0       0       0       0
Total ram usage:        0 bytes
 Hardware stack levels required when called:    7
 This function calls:
		_WriteCommandToLCD
		_WriteDataToLCD
		_decrementTime
		_enableTimers
		_init1
		_init2
		_numToStringPrint
		_refreshPerson
		_refreshTimeLeft
		_wait3s
 This function is called by:
		Startup code after reset
 This function uses a non-reentrant model


 *************** function _wait3s *****************
 Defined at:
		line 242 in file "main.c"
 Parameters:    Size  Location     Type
		None
 Auto vars:     Size  Location     Type
  k               1   26[COMRAM] unsigned char 
  j               1   25[COMRAM] unsigned char 
  i               1   24[COMRAM] unsigned char 
 Return value:  Size  Location     Type
                  1    wreg      void 
 Registers used:
		wreg, status,2, status,0
 Tracked objects:
		On entry : 
		On exit  : 
		Unchanged: 
 Data sizes:     COMRAM   BANK0   BANK1   BANK2   BANK3   BANK4   BANK5   BANK6   BANK7   BANK8   BANK9  BANK10  BANK11  BANK12  BANK13  BANK14  BANK15
      Params:         0       0       0       0       0       0       0       0       0       0       0       0       0       0       0       0       0
      Locals:         3       0       0       0       0       0       0       0       0       0       0       0       0       0       0       0       0
      Temps:          0       0       0       0       0       0       0       0       0       0       0       0       0       0       0       0       0
      Totals:         3       0       0       0       0       0       0       0       0       0       0       0       0       0       0       0       0
Total ram usage:        3 bytes
 Hardware stack levels used:    1
 Hardware stack levels required when called:    3
 This function calls:
		Nothing
 This function is called by:
		_main
 This function uses a non-reentrant model


 *************** function _refreshTimeLeft *****************
 Defined at:
		line 119 in file "main.c"
 Parameters:    Size  Location     Type
		None
 Auto vars:     Size  Location     Type
  temp            1   28[COMRAM] unsigned char 
 Return value:  Size  Location     Type
                  1    wreg      void 
 Registers used:
		wreg, fsr0l, fsr0h, status,2, status,0, tblptrl, tblptrh, tblptru, cstack
 Tracked objects:
		On entry : 
		On exit  : 
		Unchanged: 
 Data sizes:     COMRAM   BANK0   BANK1   BANK2   BANK3   BANK4   BANK5   BANK6   BANK7   BANK8   BANK9  BANK10  BANK11  BANK12  BANK13  BANK14  BANK15
      Params:         0       0       0       0       0       0       0       0       0       0       0       0       0       0       0       0       0
      Locals:         1       0       0       0       0       0       0       0       0       0       0       0       0       0       0       0       0
      Temps:          0       0       0       0       0       0       0       0       0       0       0       0       0       0       0       0       0
      Totals:         1       0       0       0       0       0       0       0       0       0       0       0       0       0       0       0       0
Total ram usage:        1 bytes
 Hardware stack levels used:    1
 Hardware stack levels required when called:    6
 This function calls:
		_WriteCommandToLCD
		_WriteDataToLCD
		_WriteStringToLCD
 This function is called by:
		_main
 This function uses a non-reentrant model


 *************** function _refreshPerson *****************
 Defined at:
		line 128 in file "main.c"
 Parameters:    Size  Location     Type
		None
 Auto vars:     Size  Location     Type
  temp            1    7[BANK0 ] unsigned char 
  currentVote     1    6[BANK0 ] unsigned char 
  secondDigit     1    5[BANK0 ] unsigned char 
  firstDigit      1    4[BANK0 ] unsigned char 
 Return value:  Size  Location     Type
                  1    wreg      void 
 Registers used:
		wreg, fsr0l, fsr0h, fsr2l, fsr2h, status,2, status,0, tblptrl, tblptrh, tblptru, prodl, prodh, cstack
 Tracked objects:
		On entry : 
		On exit  : 
		Unchanged: 
 Data sizes:     COMRAM   BANK0   BANK1   BANK2   BANK3   BANK4   BANK5   BANK6   BANK7   BANK8   BANK9  BANK10  BANK11  BANK12  BANK13  BANK14  BANK15
      Params:         0       0       0       0       0       0       0       0       0       0       0       0       0       0       0       0       0
      Locals:         0       4       0       0       0       0       0       0       0       0       0       0       0       0       0       0       0
      Temps:          0       0       0       0       0       0       0       0       0       0       0       0       0       0       0       0       0
      Totals:         0       4       0       0       0       0       0       0       0       0       0       0       0       0       0       0       0
Total ram usage:        4 bytes
 Hardware stack levels used:    1
 Hardware stack levels required when called:    6
 This function calls:
		_WriteCommandToLCD
		_WriteDataToLCD
		_WriteStringToLCD
		___awdiv
		___awmod
 This function is called by:
		_main
 This function uses a non-reentrant model


 *************** function ___awmod *****************
 Defined at:
		line 7 in file "/opt/microchip/xc8/v2.00/pic/sources/c99/common/awmod.c"
 Parameters:    Size  Location     Type
  dividend        2   24[COMRAM] int 
  divisor         2   26[COMRAM] int 
 Auto vars:     Size  Location     Type
  sign            1   29[COMRAM] unsigned char 
  counter         1   28[COMRAM] unsigned char 
 Return value:  Size  Location     Type
                  2   24[COMRAM] int 
 Registers used:
		wreg, status,2, status,0
 Tracked objects:
		On entry : 
		On exit  : 
		Unchanged: 
 Data sizes:     COMRAM   BANK0   BANK1   BANK2   BANK3   BANK4   BANK5   BANK6   BANK7   BANK8   BANK9  BANK10  BANK11  BANK12  BANK13  BANK14  BANK15
      Params:         4       0       0       0       0       0       0       0       0       0       0       0       0       0       0       0       0
      Locals:         2       0       0       0       0       0       0       0       0       0       0       0       0       0       0       0       0
      Temps:          0       0       0       0       0       0       0       0       0       0       0       0       0       0       0       0       0
      Totals:         6       0       0       0       0       0       0       0       0       0       0       0       0       0       0       0       0
Total ram usage:        6 bytes
 Hardware stack levels used:    1
 Hardware stack levels required when called:    3
 This function calls:
		Nothing
 This function is called by:
		_refreshPerson
 This function uses a non-reentrant model


 *************** function ___awdiv *****************
 Defined at:
		line 7 in file "/opt/microchip/xc8/v2.00/pic/sources/c99/common/awdiv.c"
 Parameters:    Size  Location     Type
  dividend        2   24[COMRAM] int 
  divisor         2   26[COMRAM] int 
 Auto vars:     Size  Location     Type
  quotient        2    2[BANK0 ] int 
  sign            1    1[BANK0 ] unsigned char 
  counter         1    0[BANK0 ] unsigned char 
 Return value:  Size  Location     Type
                  2   24[COMRAM] int 
 Registers used:
		wreg, status,2, status,0
 Tracked objects:
		On entry : 
		On exit  : 
		Unchanged: 
 Data sizes:     COMRAM   BANK0   BANK1   BANK2   BANK3   BANK4   BANK5   BANK6   BANK7   BANK8   BANK9  BANK10  BANK11  BANK12  BANK13  BANK14  BANK15
      Params:         4       0       0       0       0       0       0       0       0       0       0       0       0       0       0       0       0
      Locals:         0       4       0       0       0       0       0       0       0       0       0       0       0       0       0       0       0
      Temps:          0       0       0       0       0       0       0       0       0       0       0       0       0       0       0       0       0
      Totals:         4       4       0       0       0       0       0       0       0       0       0       0       0       0       0       0       0
Total ram usage:        8 bytes
 Hardware stack levels used:    1
 Hardware stack levels required when called:    3
 This function calls:
		Nothing
 This function is called by:
		_refreshPerson
 This function uses a non-reentrant model


 *************** function _init2 *****************
 Defined at:
		line 151 in file "main.c"
 Parameters:    Size  Location     Type
		None
 Auto vars:     Size  Location     Type
		None
 Return value:  Size  Location     Type
                  1    wreg      void 
 Registers used:
		wreg, fsr0l, fsr0h, status,2, status,0, tblptrl, tblptrh, tblptru, cstack
 Tracked objects:
		On entry : 
		On exit  : 
		Unchanged: 
 Data sizes:     COMRAM   BANK0   BANK1   BANK2   BANK3   BANK4   BANK5   BANK6   BANK7   BANK8   BANK9  BANK10  BANK11  BANK12  BANK13  BANK14  BANK15
      Params:         0       0       0       0       0       0       0       0       0       0       0       0       0       0       0       0       0
      Locals:         0       0       0       0       0       0       0       0       0       0       0       0       0       0       0       0       0
      Temps:          0       0       0       0       0       0       0       0       0       0       0       0       0       0       0       0       0
      Totals:         0       0       0       0       0       0       0       0       0       0       0       0       0       0       0       0       0
Total ram usage:        0 bytes
 Hardware stack levels used:    1
 Hardware stack levels required when called:    6
 This function calls:
		_ClearLCDScreen
		_WriteCommandToLCD
		_WriteStringToLCD
		_numToStringPrint
 This function is called by:
		_main
 This function uses a non-reentrant model


 *************** function _numToStringPrint *****************
 Defined at:
		line 109 in file "main.c"
 Parameters:    Size  Location     Type
		None
 Auto vars:     Size  Location     Type
  temp            1   26[COMRAM] unsigned char 
 Return value:  Size  Location     Type
                  1    wreg      void 
 Registers used:
		wreg, status,2, status,0, cstack
 Tracked objects:
		On entry : 
		On exit  : 
		Unchanged: 
 Data sizes:     COMRAM   BANK0   BANK1   BANK2   BANK3   BANK4   BANK5   BANK6   BANK7   BANK8   BANK9  BANK10  BANK11  BANK12  BANK13  BANK14  BANK15
      Params:         0       0       0       0       0       0       0       0       0       0       0       0       0       0       0       0       0
      Locals:         1       0       0       0       0       0       0       0       0       0       0       0       0       0       0       0       0
      Temps:          0       0       0       0       0       0       0       0       0       0       0       0       0       0       0       0       0
      Totals:         1       0       0       0       0       0       0       0       0       0       0       0       0       0       0       0       0
Total ram usage:        1 bytes
 Hardware stack levels used:    1
 Hardware stack levels required when called:    5
 This function calls:
		_WriteCommandToLCD
		_WriteDataToLCD
 This function is called by:
		_init2
		_main
 This function uses a non-reentrant model


 *************** function _ClearLCDScreen *****************
 Defined at:
		line 124 in file "LCD.c"
 Parameters:    Size  Location     Type
		None
 Auto vars:     Size  Location     Type
		None
 Return value:  Size  Location     Type
                  1    wreg      void 
 Registers used:
		wreg, status,2, status,0, cstack
 Tracked objects:
		On entry : 
		On exit  : 
		Unchanged: 
 Data sizes:     COMRAM   BANK0   BANK1   BANK2   BANK3   BANK4   BANK5   BANK6   BANK7   BANK8   BANK9  BANK10  BANK11  BANK12  BANK13  BANK14  BANK15
      Params:         0       0       0       0       0       0       0       0       0       0       0       0       0       0       0       0       0
      Locals:         0       0       0       0       0       0       0       0       0       0       0       0       0       0       0       0       0
      Temps:          1       0       0       0       0       0       0       0       0       0       0       0       0       0       0       0       0
      Totals:         1       0       0       0       0       0       0       0       0       0       0       0       0       0       0       0       0
Total ram usage:        1 bytes
 Hardware stack levels used:    1
 Hardware stack levels required when called:    5
 This function calls:
		_WriteCommandToLCD
 This function is called by:
		_init2
 This function uses a non-reentrant model


 *************** function _init1 *****************
 Defined at:
		line 36 in file "main.c"
 Parameters:    Size  Location     Type
		None
 Auto vars:     Size  Location     Type
		None
 Return value:  Size  Location     Type
                  1    wreg      void 
 Registers used:
		wreg, fsr0l, fsr0h, fsr2l, fsr2h, status,2, status,0, tblptrl, tblptrh, tblptru, prodl, prodh, cstack
 Tracked objects:
		On entry : 
		On exit  : 
		Unchanged: 
 Data sizes:     COMRAM   BANK0   BANK1   BANK2   BANK3   BANK4   BANK5   BANK6   BANK7   BANK8   BANK9  BANK10  BANK11  BANK12  BANK13  BANK14  BANK15
      Params:         0       0       0       0       0       0       0       0       0       0       0       0       0       0       0       0       0
      Locals:         0       0       0       0       0       0       0       0       0       0       0       0       0       0       0       0       0
      Temps:          1       0       0       0       0       0       0       0       0       0       0       0       0       0       0       0       0
      Totals:         1       0       0       0       0       0       0       0       0       0       0       0       0       0       0       0       0
Total ram usage:        1 bytes
 Hardware stack levels used:    1
 Hardware stack levels required when called:    6
 This function calls:
		_ToggleEpinOfLCD
		_WriteCommandToLCD
		_WriteStringToLCD
 This function is called by:
		_main
 This function uses a non-reentrant model


 *************** function _WriteStringToLCD *****************
 Defined at:
		line 118 in file "LCD.c"
 Parameters:    Size  Location     Type
  s               2   26[COMRAM] PTR const unsigned char 
		 -> enterVotersText(16), names(56), ids(24), STR_1(14), 
		 -> emptyline(16), electroVote(16), 
 Auto vars:     Size  Location     Type
		None
 Return value:  Size  Location     Type
                  1    wreg      void 
 Registers used:
		wreg, fsr0l, fsr0h, status,2, status,0, tblptrl, tblptrh, tblptru, cstack
 Tracked objects:
		On entry : 
		On exit  : 
		Unchanged: 
 Data sizes:     COMRAM   BANK0   BANK1   BANK2   BANK3   BANK4   BANK5   BANK6   BANK7   BANK8   BANK9  BANK10  BANK11  BANK12  BANK13  BANK14  BANK15
      Params:         2       0       0       0       0       0       0       0       0       0       0       0       0       0       0       0       0
      Locals:         0       0       0       0       0       0       0       0       0       0       0       0       0       0       0       0       0
      Temps:          0       0       0       0       0       0       0       0       0       0       0       0       0       0       0       0       0
      Totals:         2       0       0       0       0       0       0       0       0       0       0       0       0       0       0       0       0
Total ram usage:        2 bytes
 Hardware stack levels used:    1
 Hardware stack levels required when called:    5
 This function calls:
		_WriteDataToLCD
 This function is called by:
		_init1
		_refreshTimeLeft
		_refreshPerson
		_init2
 This function uses a non-reentrant model


 *************** function _WriteDataToLCD *****************
 Defined at:
		line 31 in file "LCD.c"
 Parameters:    Size  Location     Type
  LCDChar         1    wreg     unsigned char 
 Auto vars:     Size  Location     Type
  LCDChar         1   25[COMRAM] unsigned char 
 Return value:  Size  Location     Type
                  1    wreg      void 
 Registers used:
		wreg, status,2, status,0, cstack
 Tracked objects:
		On entry : 
		On exit  : 
		Unchanged: 
 Data sizes:     COMRAM   BANK0   BANK1   BANK2   BANK3   BANK4   BANK5   BANK6   BANK7   BANK8   BANK9  BANK10  BANK11  BANK12  BANK13  BANK14  BANK15
      Params:         0       0       0       0       0       0       0       0       0       0       0       0       0       0       0       0       0
      Locals:         1       0       0       0       0       0       0       0       0       0       0       0       0       0       0       0       0
      Temps:          0       0       0       0       0       0       0       0       0       0       0       0       0       0       0       0       0
      Totals:         1       0       0       0       0       0       0       0       0       0       0       0       0       0       0       0       0
Total ram usage:        1 bytes
 Hardware stack levels used:    1
 Hardware stack levels required when called:    4
 This function calls:
		_ToggleEpinOfLCD
 This function is called by:
		_numToStringPrint
		_refreshTimeLeft
		_refreshPerson
		_main
		_WriteStringToLCD
 This function uses a non-reentrant model


 *************** function _WriteCommandToLCD *****************
 Defined at:
		line 17 in file "LCD.c"
 Parameters:    Size  Location     Type
  Command         1    wreg     unsigned char 
 Auto vars:     Size  Location     Type
  Command         1   25[COMRAM] unsigned char 
 Return value:  Size  Location     Type
                  1    wreg      void 
 Registers used:
		wreg, status,2, status,0, cstack
 Tracked objects:
		On entry : 
		On exit  : 
		Unchanged: 
 Data sizes:     COMRAM   BANK0   BANK1   BANK2   BANK3   BANK4   BANK5   BANK6   BANK7   BANK8   BANK9  BANK10  BANK11  BANK12  BANK13  BANK14  BANK15
      Params:         0       0       0       0       0       0       0       0       0       0       0       0       0       0       0       0       0
      Locals:         1       0       0       0       0       0       0       0       0       0       0       0       0       0       0       0       0
      Temps:          0       0       0       0       0       0       0       0       0       0       0       0       0       0       0       0       0
      Totals:         1       0       0       0       0       0       0       0       0       0       0       0       0       0       0       0       0
Total ram usage:        1 bytes
 Hardware stack levels used:    1
 Hardware stack levels required when called:    4
 This function calls:
		_ToggleEpinOfLCD
 This function is called by:
		_init1
		_numToStringPrint
		_refreshTimeLeft
		_refreshPerson
		_init2
		_main
		_ClearLCDScreen
		_InitLCD
 This function uses a non-reentrant model


 *************** function _ToggleEpinOfLCD *****************
 Defined at:
		line 5 in file "LCD.c"
 Parameters:    Size  Location     Type
		None
 Auto vars:     Size  Location     Type
		None
 Return value:  Size  Location     Type
                  1    wreg      void 
 Registers used:
		wreg
 Tracked objects:
		On entry : 
		On exit  : 
		Unchanged: 
 Data sizes:     COMRAM   BANK0   BANK1   BANK2   BANK3   BANK4   BANK5   BANK6   BANK7   BANK8   BANK9  BANK10  BANK11  BANK12  BANK13  BANK14  BANK15
      Params:         0       0       0       0       0       0       0       0       0       0       0       0       0       0       0       0       0
      Locals:         0       0       0       0       0       0       0       0       0       0       0       0       0       0       0       0       0
      Temps:          1       0       0       0       0       0       0       0       0       0       0       0       0       0       0       0       0
      Totals:         1       0       0       0       0       0       0       0       0       0       0       0       0       0       0       0       0
Total ram usage:        1 bytes
 Hardware stack levels used:    1
 Hardware stack levels required when called:    3
 This function calls:
		Nothing
 This function is called by:
		_init1
		_WriteCommandToLCD
		_WriteDataToLCD
		_InitLCD
 This function uses a non-reentrant model


 *************** function _enableTimers *****************
 Defined at:
		line 170 in file "main.c"
 Parameters:    Size  Location     Type
		None
 Auto vars:     Size  Location     Type
		None
 Return value:  Size  Location     Type
                  1    wreg      void 
 Registers used:
		wreg, status,2
 Tracked objects:
		On entry : 
		On exit  : 
		Unchanged: 
 Data sizes:     COMRAM   BANK0   BANK1   BANK2   BANK3   BANK4   BANK5   BANK6   BANK7   BANK8   BANK9  BANK10  BANK11  BANK12  BANK13  BANK14  BANK15
      Params:         0       0       0       0       0       0       0       0       0       0       0       0       0       0       0       0       0
      Locals:         0       0       0       0       0       0       0       0       0       0       0       0       0       0       0       0       0
      Temps:          0       0       0       0       0       0       0       0       0       0       0       0       0       0       0       0       0
      Totals:         0       0       0       0       0       0       0       0       0       0       0       0       0       0       0       0       0
Total ram usage:        0 bytes
 Hardware stack levels used:    1
 Hardware stack levels required when called:    3
 This function calls:
		Nothing
 This function is called by:
		_main
 This function uses a non-reentrant model


 *************** function _decrementTime *****************
 Defined at:
		line 267 in file "main.c"
 Parameters:    Size  Location     Type
		None
 Auto vars:     Size  Location     Type
		None
 Return value:  Size  Location     Type
                  1    wreg      void 
 Registers used:
		wreg, status,2, status,0
 Tracked objects:
		On entry : 
		On exit  : 
		Unchanged: 
 Data sizes:     COMRAM   BANK0   BANK1   BANK2   BANK3   BANK4   BANK5   BANK6   BANK7   BANK8   BANK9  BANK10  BANK11  BANK12  BANK13  BANK14  BANK15
      Params:         0       0       0       0       0       0       0       0       0       0       0       0       0       0       0       0       0
      Locals:         0       0       0       0       0       0       0       0       0       0       0       0       0       0       0       0       0
      Temps:          0       0       0       0       0       0       0       0       0       0       0       0       0       0       0       0       0
      Totals:         0       0       0       0       0       0       0       0       0       0       0       0       0       0       0       0       0
Total ram usage:        0 bytes
 Hardware stack levels used:    1
 Hardware stack levels required when called:    3
 This function calls:
		Nothing
 This function is called by:
		_main
 This function uses a non-reentrant model


 *************** function _highISR *****************
 Defined at:
		line 287 in file "main.c"
 Parameters:    Size  Location     Type
		None
 Auto vars:     Size  Location     Type
  value           2   22[COMRAM] unsigned int 
 Return value:  Size  Location     Type
                  1    wreg      void 
 Registers used:
		wreg, fsr1l, fsr1h, fsr2l, fsr2h, status,2, status,0, prodl, prodh, cstack
 Tracked objects:
		On entry : 
		On exit  : 
		Unchanged: 
 Data sizes:     COMRAM   BANK0   BANK1   BANK2   BANK3   BANK4   BANK5   BANK6   BANK7   BANK8   BANK9  BANK10  BANK11  BANK12  BANK13  BANK14  BANK15
      Params:         0       0       0       0       0       0       0       0       0       0       0       0       0       0       0       0       0
      Locals:         2       0       0       0       0       0       0       0       0       0       0       0       0       0       0       0       0
      Temps:          9       0       0       0       0       0       0       0       0       0       0       0       0       0       0       0       0
      Totals:        11       0       0       0       0       0       0       0       0       0       0       0       0       0       0       0       0
Total ram usage:       11 bytes
 Hardware stack levels used:    1
 Hardware stack levels required when called:    2
 This function calls:
		_enableADC
		_incrementDigit
		_refreshSevenSegment
 This function is called by:
		Interrupt level 2
 This function uses a non-reentrant model


 *************** function _refreshSevenSegment *****************
 Defined at:
		line 198 in file "main.c"
 Parameters:    Size  Location     Type
		None
 Auto vars:     Size  Location     Type
  currentVote     1   12[COMRAM] unsigned char 
  idSecond        1   11[COMRAM] unsigned char 
  idFirst         1   10[COMRAM] unsigned char 
  secondDigit     1    9[COMRAM] unsigned char 
  firstDigit      1    8[COMRAM] unsigned char 
 Return value:  Size  Location     Type
                  1    wreg      void 
 Registers used:
		wreg, fsr2l, fsr2h, status,2, status,0, prodl, prodh, cstack
 Tracked objects:
		On entry : 
		On exit  : 
		Unchanged: 
 Data sizes:     COMRAM   BANK0   BANK1   BANK2   BANK3   BANK4   BANK5   BANK6   BANK7   BANK8   BANK9  BANK10  BANK11  BANK12  BANK13  BANK14  BANK15
      Params:         0       0       0       0       0       0       0       0       0       0       0       0       0       0       0       0       0
      Locals:         5       0       0       0       0       0       0       0       0       0       0       0       0       0       0       0       0
      Temps:          0       0       0       0       0       0       0       0       0       0       0       0       0       0       0       0       0
      Totals:         5       0       0       0       0       0       0       0       0       0       0       0       0       0       0       0       0
Total ram usage:        5 bytes
 Hardware stack levels used:    1
 Hardware stack levels required when called:    1
 This function calls:
		i2___awdiv
		i2___awmod
 This function is called by:
		_highISR
 This function uses a non-reentrant model


 *************** function i2___awmod *****************
 Defined at:
		line 7 in file "/opt/microchip/xc8/v2.00/pic/sources/c99/common/awmod.c"
 Parameters:    Size  Location     Type
  dividend        2    0[COMRAM] int 
  divisor         2    2[COMRAM] int 
 Auto vars:     Size  Location     Type
  __awmod         1    5[COMRAM] unsigned char 
  __awmod         1    4[COMRAM] unsigned char 
 Return value:  Size  Location     Type
                  2    0[COMRAM] int 
 Registers used:
		wreg, status,2, status,0
 Tracked objects:
		On entry : 
		On exit  : 
		Unchanged: 
 Data sizes:     COMRAM   BANK0   BANK1   BANK2   BANK3   BANK4   BANK5   BANK6   BANK7   BANK8   BANK9  BANK10  BANK11  BANK12  BANK13  BANK14  BANK15
      Params:         4       0       0       0       0       0       0       0       0       0       0       0       0       0       0       0       0
      Locals:         2       0       0       0       0       0       0       0       0       0       0       0       0       0       0       0       0
      Temps:          0       0       0       0       0       0       0       0       0       0       0       0       0       0       0       0       0
      Totals:         6       0       0       0       0       0       0       0       0       0       0       0       0       0       0       0       0
Total ram usage:        6 bytes
 Hardware stack levels used:    1
 This function calls:
		Nothing
 This function is called by:
		_refreshSevenSegment
 This function uses a non-reentrant model


 *************** function i2___awdiv *****************
 Defined at:
		line 7 in file "/opt/microchip/xc8/v2.00/pic/sources/c99/common/awdiv.c"
 Parameters:    Size  Location     Type
  dividend        2    0[COMRAM] int 
  divisor         2    2[COMRAM] int 
 Auto vars:     Size  Location     Type
  __awdiv         2    6[COMRAM] int 
  __awdiv         1    5[COMRAM] unsigned char 
  __awdiv         1    4[COMRAM] unsigned char 
 Return value:  Size  Location     Type
                  2    0[COMRAM] int 
 Registers used:
		wreg, status,2, status,0
 Tracked objects:
		On entry : 
		On exit  : 
		Unchanged: 
 Data sizes:     COMRAM   BANK0   BANK1   BANK2   BANK3   BANK4   BANK5   BANK6   BANK7   BANK8   BANK9  BANK10  BANK11  BANK12  BANK13  BANK14  BANK15
      Params:         4       0       0       0       0       0       0       0       0       0       0       0       0       0       0       0       0
      Locals:         4       0       0       0       0       0       0       0       0       0       0       0       0       0       0       0       0
      Temps:          0       0       0       0       0       0       0       0       0       0       0       0       0       0       0       0       0
      Totals:         8       0       0       0       0       0       0       0       0       0       0       0       0       0       0       0       0
Total ram usage:        8 bytes
 Hardware stack levels used:    1
 This function calls:
		Nothing
 This function is called by:
		_refreshSevenSegment
 This function uses a non-reentrant model


 *************** function _incrementDigit *****************
 Defined at:
		line 259 in file "main.c"
 Parameters:    Size  Location     Type
  number          1    wreg     unsigned char 
 Auto vars:     Size  Location     Type
  number          1    0[COMRAM] unsigned char 
 Return value:  Size  Location     Type
                  1    wreg      unsigned char 
 Registers used:
		wreg, status,2, status,0
 Tracked objects:
		On entry : 
		On exit  : 
		Unchanged: 
 Data sizes:     COMRAM   BANK0   BANK1   BANK2   BANK3   BANK4   BANK5   BANK6   BANK7   BANK8   BANK9  BANK10  BANK11  BANK12  BANK13  BANK14  BANK15
      Params:         0       0       0       0       0       0       0       0       0       0       0       0       0       0       0       0       0
      Locals:         1       0       0       0       0       0       0       0       0       0       0       0       0       0       0       0       0
      Temps:          0       0       0       0       0       0       0       0       0       0       0       0       0       0       0       0       0
      Totals:         1       0       0       0       0       0       0       0       0       0       0       0       0       0       0       0       0
Total ram usage:        1 bytes
 Hardware stack levels used:    1
 This function calls:
		Nothing
 This function is called by:
		_highISR
 This function uses a non-reentrant model


 *************** function _enableADC *****************
 Defined at:
		line 186 in file "main.c"
 Parameters:    Size  Location     Type
		None
 Auto vars:     Size  Location     Type
		None
 Return value:  Size  Location     Type
                  1    wreg      void 
 Registers used:
		wreg, status,2
 Tracked objects:
		On entry : 
		On exit  : 
		Unchanged: 
 Data sizes:     COMRAM   BANK0   BANK1   BANK2   BANK3   BANK4   BANK5   BANK6   BANK7   BANK8   BANK9  BANK10  BANK11  BANK12  BANK13  BANK14  BANK15
      Params:         0       0       0       0       0       0       0       0       0       0       0       0       0       0       0       0       0
      Locals:         0       0       0       0       0       0       0       0       0       0       0       0       0       0       0       0       0
      Temps:          0       0       0       0       0       0       0       0       0       0       0       0       0       0       0       0       0
      Totals:         0       0       0       0       0       0       0       0       0       0       0       0       0       0       0       0       0
Total ram usage:        0 bytes
 Hardware stack levels used:    1
 This function calls:
		Nothing
 This function is called by:
		_highISR
 This function uses a non-reentrant model



MODULE INFORMATION

Module		Function		Class		Link	Load	Size
/opt/microchip/xc8/v2.00/pic/sources/c99/common/awdiv.c
		___awdiv       		CODE           	17CE	0000	239

/opt/microchip/xc8/v2.00/pic/sources/c99/common/awdiv.c estimated size: 239

shared
		_enterVotersText		SMALLCONST     	1049	0000	17
		i2___awdiv     		CODE           	18BC	0000	237
		_names         		SMALLCONST     	1001	0000	57
		_emptyline     		SMALLCONST     	1039	0000	17
		__initialization		CODE           	1CDE	0000	77
		i2___awmod     		CODE           	1A80	0000	217
		_electroVote   		SMALLCONST     	1059	0000	17

shared estimated size: 639

/opt/microchip/xc8/v2.00/pic/sources/c99/common/awmod.c
		___awmod       		CODE           	19A8	0000	217

/opt/microchip/xc8/v2.00/pic/sources/c99/common/awmod.c estimated size: 217

main.c
		_enableADC     		CODE           	1F02	0000	21
		_wait3s        		CODE           	1C02	0000	115
		_incrementDigit		CODE           	1EAC	0000	39
		_refreshPerson 		CODE           	1B58	0000	171
		_main          		CODE           	1676	0000	345
		_enableTimers  		CODE           	1E86	0000	39
		_numToStringPrint		CODE           	1E60	0000	39
		_highISR       		CODE           	0008	0000	787
		_init1         		CODE           	1384	0000	401
		_init2         		CODE           	1D76	0000	61
		_refreshSevenSegment		CODE           	1514	0000	355
		_refreshTimeLeft		CODE           	1DB2	0000	45
		_decrementTime 		CODE           	1D38	0000	63

main.c estimated size: 2481

LCD.c
		_WriteCommandToLCD		CODE           	1E0A	0000	45
		_WriteStringToLCD		CODE           	1C74	0000	107
		_WriteDataToLCD		CODE           	1DDE	0000	45
		_ToggleEpinOfLCD		CODE           	1E36	0000	43
		_ClearLCDScreen		CODE           	1EEA	0000	25

LCD.c estimated size: 265

