MPLINK 5.09, LINKER
Linker Map File - Created Wed Mar 13 19:31:32 2019

                                 Section Info
                  Section       Type    Address   Location Size(Bytes)
                ---------  ---------  ---------  ---------  ---------
                   .org_0       code   0x000000    program   0x00082a
                   .cinit    romdata   0x00082a    program   0x000002
.config_300001_BUILD/DEFAULT/DEBUG/THE1.O    romdata   0x300001    program   0x000001
.config_300002_BUILD/DEFAULT/DEBUG/THE1.O    romdata   0x300002    program   0x000001
.config_300003_BUILD/DEFAULT/DEBUG/THE1.O    romdata   0x300003    program   0x000001
.config_300005_BUILD/DEFAULT/DEBUG/THE1.O    romdata   0x300005    program   0x000001
.config_300006_BUILD/DEFAULT/DEBUG/THE1.O    romdata   0x300006    program   0x000001
                       v1      udata   0x000026       data   0x000000
                       v2      udata   0x000027       data   0x000000
                       v3      udata   0x000028       data   0x000000
                       v4      udata   0x000029       data   0x000000



                              Program Memory Usage 
                               Start         End      
                           ---------   ---------      
                            0x000000    0x00082b      
                            0x300001    0x300003      
                            0x300005    0x300006      
            2097 out of 132120 program addresses used, program memory utilization is 1%



                              Symbols - Sorted by Name
                     Name    Address   Location    Storage File                     
                ---------  ---------  ---------  --------- ---------                
                    case0   0x0003a0    program     static /home/bs05/e2237709/Desktop/embed/THE1.X/the1.asm
                 case0off   0x0005a4    program     static /home/bs05/e2237709/Desktop/embed/THE1.X/the1.asm
                  case0on   0x00059a    program     static /home/bs05/e2237709/Desktop/embed/THE1.X/the1.asm
                    case1   0x0003b0    program     static /home/bs05/e2237709/Desktop/embed/THE1.X/the1.asm
                   case10   0x000440    program     static /home/bs05/e2237709/Desktop/embed/THE1.X/the1.asm
                case10off   0x000670    program     static /home/bs05/e2237709/Desktop/embed/THE1.X/the1.asm
                 case10on   0x000666    program     static /home/bs05/e2237709/Desktop/embed/THE1.X/the1.asm
                   case11   0x000450    program     static /home/bs05/e2237709/Desktop/embed/THE1.X/the1.asm
                case11off   0x000684    program     static /home/bs05/e2237709/Desktop/embed/THE1.X/the1.asm
                 case11on   0x00067a    program     static /home/bs05/e2237709/Desktop/embed/THE1.X/the1.asm
                   case12   0x000460    program     static /home/bs05/e2237709/Desktop/embed/THE1.X/the1.asm
                case12off   0x000698    program     static /home/bs05/e2237709/Desktop/embed/THE1.X/the1.asm
                 case12on   0x00068e    program     static /home/bs05/e2237709/Desktop/embed/THE1.X/the1.asm
                   case13   0x000470    program     static /home/bs05/e2237709/Desktop/embed/THE1.X/the1.asm
                case13off   0x0006ac    program     static /home/bs05/e2237709/Desktop/embed/THE1.X/the1.asm
                 case13on   0x0006a2    program     static /home/bs05/e2237709/Desktop/embed/THE1.X/the1.asm
                   case14   0x000480    program     static /home/bs05/e2237709/Desktop/embed/THE1.X/the1.asm
                case14off   0x0006c0    program     static /home/bs05/e2237709/Desktop/embed/THE1.X/the1.asm
                 case14on   0x0006b6    program     static /home/bs05/e2237709/Desktop/embed/THE1.X/the1.asm
                   case15   0x000490    program     static /home/bs05/e2237709/Desktop/embed/THE1.X/the1.asm
                 case15on   0x0006ca    program     static /home/bs05/e2237709/Desktop/embed/THE1.X/the1.asm
                   case16   0x00049a    program     static /home/bs05/e2237709/Desktop/embed/THE1.X/the1.asm
                case16off   0x0006de    program     static /home/bs05/e2237709/Desktop/embed/THE1.X/the1.asm
                 case16on   0x0006d4    program     static /home/bs05/e2237709/Desktop/embed/THE1.X/the1.asm
                   case17   0x0004aa    program     static /home/bs05/e2237709/Desktop/embed/THE1.X/the1.asm
                case17off   0x0006f2    program     static /home/bs05/e2237709/Desktop/embed/THE1.X/the1.asm
                 case17on   0x0006e8    program     static /home/bs05/e2237709/Desktop/embed/THE1.X/the1.asm
                   case18   0x0004ba    program     static /home/bs05/e2237709/Desktop/embed/THE1.X/the1.asm
                case18off   0x000706    program     static /home/bs05/e2237709/Desktop/embed/THE1.X/the1.asm
                 case18on   0x0006fc    program     static /home/bs05/e2237709/Desktop/embed/THE1.X/the1.asm
                   case19   0x0004ca    program     static /home/bs05/e2237709/Desktop/embed/THE1.X/the1.asm
                case19off   0x00071a    program     static /home/bs05/e2237709/Desktop/embed/THE1.X/the1.asm
                 case19on   0x000710    program     static /home/bs05/e2237709/Desktop/embed/THE1.X/the1.asm
                 case1off   0x0005b8    program     static /home/bs05/e2237709/Desktop/embed/THE1.X/the1.asm
                  case1on   0x0005ae    program     static /home/bs05/e2237709/Desktop/embed/THE1.X/the1.asm
                    case2   0x0003c0    program     static /home/bs05/e2237709/Desktop/embed/THE1.X/the1.asm
                   case20   0x0004da    program     static /home/bs05/e2237709/Desktop/embed/THE1.X/the1.asm
                case20off   0x00072e    program     static /home/bs05/e2237709/Desktop/embed/THE1.X/the1.asm
                 case20on   0x000724    program     static /home/bs05/e2237709/Desktop/embed/THE1.X/the1.asm
                   case21   0x0004ea    program     static /home/bs05/e2237709/Desktop/embed/THE1.X/the1.asm
                case21off   0x000742    program     static /home/bs05/e2237709/Desktop/embed/THE1.X/the1.asm
                 case21on   0x000738    program     static /home/bs05/e2237709/Desktop/embed/THE1.X/the1.asm
                   case22   0x0004fa    program     static /home/bs05/e2237709/Desktop/embed/THE1.X/the1.asm
                case22off   0x000756    program     static /home/bs05/e2237709/Desktop/embed/THE1.X/the1.asm
                 case22on   0x00074c    program     static /home/bs05/e2237709/Desktop/embed/THE1.X/the1.asm
                   case23   0x00050a    program     static /home/bs05/e2237709/Desktop/embed/THE1.X/the1.asm
                case23off   0x00076a    program     static /home/bs05/e2237709/Desktop/embed/THE1.X/the1.asm
                 case23on   0x000760    program     static /home/bs05/e2237709/Desktop/embed/THE1.X/the1.asm
                   case24   0x00051a    program     static /home/bs05/e2237709/Desktop/embed/THE1.X/the1.asm
                case24off   0x00077e    program     static /home/bs05/e2237709/Desktop/embed/THE1.X/the1.asm
                 case24on   0x000774    program     static /home/bs05/e2237709/Desktop/embed/THE1.X/the1.asm
                   case25   0x00052a    program     static /home/bs05/e2237709/Desktop/embed/THE1.X/the1.asm
                case25off   0x000792    program     static /home/bs05/e2237709/Desktop/embed/THE1.X/the1.asm
                 case25on   0x000788    program     static /home/bs05/e2237709/Desktop/embed/THE1.X/the1.asm
                   case26   0x00053a    program     static /home/bs05/e2237709/Desktop/embed/THE1.X/the1.asm
                case26off   0x0007a6    program     static /home/bs05/e2237709/Desktop/embed/THE1.X/the1.asm
                 case26on   0x00079c    program     static /home/bs05/e2237709/Desktop/embed/THE1.X/the1.asm
                   case27   0x00054a    program     static /home/bs05/e2237709/Desktop/embed/THE1.X/the1.asm
                case27off   0x0007ba    program     static /home/bs05/e2237709/Desktop/embed/THE1.X/the1.asm
                 case27on   0x0007b0    program     static /home/bs05/e2237709/Desktop/embed/THE1.X/the1.asm
                   case28   0x00055a    program     static /home/bs05/e2237709/Desktop/embed/THE1.X/the1.asm
                case28off   0x0007ce    program     static /home/bs05/e2237709/Desktop/embed/THE1.X/the1.asm
                 case28on   0x0007c4    program     static /home/bs05/e2237709/Desktop/embed/THE1.X/the1.asm
                   case29   0x00056a    program     static /home/bs05/e2237709/Desktop/embed/THE1.X/the1.asm
                case29off   0x0007e2    program     static /home/bs05/e2237709/Desktop/embed/THE1.X/the1.asm
                 case29on   0x0007d8    program     static /home/bs05/e2237709/Desktop/embed/THE1.X/the1.asm
                 case2off   0x0005cc    program     static /home/bs05/e2237709/Desktop/embed/THE1.X/the1.asm
                  case2on   0x0005c2    program     static /home/bs05/e2237709/Desktop/embed/THE1.X/the1.asm
                    case3   0x0003d0    program     static /home/bs05/e2237709/Desktop/embed/THE1.X/the1.asm
                   case30   0x00057a    program     static /home/bs05/e2237709/Desktop/embed/THE1.X/the1.asm
                case30off   0x0007f6    program     static /home/bs05/e2237709/Desktop/embed/THE1.X/the1.asm
                 case30on   0x0007ec    program     static /home/bs05/e2237709/Desktop/embed/THE1.X/the1.asm
                   case31   0x00058a    program     static /home/bs05/e2237709/Desktop/embed/THE1.X/the1.asm
                 case31on   0x000800    program     static /home/bs05/e2237709/Desktop/embed/THE1.X/the1.asm
                 case3off   0x0005e0    program     static /home/bs05/e2237709/Desktop/embed/THE1.X/the1.asm
                  case3on   0x0005d6    program     static /home/bs05/e2237709/Desktop/embed/THE1.X/the1.asm
                    case4   0x0003e0    program     static /home/bs05/e2237709/Desktop/embed/THE1.X/the1.asm
                 case4off   0x0005f4    program     static /home/bs05/e2237709/Desktop/embed/THE1.X/the1.asm
                  case4on   0x0005ea    program     static /home/bs05/e2237709/Desktop/embed/THE1.X/the1.asm
                    case5   0x0003f0    program     static /home/bs05/e2237709/Desktop/embed/THE1.X/the1.asm
                 case5off   0x000608    program     static /home/bs05/e2237709/Desktop/embed/THE1.X/the1.asm
                  case5on   0x0005fe    program     static /home/bs05/e2237709/Desktop/embed/THE1.X/the1.asm
                    case6   0x000400    program     static /home/bs05/e2237709/Desktop/embed/THE1.X/the1.asm
                 case6off   0x000620    program     static /home/bs05/e2237709/Desktop/embed/THE1.X/the1.asm
                  case6on   0x000616    program     static /home/bs05/e2237709/Desktop/embed/THE1.X/the1.asm
                    case7   0x000410    program     static /home/bs05/e2237709/Desktop/embed/THE1.X/the1.asm
                 case7off   0x000634    program     static /home/bs05/e2237709/Desktop/embed/THE1.X/the1.asm
                  case7on   0x00062a    program     static /home/bs05/e2237709/Desktop/embed/THE1.X/the1.asm
                    case8   0x000420    program     static /home/bs05/e2237709/Desktop/embed/THE1.X/the1.asm
                 case8off   0x000648    program     static /home/bs05/e2237709/Desktop/embed/THE1.X/the1.asm
                  case8on   0x00063e    program     static /home/bs05/e2237709/Desktop/embed/THE1.X/the1.asm
                    case9   0x000430    program     static /home/bs05/e2237709/Desktop/embed/THE1.X/the1.asm
                 case9off   0x00065c    program     static /home/bs05/e2237709/Desktop/embed/THE1.X/the1.asm
                  case9on   0x000652    program     static /home/bs05/e2237709/Desktop/embed/THE1.X/the1.asm
           close_all_leds   0x0000d6    program     static /home/bs05/e2237709/Desktop/embed/THE1.X/the1.asm
                  default   0x000594    program     static /home/bs05/e2237709/Desktop/embed/THE1.X/the1.asm
           half_sec_delay   0x000074    program     static /home/bs05/e2237709/Desktop/embed/THE1.X/the1.asm
                     init   0x000004    program     static /home/bs05/e2237709/Desktop/embed/THE1.X/the1.asm
                       l1   0x000812    program     static /home/bs05/e2237709/Desktop/embed/THE1.X/the1.asm
                       l2   0x00081a    program     static /home/bs05/e2237709/Desktop/embed/THE1.X/the1.asm
                     loop   0x00080e    program     static /home/bs05/e2237709/Desktop/embed/THE1.X/the1.asm
                    loop0   0x00007c    program     static /home/bs05/e2237709/Desktop/embed/THE1.X/the1.asm
                    loop1   0x000080    program     static /home/bs05/e2237709/Desktop/embed/THE1.X/the1.asm
                    loop2   0x000084    program     static /home/bs05/e2237709/Desktop/embed/THE1.X/the1.asm
                    loop3   0x000038    program     static /home/bs05/e2237709/Desktop/embed/THE1.X/the1.asm
                    loop4   0x00003c    program     static /home/bs05/e2237709/Desktop/embed/THE1.X/the1.asm
                    loop5   0x000040    program     static /home/bs05/e2237709/Desktop/embed/THE1.X/the1.asm
                     main   0x00080a    program     static /home/bs05/e2237709/Desktop/embed/THE1.X/the1.asm
                   offA_0   0x000274    program     static /home/bs05/e2237709/Desktop/embed/THE1.X/the1.asm
                   offA_1   0x000268    program     static /home/bs05/e2237709/Desktop/embed/THE1.X/the1.asm
                   offA_2   0x00025c    program     static /home/bs05/e2237709/Desktop/embed/THE1.X/the1.asm
                   offA_3   0x000250    program     static /home/bs05/e2237709/Desktop/embed/THE1.X/the1.asm
                   offB_0   0x000240    program     static /home/bs05/e2237709/Desktop/embed/THE1.X/the1.asm
                   offB_1   0x000234    program     static /home/bs05/e2237709/Desktop/embed/THE1.X/the1.asm
                   offB_2   0x000228    program     static /home/bs05/e2237709/Desktop/embed/THE1.X/the1.asm
                   offB_3   0x00021c    program     static /home/bs05/e2237709/Desktop/embed/THE1.X/the1.asm
                   offC_0   0x00020c    program     static /home/bs05/e2237709/Desktop/embed/THE1.X/the1.asm
                   offC_1   0x000200    program     static /home/bs05/e2237709/Desktop/embed/THE1.X/the1.asm
                   offC_2   0x0001f4    program     static /home/bs05/e2237709/Desktop/embed/THE1.X/the1.asm
                   offC_3   0x0001e8    program     static /home/bs05/e2237709/Desktop/embed/THE1.X/the1.asm
                   offD_0   0x0001d8    program     static /home/bs05/e2237709/Desktop/embed/THE1.X/the1.asm
                   offD_1   0x0001cc    program     static /home/bs05/e2237709/Desktop/embed/THE1.X/the1.asm
                   offD_2   0x0001c0    program     static /home/bs05/e2237709/Desktop/embed/THE1.X/the1.asm
                   offD_3   0x0001b4    program     static /home/bs05/e2237709/Desktop/embed/THE1.X/the1.asm
                    onA_0   0x0000e4    program     static /home/bs05/e2237709/Desktop/embed/THE1.X/the1.asm
                    onA_1   0x0000f0    program     static /home/bs05/e2237709/Desktop/embed/THE1.X/the1.asm
                    onA_2   0x0000fc    program     static /home/bs05/e2237709/Desktop/embed/THE1.X/the1.asm
                    onA_3   0x000108    program     static /home/bs05/e2237709/Desktop/embed/THE1.X/the1.asm
                    onB_0   0x000118    program     static /home/bs05/e2237709/Desktop/embed/THE1.X/the1.asm
                    onB_1   0x000124    program     static /home/bs05/e2237709/Desktop/embed/THE1.X/the1.asm
                    onB_2   0x000130    program     static /home/bs05/e2237709/Desktop/embed/THE1.X/the1.asm
                    onB_3   0x00013c    program     static /home/bs05/e2237709/Desktop/embed/THE1.X/the1.asm
                    onC_0   0x00014c    program     static /home/bs05/e2237709/Desktop/embed/THE1.X/the1.asm
                    onC_1   0x000158    program     static /home/bs05/e2237709/Desktop/embed/THE1.X/the1.asm
                    onC_2   0x000164    program     static /home/bs05/e2237709/Desktop/embed/THE1.X/the1.asm
                    onC_3   0x000170    program     static /home/bs05/e2237709/Desktop/embed/THE1.X/the1.asm
                    onD_0   0x000180    program     static /home/bs05/e2237709/Desktop/embed/THE1.X/the1.asm
                    onD_1   0x00018c    program     static /home/bs05/e2237709/Desktop/embed/THE1.X/the1.asm
                    onD_2   0x000198    program     static /home/bs05/e2237709/Desktop/embed/THE1.X/the1.asm
                    onD_3   0x0001a4    program     static /home/bs05/e2237709/Desktop/embed/THE1.X/the1.asm
            one_sec_delay   0x000030    program     static /home/bs05/e2237709/Desktop/embed/THE1.X/the1.asm
            open_all_leds   0x0000c8    program     static /home/bs05/e2237709/Desktop/embed/THE1.X/the1.asm
                    table   0x000298    program     static /home/bs05/e2237709/Desktop/embed/THE1.X/the1.asm
               turn_off_A   0x000250    program     static /home/bs05/e2237709/Desktop/embed/THE1.X/the1.asm
               turn_off_B   0x00021c    program     static /home/bs05/e2237709/Desktop/embed/THE1.X/the1.asm
               turn_off_C   0x0001e8    program     static /home/bs05/e2237709/Desktop/embed/THE1.X/the1.asm
               turn_off_D   0x0001b4    program     static /home/bs05/e2237709/Desktop/embed/THE1.X/the1.asm
                turn_on_A   0x0000e4    program     static /home/bs05/e2237709/Desktop/embed/THE1.X/the1.asm
                turn_on_B   0x000118    program     static /home/bs05/e2237709/Desktop/embed/THE1.X/the1.asm
                turn_on_C   0x00014c    program     static /home/bs05/e2237709/Desktop/embed/THE1.X/the1.asm
                turn_on_D   0x000180    program     static /home/bs05/e2237709/Desktop/embed/THE1.X/the1.asm
            two_sec_delay   0x0000be    program     static /home/bs05/e2237709/Desktop/embed/THE1.X/the1.asm
             wait_for_ra4   0x000284    program     static /home/bs05/e2237709/Desktop/embed/THE1.X/the1.asm
     wait_for_ra4_release   0x00028e    program     static /home/bs05/e2237709/Desktop/embed/THE1.X/the1.asm
                        i   0x000026       data     static /home/bs05/e2237709/Desktop/embed/THE1.X/the1.asm
                  inc_var   0x000029       data     static /home/bs05/e2237709/Desktop/embed/THE1.X/the1.asm
                save_wreg   0x000027       data     static /home/bs05/e2237709/Desktop/embed/THE1.X/the1.asm
               switch_var   0x000028       data     static /home/bs05/e2237709/Desktop/embed/THE1.X/the1.asm



                              Symbols - Sorted by Address
                     Name    Address   Location    Storage File                     
                ---------  ---------  ---------  --------- ---------                
                     init   0x000004    program     static /home/bs05/e2237709/Desktop/embed/THE1.X/the1.asm
            one_sec_delay   0x000030    program     static /home/bs05/e2237709/Desktop/embed/THE1.X/the1.asm
                    loop3   0x000038    program     static /home/bs05/e2237709/Desktop/embed/THE1.X/the1.asm
                    loop4   0x00003c    program     static /home/bs05/e2237709/Desktop/embed/THE1.X/the1.asm
                    loop5   0x000040    program     static /home/bs05/e2237709/Desktop/embed/THE1.X/the1.asm
           half_sec_delay   0x000074    program     static /home/bs05/e2237709/Desktop/embed/THE1.X/the1.asm
                    loop0   0x00007c    program     static /home/bs05/e2237709/Desktop/embed/THE1.X/the1.asm
                    loop1   0x000080    program     static /home/bs05/e2237709/Desktop/embed/THE1.X/the1.asm
                    loop2   0x000084    program     static /home/bs05/e2237709/Desktop/embed/THE1.X/the1.asm
            two_sec_delay   0x0000be    program     static /home/bs05/e2237709/Desktop/embed/THE1.X/the1.asm
            open_all_leds   0x0000c8    program     static /home/bs05/e2237709/Desktop/embed/THE1.X/the1.asm
           close_all_leds   0x0000d6    program     static /home/bs05/e2237709/Desktop/embed/THE1.X/the1.asm
                turn_on_A   0x0000e4    program     static /home/bs05/e2237709/Desktop/embed/THE1.X/the1.asm
                    onA_0   0x0000e4    program     static /home/bs05/e2237709/Desktop/embed/THE1.X/the1.asm
                    onA_1   0x0000f0    program     static /home/bs05/e2237709/Desktop/embed/THE1.X/the1.asm
                    onA_2   0x0000fc    program     static /home/bs05/e2237709/Desktop/embed/THE1.X/the1.asm
                    onA_3   0x000108    program     static /home/bs05/e2237709/Desktop/embed/THE1.X/the1.asm
                turn_on_B   0x000118    program     static /home/bs05/e2237709/Desktop/embed/THE1.X/the1.asm
                    onB_0   0x000118    program     static /home/bs05/e2237709/Desktop/embed/THE1.X/the1.asm
                    onB_1   0x000124    program     static /home/bs05/e2237709/Desktop/embed/THE1.X/the1.asm
                    onB_2   0x000130    program     static /home/bs05/e2237709/Desktop/embed/THE1.X/the1.asm
                    onB_3   0x00013c    program     static /home/bs05/e2237709/Desktop/embed/THE1.X/the1.asm
                    onC_0   0x00014c    program     static /home/bs05/e2237709/Desktop/embed/THE1.X/the1.asm
                turn_on_C   0x00014c    program     static /home/bs05/e2237709/Desktop/embed/THE1.X/the1.asm
                    onC_1   0x000158    program     static /home/bs05/e2237709/Desktop/embed/THE1.X/the1.asm
                    onC_2   0x000164    program     static /home/bs05/e2237709/Desktop/embed/THE1.X/the1.asm
                    onC_3   0x000170    program     static /home/bs05/e2237709/Desktop/embed/THE1.X/the1.asm
                turn_on_D   0x000180    program     static /home/bs05/e2237709/Desktop/embed/THE1.X/the1.asm
                    onD_0   0x000180    program     static /home/bs05/e2237709/Desktop/embed/THE1.X/the1.asm
                    onD_1   0x00018c    program     static /home/bs05/e2237709/Desktop/embed/THE1.X/the1.asm
                    onD_2   0x000198    program     static /home/bs05/e2237709/Desktop/embed/THE1.X/the1.asm
                    onD_3   0x0001a4    program     static /home/bs05/e2237709/Desktop/embed/THE1.X/the1.asm
                   offD_3   0x0001b4    program     static /home/bs05/e2237709/Desktop/embed/THE1.X/the1.asm
               turn_off_D   0x0001b4    program     static /home/bs05/e2237709/Desktop/embed/THE1.X/the1.asm
                   offD_2   0x0001c0    program     static /home/bs05/e2237709/Desktop/embed/THE1.X/the1.asm
                   offD_1   0x0001cc    program     static /home/bs05/e2237709/Desktop/embed/THE1.X/the1.asm
                   offD_0   0x0001d8    program     static /home/bs05/e2237709/Desktop/embed/THE1.X/the1.asm
               turn_off_C   0x0001e8    program     static /home/bs05/e2237709/Desktop/embed/THE1.X/the1.asm
                   offC_3   0x0001e8    program     static /home/bs05/e2237709/Desktop/embed/THE1.X/the1.asm
                   offC_2   0x0001f4    program     static /home/bs05/e2237709/Desktop/embed/THE1.X/the1.asm
                   offC_1   0x000200    program     static /home/bs05/e2237709/Desktop/embed/THE1.X/the1.asm
                   offC_0   0x00020c    program     static /home/bs05/e2237709/Desktop/embed/THE1.X/the1.asm
               turn_off_B   0x00021c    program     static /home/bs05/e2237709/Desktop/embed/THE1.X/the1.asm
                   offB_3   0x00021c    program     static /home/bs05/e2237709/Desktop/embed/THE1.X/the1.asm
                   offB_2   0x000228    program     static /home/bs05/e2237709/Desktop/embed/THE1.X/the1.asm
                   offB_1   0x000234    program     static /home/bs05/e2237709/Desktop/embed/THE1.X/the1.asm
                   offB_0   0x000240    program     static /home/bs05/e2237709/Desktop/embed/THE1.X/the1.asm
                   offA_3   0x000250    program     static /home/bs05/e2237709/Desktop/embed/THE1.X/the1.asm
               turn_off_A   0x000250    program     static /home/bs05/e2237709/Desktop/embed/THE1.X/the1.asm
                   offA_2   0x00025c    program     static /home/bs05/e2237709/Desktop/embed/THE1.X/the1.asm
                   offA_1   0x000268    program     static /home/bs05/e2237709/Desktop/embed/THE1.X/the1.asm
                   offA_0   0x000274    program     static /home/bs05/e2237709/Desktop/embed/THE1.X/the1.asm
             wait_for_ra4   0x000284    program     static /home/bs05/e2237709/Desktop/embed/THE1.X/the1.asm
     wait_for_ra4_release   0x00028e    program     static /home/bs05/e2237709/Desktop/embed/THE1.X/the1.asm
                    table   0x000298    program     static /home/bs05/e2237709/Desktop/embed/THE1.X/the1.asm
                    case0   0x0003a0    program     static /home/bs05/e2237709/Desktop/embed/THE1.X/the1.asm
                    case1   0x0003b0    program     static /home/bs05/e2237709/Desktop/embed/THE1.X/the1.asm
                    case2   0x0003c0    program     static /home/bs05/e2237709/Desktop/embed/THE1.X/the1.asm
                    case3   0x0003d0    program     static /home/bs05/e2237709/Desktop/embed/THE1.X/the1.asm
                    case4   0x0003e0    program     static /home/bs05/e2237709/Desktop/embed/THE1.X/the1.asm
                    case5   0x0003f0    program     static /home/bs05/e2237709/Desktop/embed/THE1.X/the1.asm
                    case6   0x000400    program     static /home/bs05/e2237709/Desktop/embed/THE1.X/the1.asm
                    case7   0x000410    program     static /home/bs05/e2237709/Desktop/embed/THE1.X/the1.asm
                    case8   0x000420    program     static /home/bs05/e2237709/Desktop/embed/THE1.X/the1.asm
                    case9   0x000430    program     static /home/bs05/e2237709/Desktop/embed/THE1.X/the1.asm
                   case10   0x000440    program     static /home/bs05/e2237709/Desktop/embed/THE1.X/the1.asm
                   case11   0x000450    program     static /home/bs05/e2237709/Desktop/embed/THE1.X/the1.asm
                   case12   0x000460    program     static /home/bs05/e2237709/Desktop/embed/THE1.X/the1.asm
                   case13   0x000470    program     static /home/bs05/e2237709/Desktop/embed/THE1.X/the1.asm
                   case14   0x000480    program     static /home/bs05/e2237709/Desktop/embed/THE1.X/the1.asm
                   case15   0x000490    program     static /home/bs05/e2237709/Desktop/embed/THE1.X/the1.asm
                   case16   0x00049a    program     static /home/bs05/e2237709/Desktop/embed/THE1.X/the1.asm
                   case17   0x0004aa    program     static /home/bs05/e2237709/Desktop/embed/THE1.X/the1.asm
                   case18   0x0004ba    program     static /home/bs05/e2237709/Desktop/embed/THE1.X/the1.asm
                   case19   0x0004ca    program     static /home/bs05/e2237709/Desktop/embed/THE1.X/the1.asm
                   case20   0x0004da    program     static /home/bs05/e2237709/Desktop/embed/THE1.X/the1.asm
                   case21   0x0004ea    program     static /home/bs05/e2237709/Desktop/embed/THE1.X/the1.asm
                   case22   0x0004fa    program     static /home/bs05/e2237709/Desktop/embed/THE1.X/the1.asm
                   case23   0x00050a    program     static /home/bs05/e2237709/Desktop/embed/THE1.X/the1.asm
                   case24   0x00051a    program     static /home/bs05/e2237709/Desktop/embed/THE1.X/the1.asm
                   case25   0x00052a    program     static /home/bs05/e2237709/Desktop/embed/THE1.X/the1.asm
                   case26   0x00053a    program     static /home/bs05/e2237709/Desktop/embed/THE1.X/the1.asm
                   case27   0x00054a    program     static /home/bs05/e2237709/Desktop/embed/THE1.X/the1.asm
                   case28   0x00055a    program     static /home/bs05/e2237709/Desktop/embed/THE1.X/the1.asm
                   case29   0x00056a    program     static /home/bs05/e2237709/Desktop/embed/THE1.X/the1.asm
                   case30   0x00057a    program     static /home/bs05/e2237709/Desktop/embed/THE1.X/the1.asm
                   case31   0x00058a    program     static /home/bs05/e2237709/Desktop/embed/THE1.X/the1.asm
                  default   0x000594    program     static /home/bs05/e2237709/Desktop/embed/THE1.X/the1.asm
                  case0on   0x00059a    program     static /home/bs05/e2237709/Desktop/embed/THE1.X/the1.asm
                 case0off   0x0005a4    program     static /home/bs05/e2237709/Desktop/embed/THE1.X/the1.asm
                  case1on   0x0005ae    program     static /home/bs05/e2237709/Desktop/embed/THE1.X/the1.asm
                 case1off   0x0005b8    program     static /home/bs05/e2237709/Desktop/embed/THE1.X/the1.asm
                  case2on   0x0005c2    program     static /home/bs05/e2237709/Desktop/embed/THE1.X/the1.asm
                 case2off   0x0005cc    program     static /home/bs05/e2237709/Desktop/embed/THE1.X/the1.asm
                  case3on   0x0005d6    program     static /home/bs05/e2237709/Desktop/embed/THE1.X/the1.asm
                 case3off   0x0005e0    program     static /home/bs05/e2237709/Desktop/embed/THE1.X/the1.asm
                  case4on   0x0005ea    program     static /home/bs05/e2237709/Desktop/embed/THE1.X/the1.asm
                 case4off   0x0005f4    program     static /home/bs05/e2237709/Desktop/embed/THE1.X/the1.asm
                  case5on   0x0005fe    program     static /home/bs05/e2237709/Desktop/embed/THE1.X/the1.asm
                 case5off   0x000608    program     static /home/bs05/e2237709/Desktop/embed/THE1.X/the1.asm
                  case6on   0x000616    program     static /home/bs05/e2237709/Desktop/embed/THE1.X/the1.asm
                 case6off   0x000620    program     static /home/bs05/e2237709/Desktop/embed/THE1.X/the1.asm
                  case7on   0x00062a    program     static /home/bs05/e2237709/Desktop/embed/THE1.X/the1.asm
                 case7off   0x000634    program     static /home/bs05/e2237709/Desktop/embed/THE1.X/the1.asm
                  case8on   0x00063e    program     static /home/bs05/e2237709/Desktop/embed/THE1.X/the1.asm
                 case8off   0x000648    program     static /home/bs05/e2237709/Desktop/embed/THE1.X/the1.asm
                  case9on   0x000652    program     static /home/bs05/e2237709/Desktop/embed/THE1.X/the1.asm
                 case9off   0x00065c    program     static /home/bs05/e2237709/Desktop/embed/THE1.X/the1.asm
                 case10on   0x000666    program     static /home/bs05/e2237709/Desktop/embed/THE1.X/the1.asm
                case10off   0x000670    program     static /home/bs05/e2237709/Desktop/embed/THE1.X/the1.asm
                 case11on   0x00067a    program     static /home/bs05/e2237709/Desktop/embed/THE1.X/the1.asm
                case11off   0x000684    program     static /home/bs05/e2237709/Desktop/embed/THE1.X/the1.asm
                 case12on   0x00068e    program     static /home/bs05/e2237709/Desktop/embed/THE1.X/the1.asm
                case12off   0x000698    program     static /home/bs05/e2237709/Desktop/embed/THE1.X/the1.asm
                 case13on   0x0006a2    program     static /home/bs05/e2237709/Desktop/embed/THE1.X/the1.asm
                case13off   0x0006ac    program     static /home/bs05/e2237709/Desktop/embed/THE1.X/the1.asm
                 case14on   0x0006b6    program     static /home/bs05/e2237709/Desktop/embed/THE1.X/the1.asm
                case14off   0x0006c0    program     static /home/bs05/e2237709/Desktop/embed/THE1.X/the1.asm
                 case15on   0x0006ca    program     static /home/bs05/e2237709/Desktop/embed/THE1.X/the1.asm
                 case16on   0x0006d4    program     static /home/bs05/e2237709/Desktop/embed/THE1.X/the1.asm
                case16off   0x0006de    program     static /home/bs05/e2237709/Desktop/embed/THE1.X/the1.asm
                 case17on   0x0006e8    program     static /home/bs05/e2237709/Desktop/embed/THE1.X/the1.asm
                case17off   0x0006f2    program     static /home/bs05/e2237709/Desktop/embed/THE1.X/the1.asm
                 case18on   0x0006fc    program     static /home/bs05/e2237709/Desktop/embed/THE1.X/the1.asm
                case18off   0x000706    program     static /home/bs05/e2237709/Desktop/embed/THE1.X/the1.asm
                 case19on   0x000710    program     static /home/bs05/e2237709/Desktop/embed/THE1.X/the1.asm
                case19off   0x00071a    program     static /home/bs05/e2237709/Desktop/embed/THE1.X/the1.asm
                 case20on   0x000724    program     static /home/bs05/e2237709/Desktop/embed/THE1.X/the1.asm
                case20off   0x00072e    program     static /home/bs05/e2237709/Desktop/embed/THE1.X/the1.asm
                 case21on   0x000738    program     static /home/bs05/e2237709/Desktop/embed/THE1.X/the1.asm
                case21off   0x000742    program     static /home/bs05/e2237709/Desktop/embed/THE1.X/the1.asm
                 case22on   0x00074c    program     static /home/bs05/e2237709/Desktop/embed/THE1.X/the1.asm
                case22off   0x000756    program     static /home/bs05/e2237709/Desktop/embed/THE1.X/the1.asm
                 case23on   0x000760    program     static /home/bs05/e2237709/Desktop/embed/THE1.X/the1.asm
                case23off   0x00076a    program     static /home/bs05/e2237709/Desktop/embed/THE1.X/the1.asm
                 case24on   0x000774    program     static /home/bs05/e2237709/Desktop/embed/THE1.X/the1.asm
                case24off   0x00077e    program     static /home/bs05/e2237709/Desktop/embed/THE1.X/the1.asm
                 case25on   0x000788    program     static /home/bs05/e2237709/Desktop/embed/THE1.X/the1.asm
                case25off   0x000792    program     static /home/bs05/e2237709/Desktop/embed/THE1.X/the1.asm
                 case26on   0x00079c    program     static /home/bs05/e2237709/Desktop/embed/THE1.X/the1.asm
                case26off   0x0007a6    program     static /home/bs05/e2237709/Desktop/embed/THE1.X/the1.asm
                 case27on   0x0007b0    program     static /home/bs05/e2237709/Desktop/embed/THE1.X/the1.asm
                case27off   0x0007ba    program     static /home/bs05/e2237709/Desktop/embed/THE1.X/the1.asm
                 case28on   0x0007c4    program     static /home/bs05/e2237709/Desktop/embed/THE1.X/the1.asm
                case28off   0x0007ce    program     static /home/bs05/e2237709/Desktop/embed/THE1.X/the1.asm
                 case29on   0x0007d8    program     static /home/bs05/e2237709/Desktop/embed/THE1.X/the1.asm
                case29off   0x0007e2    program     static /home/bs05/e2237709/Desktop/embed/THE1.X/the1.asm
                 case30on   0x0007ec    program     static /home/bs05/e2237709/Desktop/embed/THE1.X/the1.asm
                case30off   0x0007f6    program     static /home/bs05/e2237709/Desktop/embed/THE1.X/the1.asm
                 case31on   0x000800    program     static /home/bs05/e2237709/Desktop/embed/THE1.X/the1.asm
                     main   0x00080a    program     static /home/bs05/e2237709/Desktop/embed/THE1.X/the1.asm
                     loop   0x00080e    program     static /home/bs05/e2237709/Desktop/embed/THE1.X/the1.asm
                       l1   0x000812    program     static /home/bs05/e2237709/Desktop/embed/THE1.X/the1.asm
                       l2   0x00081a    program     static /home/bs05/e2237709/Desktop/embed/THE1.X/the1.asm
                        i   0x000026       data     static /home/bs05/e2237709/Desktop/embed/THE1.X/the1.asm
                save_wreg   0x000027       data     static /home/bs05/e2237709/Desktop/embed/THE1.X/the1.asm
               switch_var   0x000028       data     static /home/bs05/e2237709/Desktop/embed/THE1.X/the1.asm
                  inc_var   0x000029       data     static /home/bs05/e2237709/Desktop/embed/THE1.X/the1.asm


