MPLINK 4.40, Linker
Linker Map File - Created Sun Jun  2 14:42:41 2019

                                 Section Info
                  Section       Type    Address   Location Size(Bytes)
                ---------  ---------  ---------  ---------  ---------
               _entry_scn       code   0x000000    program   0x000006
           .code___init.o       code   0x000006    program   0x000002
           IT_vector_high       code   0x000008    program   0x000006
            IT_vector_low       code   0x000018    program   0x000006
                 DESC_ROM    romdata   0x000050    program   0x000026
               KERNEL_ROM       code   0x000100    program   0x001b7c
        .code_tsk_task2.o       code   0x002000    program   0x000496
        .code_tsk_task1.o       code   0x002496    program   0x00043a
           .code_common.o       code   0x0028d0    program   0x0001c0
              .code_LCD.o       code   0x002a90    program   0x00012c
        .code_tsk_task0.o       code   0x002bbc    program   0x0000d2
         .code_fxd1616u.o       code   0x002c8e    program   0x00002c
             _startup_scn       code   0x002cba    program   0x000020
              D1KTCYXCODE       code   0x002cda    program   0x000020
                    .code       code   0x002cfa    program   0x000020
         .code_fxd0808u.o       code   0x002d1a    program   0x00001c
     .idata_tsk_task2.o_i    romdata   0x002d36    program   0x00000d
     .idata_tsk_task0.o_i    romdata   0x002d43    program   0x000009
      .idata_taskdesc.o_i    romdata   0x002d4c    program   0x000044
          .idata_main.o_i    romdata   0x002d90    program   0x00000c
        .idata_common.o_i    romdata   0x002d9c    program   0x000009
       _INTERRUPT_VECTORL       code   0x003000    program   0x000150
             .code_main.o       code   0x003150    program   0x000180
             D10KTCYXCODE       code   0x0032d0    program   0x00002e
         .romdata_alarm.o    romdata   0x0032fe    program   0x000000
     .romdata_tsk_task0.o    romdata   0x0032fe    program   0x000000
             .stringtable    romdata   0x0032fe    program   0x000000
     .romdata_tsk_task1.o    romdata   0x0032fe    program   0x000000
     .romdata_tsk_task2.o    romdata   0x0032fe    program   0x000000
       .romdata_pro_man.o    romdata   0x0032fe    program   0x000000
      .romdata_taskdesc.o    romdata   0x0032fe    program   0x000000
      .romdata_even_man.o    romdata   0x0032fe    program   0x000000
       .romdata_int_man.o    romdata   0x0032fe    program   0x000000
          .romdata_main.o    romdata   0x0032fe    program   0x000000
      .romdata_fxd0808u.o    romdata   0x0032fe    program   0x000000
           .romdata_int.o    romdata   0x0032fe    program   0x000000
      .romdata_fxd1616u.o    romdata   0x0032fe    program   0x000000
           .romdata_LCD.o    romdata   0x0032fe    program   0x000000
        .romdata_common.o    romdata   0x0032fe    program   0x000000
        .romdata___init.o    romdata   0x0032fe    program   0x000000
        .romdata_c018iz.o    romdata   0x0032fe    program   0x000000
       _INTERRUPT_VECTORH       code   0x003300    program   0x000012
                   .cinit    romdata   0x003312    program   0x00004a
               _cinit_scn       code   0x00335c    program   0x00009e
     .idata_tsk_task1.o_i    romdata   0x0033fa    program   0x000005
        .idata_c018iz.o_i    romdata   0x0033ff    program   0x000000
        .idata___init.o_i    romdata   0x0033ff    program   0x000000
           .idata_LCD.o_i    romdata   0x0033ff    program   0x000000
           .idata_int.o_i    romdata   0x0033ff    program   0x000000
      .idata_fxd1616u.o_i    romdata   0x0033ff    program   0x000000
      .idata_fxd0808u.o_i    romdata   0x0033ff    program   0x000000
       .idata_int_man.o_i    romdata   0x0033ff    program   0x000000
      .idata_even_man.o_i    romdata   0x0033ff    program   0x000000
         .idata_alarm.o_i    romdata   0x0033ff    program   0x000000
       .idata_pro_man.o_i    romdata   0x0033ff    program   0x000000
         .code_even_man.o       code   0x003400    program   0x000000
          .code_int_man.o       code   0x003400    program   0x000000
  _RESET_INTERRUPT_VECTOR       code   0x003400    program   0x000006
              .code_int.o       code   0x003400    program   0x000000
            .code_alarm.o       code   0x003400    program   0x000000
         .code_taskdesc.o       code   0x003400    program   0x000000
          .code_pro_man.o       code   0x003400    program   0x000000
           .code_c018iz.o       code   0x003400    program   0x000000
    .config_300001_main.o    romdata   0x300001    program   0x000001
    .config_300002_main.o    romdata   0x300002    program   0x000001
    .config_300003_main.o    romdata   0x300003    program   0x000001
    .config_300005_main.o    romdata   0x300005    program   0x000001
    .config_300006_main.o    romdata   0x300006    program   0x000001
                MATH_DATA      udata   0x000000       data   0x000010
                 .tmpdata      udata   0x000010       data   0x000008
                DELAYDAT2      udata   0x000018       data   0x000001
                DELAYDAT1      udata   0x000019       data   0x000001
               KERNEL_RAM      udata   0x000060       data   0x000008
               EVENT_MASK      udata   0x000080       data   0x000010
                WAIT_MASK      udata   0x000090       data   0x000010
                STACK_RAM      udata   0x0000a0       data   0x000010
                STATE_RAM      udata   0x0000b0       data   0x000010
                  STACK_C      udata   0x000100       data   0x000100
                  STACK_B      udata   0x000200       data   0x000100
                  STACK_A      udata   0x000300       data   0x000100
          .udata_common.o      udata   0x000400       data   0x0000c8
        .idata_taskdesc.o      idata   0x0004c8       data   0x000044
            .udata_main.o      udata   0x00050c       data   0x000043
       .udata_tsk_task0.o      udata   0x00054f       data   0x000025
       .udata_tsk_task1.o      udata   0x000574       data   0x00000f
       .idata_tsk_task2.o      idata   0x000583       data   0x00000d
            .idata_main.o      idata   0x000590       data   0x00000c
          .udata_c018iz.o      udata   0x00059c       data   0x00000a
       .idata_tsk_task0.o      idata   0x0005a6       data   0x000009
          .idata_common.o      idata   0x0005af       data   0x000009
       .udata_tsk_task2.o      udata   0x0005b8       data   0x000007
         .udata_pro_man.o      udata   0x0005bf       data   0x000005
       .idata_tsk_task1.o      idata   0x0005c4       data   0x000005
           .udata_alarm.o      udata   0x0005c9       data   0x000002
         .udata_int_man.o      udata   0x0005cb       data   0x000001
             .udata_int.o      udata   0x0005cc       data   0x000001
          .idata_c018iz.o      idata   0x0005cd       data   0x000000
          .idata___init.o      idata   0x0005cd       data   0x000000
          .udata___init.o      udata   0x0005cd       data   0x000000
        .idata_fxd1616u.o      idata   0x0005cd       data   0x000000
        .udata_fxd1616u.o      udata   0x0005cd       data   0x000000
        .idata_fxd0808u.o      idata   0x0005cd       data   0x000000
        .udata_fxd0808u.o      udata   0x0005cd       data   0x000000
         .idata_int_man.o      idata   0x0005cd       data   0x000000
             .udata_LCD.o      udata   0x0005cd       data   0x000000
             .idata_LCD.o      idata   0x0005cd       data   0x000000
             .idata_int.o      idata   0x0005cd       data   0x000000
        .idata_even_man.o      idata   0x0005cd       data   0x000000
        .udata_even_man.o      udata   0x0005cd       data   0x000000
           .idata_alarm.o      idata   0x0005cd       data   0x000000
        .udata_taskdesc.o      udata   0x0005cd       data   0x000000
         .idata_pro_man.o      idata   0x0005cd       data   0x000000
                   .stack      udata   0x000700       data   0x000074
            SFR_UNBANKED0      udata   0x000f62       data   0x00009e



                              Program Memory Usage 
                               Start         End      
                           ---------   ---------      
                            0x000000    0x00000d      
                            0x000018    0x00001d      
                            0x000050    0x000075      
                            0x000100    0x001c7b      
                            0x002000    0x002da4      
                            0x003000    0x0032fd      
                            0x003300    0x0033fe      
                            0x003400    0x003405      
                            0x300001    0x300003      
                            0x300005    0x300006      
            11619 out of 132114 program addresses used, program memory utilization is 8%



                              Symbols - Sorted by Name
                     Name    Address   Location    Storage File                     
                ---------  ---------  ---------  --------- ---------                
             ActivateTask   0x00034a    program     extern c:\PICos18_v2_10\Kernel\pro_man.c
               AddOneTick   0x0011f6    program     extern c:\PICos18_v2_10\Kernel\alarm.c
              CancelAlarm   0x000dd0    program     extern c:\PICos18_v2_10\Kernel\alarm.c
                ChainTask   0x000524    program     extern c:\PICos18_v2_10\Kernel\pro_man.c
               ClearEvent   0x0015ec    program     extern c:\PICos18_v2_10\Kernel\even_man.c
           ClearLCDScreen   0x002b5c    program     extern /home/bs05/e2237709/Desktop/embed/THE4.X/LCD.c
                   D10K_1   0x0032dc    program     static C:\MCC18\v3_39\src\traditional\delays\d10ktcyx.asm
                    D10Kl   0x0032e8    program     static C:\MCC18\v3_39\src\traditional\delays\d10ktcyx.asm
                    D10Kx   0x0032da    program     static C:\MCC18\v3_39\src\traditional\delays\d10ktcyx.asm
                    D1K_1   0x002ce6    program     static C:\MCC18\v3_39\src\traditional\delays\d1ktcyx.asm
                     D1Kx   0x002ce4    program     static C:\MCC18\v3_39\src\traditional\delays\d1ktcyx.asm
             Delay10KTCYx   0x0032d0    program     extern C:\MCC18\v3_39\src\traditional\delays\d10ktcyx.asm
              Delay1KTCYx   0x002cda    program     extern C:\MCC18\v3_39\src\traditional\delays\d1ktcyx.asm
     DisableAllInterrupts   0x001884    program     extern c:\PICos18_v2_10\Kernel\int_man.c
      EnableAllInterrupts   0x00187e    program     extern c:\PICos18_v2_10\Kernel\int_man.c
                 EnterISR   0x00189e    program     extern c:\PICos18_v2_10\Kernel\int_man.c
                ErrorHook   0x00329c    program     extern /home/bs05/e2237709/Desktop/embed/THE4.X/main.c
                 FXD0808U   0x002d1a    program     extern C:\MCC18\v3_39\src\traditional\math\fxd0808u.c
                 FXD1616U   0x002c8e    program     extern C:\MCC18\v3_39\src\traditional\math\fxd1616u.c
 GetActiveApplicationMode   0x000690    program     extern c:\PICos18_v2_10\Kernel\pro_man.c
                 GetAlarm   0x000d1a    program     extern c:\PICos18_v2_10\Kernel\alarm.c
             GetAlarmBase   0x000e30    program     extern c:\PICos18_v2_10\Kernel\alarm.c
          GetCounterValue   0x001164    program     extern c:\PICos18_v2_10\Kernel\alarm.c
                 GetEvent   0x0016b2    program     extern c:\PICos18_v2_10\Kernel\even_man.c
              GetPriority   0x0001bc    program     extern c:\PICos18_v2_10\Kernel\pro_man.c
              GetResource   0x0007d2    program     extern c:\PICos18_v2_10\Kernel\pro_man.c
                GetTaskID   0x000266    program     extern c:\PICos18_v2_10\Kernel\pro_man.c
             GetTaskState   0x0002b8    program     extern c:\PICos18_v2_10\Kernel\pro_man.c
               IncCounter   0x000e94    program     extern c:\PICos18_v2_10\Kernel\alarm.c
                     Init   0x003190    program     extern /home/bs05/e2237709/Desktop/embed/THE4.X/main.c
                  InitLCD   0x002ab2    program     extern /home/bs05/e2237709/Desktop/embed/THE4.X/LCD.c
            InitLCDForMap   0x003166    program     extern /home/bs05/e2237709/Desktop/embed/THE4.X/main.c
         InterruptVectorH   0x003300    program     extern /home/bs05/e2237709/Desktop/embed/THE4.X/int.c
         InterruptVectorL   0x003000    program     extern /home/bs05/e2237709/Desktop/embed/THE4.X/int.c
       Interrupt_high_vec   0x000008    program     extern /home/bs05/e2237709/Desktop/embed/THE4.X/int.c
        Interrupt_low_vec   0x000018    program     extern /home/bs05/e2237709/Desktop/embed/THE4.X/int.c
                 LeaveISR   0x0018a8    program     extern c:\PICos18_v2_10\Kernel\int_man.c
                 Organize   0x000752    program     extern c:\PICos18_v2_10\Kernel\pro_man.c
             PostTaskHook   0x0032a0    program     extern /home/bs05/e2237709/Desktop/embed/THE4.X/main.c
              PreTaskHook   0x00329e    program     extern /home/bs05/e2237709/Desktop/embed/THE4.X/main.c
          ReleaseResource   0x0008ea    program     extern c:\PICos18_v2_10\Kernel\pro_man.c
      ResumeAllInterrupts   0x00188a    program     extern c:\PICos18_v2_10\Kernel\int_man.c
       ResumeOSInterrupts   0x001896    program     extern c:\PICos18_v2_10\Kernel\int_man.c
                 Schedule   0x0005f2    program     extern c:\PICos18_v2_10\Kernel\pro_man.c
              SetAbsAlarm   0x000b8e    program     extern c:\PICos18_v2_10\Kernel\alarm.c
                 SetEvent   0x0014be    program     extern c:\PICos18_v2_10\Kernel\even_man.c
              SetPriority   0x000100    program     extern c:\PICos18_v2_10\Kernel\pro_man.c
              SetRelAlarm   0x0009c0    program     extern c:\PICos18_v2_10\Kernel\alarm.c
             ShutdownHook   0x00329a    program     extern /home/bs05/e2237709/Desktop/embed/THE4.X/main.c
               ShutdownOS   0x000736    program     extern c:\PICos18_v2_10\Kernel\pro_man.c
                  StartOS   0x000698    program     extern c:\PICos18_v2_10\Kernel\pro_man.c
              StartupHook   0x003298    program     extern /home/bs05/e2237709/Desktop/embed/THE4.X/main.c
     SuspendAllInterrupts   0x001890    program     extern c:\PICos18_v2_10\Kernel\int_man.c
      SuspendOSInterrupts   0x00189a    program     extern c:\PICos18_v2_10\Kernel\int_man.c
                    TASK0   0x002bbc    program     extern /home/bs05/e2237709/Desktop/embed/THE4.X/tsk_task0.c
                    TASK1   0x0024ac    program     extern /home/bs05/e2237709/Desktop/embed/THE4.X/tsk_task1.c
                    TASK2   0x00237a    program     extern /home/bs05/e2237709/Desktop/embed/THE4.X/tsk_task2.c
            TerminateTask   0x00043a    program     extern c:\PICos18_v2_10\Kernel\pro_man.c
          ToggleEpinOfLCD   0x002a90    program     extern /home/bs05/e2237709/Desktop/embed/THE4.X/LCD.c
                WaitEvent   0x00177a    program     extern c:\PICos18_v2_10\Kernel\even_man.c
        WriteCommandToLCD   0x002aa6    program     extern /home/bs05/e2237709/Desktop/embed/THE4.X/LCD.c
           WriteDataToLCD   0x002aac    program     extern /home/bs05/e2237709/Desktop/embed/THE4.X/LCD.c
         WriteStringToLCD   0x002b26    program     extern /home/bs05/e2237709/Desktop/embed/THE4.X/LCD.c
                _17_found   0x001a8c    program     static c:\PICos18_v2_10\Kernel\kernel.asm
          _17_matchTaskID   0x001a78    program     static c:\PICos18_v2_10\Kernel\kernel.asm
        _17_nextTaskEntry   0x001a82    program     static c:\PICos18_v2_10\Kernel\kernel.asm
                _25_found   0x001b9c    program     static c:\PICos18_v2_10\Kernel\kernel.asm
          _25_matchTaskID   0x001b88    program     static c:\PICos18_v2_10\Kernel\kernel.asm
        _25_nextTaskEntry   0x001b92    program     static c:\PICos18_v2_10\Kernel\kernel.asm
       _30_nextTableEntry   0x001bf0    program     static c:\PICos18_v2_10\Kernel\kernel.asm
       _32_nextTableEntry   0x001c14    program     static c:\PICos18_v2_10\Kernel\kernel.asm
                _34_found   0x001c5e    program     static c:\PICos18_v2_10\Kernel\kernel.asm
          _34_matchTaskID   0x001c4a    program     static c:\PICos18_v2_10\Kernel\kernel.asm
        _34_nextTaskEntry   0x001c54    program     static c:\PICos18_v2_10\Kernel\kernel.asm
       _D10KTCYXCODE_0010   0x0032e0    program     static C:\MCC18\v3_39\src\traditional\delays\d10ktcyx.asm
       _D10KTCYXCODE_001C   0x0032ec    program     static C:\MCC18\v3_39\src\traditional\delays\d10ktcyx.asm
        _D1KTCYXCODE_0010   0x002cea    program     static C:\MCC18\v3_39\src\traditional\delays\d1ktcyx.asm
        _D1KTCYXCODE_0016   0x002cf0    program     static C:\MCC18\v3_39\src\traditional\delays\d1ktcyx.asm
 _RoundRobin4SamePriority   0x001a0c    program     static c:\PICos18_v2_10\Kernel\kernel.asm
         ___else_lbl00031   0x0004e0    program     static                          
          ___for_lbl00028   0x000504    program     static                          
          ___for_lbl00029   0x000508    program     static                          
          ___for_lbl00033   0x00045a    program     static                          
          ___for_lbl00035   0x0005cc    program     static                          
          ___for_lbl00036   0x0005d0    program     static                          
          ___for_lbl00039   0x000544    program     static                          
           ___if_lbl00030   0x0004fa    program     static                          
           ___if_lbl00032   0x0004fa    program     static                          
           ___if_lbl00037   0x000580    program     static                          
           ___if_lbl00038   0x0005c2    program     static                          
           ___if_lbl00041   0x000602    program     static                          
           ___if_lbl00046   0x000686    program     static                          
       ___return_lbl00000   0x00001c    program     static                          
       ___return_lbl00000   0x000004    program     static                          
       ___return_lbl00000   0x002cb8    program     static                          
       ___return_lbl00000   0x002d34    program     static                          
       ___return_lbl00001   0x002cd8    program     static                          
       ___return_lbl00001   0x00000c    program     static                          
       ___return_lbl00002   0x0033f8    program     static                          
       ___return_lbl00014   0x003404    program     static                          
       ___return_lbl00027   0x00050c    program     static                          
       ___return_lbl00034   0x0005da    program     static                          
       ___return_lbl00040   0x00068e    program     static                          
       ___return_lbl00048   0x00072e    program     static                          
       ___return_lbl00054   0x0007d0    program     static                          
        ___while_lbl00042   0x000648    program     static                          
        ___while_lbl00043   0x000656    program     static                          
        ___while_lbl00044   0x00065a    program     static                          
        ___while_lbl00045   0x000670    program     static                          
        ___while_lbl00049   0x0006dc    program     static                          
        ___while_lbl00050   0x0006ea    program     static                          
        ___while_lbl00051   0x0006ee    program     static                          
        ___while_lbl00052   0x000704    program     static                          
        ___while_lbl00055   0x00078e    program     static                          
        ___while_lbl00056   0x00079c    program     static                          
        ___while_lbl00057   0x0007a0    program     static                          
        ___while_lbl00058   0x0007b6    program     static                          
               __config_0   0x300001    program     static /home/bs05/e2237709/Desktop/embed/THE4.X/main.c
               __config_1   0x300002    program     static /home/bs05/e2237709/Desktop/embed/THE4.X/main.c
               __config_2   0x300003    program     static /home/bs05/e2237709/Desktop/embed/THE4.X/main.c
               __config_3   0x300005    program     static /home/bs05/e2237709/Desktop/embed/THE4.X/main.c
               __config_4   0x300006    program     static /home/bs05/e2237709/Desktop/embed/THE4.X/main.c
                   __init   0x000006    program     extern C:\MCC18\v3_39\src\traditional\stdclib\__init.c
                   __pa_0   0x00313a    program     static /home/bs05/e2237709/Desktop/embed/THE4.X/int.c
                   __pa_0   0x002b66    program     static /home/bs05/e2237709/Desktop/embed/THE4.X/LCD.c
                   __pa_0   0x002c70    program     static /home/bs05/e2237709/Desktop/embed/THE4.X/tsk_task0.c
                   __pa_0   0x0023f2    program     static /home/bs05/e2237709/Desktop/embed/THE4.X/tsk_task2.c
                   __pa_0   0x0027ec    program     static /home/bs05/e2237709/Desktop/embed/THE4.X/tsk_task1.c
                   __pa_0   0x002a14    program     static /home/bs05/e2237709/Desktop/embed/THE4.X/common.c
                   __pa_0   0x0032a2    program     static /home/bs05/e2237709/Desktop/embed/THE4.X/main.c
                   __pa_1   0x002802    program     static /home/bs05/e2237709/Desktop/embed/THE4.X/tsk_task1.c
                   __pa_1   0x002b94    program     static /home/bs05/e2237709/Desktop/embed/THE4.X/LCD.c
                   __pa_1   0x002a24    program     static /home/bs05/e2237709/Desktop/embed/THE4.X/common.c
                   __pa_1   0x002c7a    program     static /home/bs05/e2237709/Desktop/embed/THE4.X/tsk_task0.c
                   __pa_1   0x003146    program     static /home/bs05/e2237709/Desktop/embed/THE4.X/int.c
                   __pa_1   0x002408    program     static /home/bs05/e2237709/Desktop/embed/THE4.X/tsk_task2.c
                   __pa_1   0x0032b0    program     static /home/bs05/e2237709/Desktop/embed/THE4.X/main.c
                  __pa_10   0x002878    program     static /home/bs05/e2237709/Desktop/embed/THE4.X/tsk_task1.c
                  __pa_11   0x002882    program     static /home/bs05/e2237709/Desktop/embed/THE4.X/tsk_task1.c
                  __pa_12   0x002890    program     static /home/bs05/e2237709/Desktop/embed/THE4.X/tsk_task1.c
                  __pa_13   0x00289c    program     static /home/bs05/e2237709/Desktop/embed/THE4.X/tsk_task1.c
                  __pa_14   0x0028a8    program     static /home/bs05/e2237709/Desktop/embed/THE4.X/tsk_task1.c
                  __pa_15   0x0028b0    program     static /home/bs05/e2237709/Desktop/embed/THE4.X/tsk_task1.c
                  __pa_16   0x0028b8    program     static /home/bs05/e2237709/Desktop/embed/THE4.X/tsk_task1.c
                  __pa_17   0x0028c0    program     static /home/bs05/e2237709/Desktop/embed/THE4.X/tsk_task1.c
                  __pa_18   0x0028c8    program     static /home/bs05/e2237709/Desktop/embed/THE4.X/tsk_task1.c
                   __pa_2   0x002a30    program     static /home/bs05/e2237709/Desktop/embed/THE4.X/common.c
                   __pa_2   0x002b9e    program     static /home/bs05/e2237709/Desktop/embed/THE4.X/LCD.c
                   __pa_2   0x0032ba    program     static /home/bs05/e2237709/Desktop/embed/THE4.X/main.c
                   __pa_2   0x002c84    program     static /home/bs05/e2237709/Desktop/embed/THE4.X/tsk_task0.c
                   __pa_2   0x002810    program     static /home/bs05/e2237709/Desktop/embed/THE4.X/tsk_task1.c
                   __pa_2   0x00241a    program     static /home/bs05/e2237709/Desktop/embed/THE4.X/tsk_task2.c
                   __pa_3   0x0032c6    program     static /home/bs05/e2237709/Desktop/embed/THE4.X/main.c
                   __pa_3   0x00281c    program     static /home/bs05/e2237709/Desktop/embed/THE4.X/tsk_task1.c
                   __pa_3   0x002baa    program     static /home/bs05/e2237709/Desktop/embed/THE4.X/LCD.c
                   __pa_3   0x002444    program     static /home/bs05/e2237709/Desktop/embed/THE4.X/tsk_task2.c
                   __pa_3   0x002a48    program     static /home/bs05/e2237709/Desktop/embed/THE4.X/common.c
                   __pa_4   0x002a58    program     static /home/bs05/e2237709/Desktop/embed/THE4.X/common.c
                   __pa_4   0x00282a    program     static /home/bs05/e2237709/Desktop/embed/THE4.X/tsk_task1.c
                   __pa_4   0x002bb2    program     static /home/bs05/e2237709/Desktop/embed/THE4.X/LCD.c
                   __pa_4   0x002452    program     static /home/bs05/e2237709/Desktop/embed/THE4.X/tsk_task2.c
                   __pa_5   0x002a62    program     static /home/bs05/e2237709/Desktop/embed/THE4.X/common.c
                   __pa_5   0x00283c    program     static /home/bs05/e2237709/Desktop/embed/THE4.X/tsk_task1.c
                   __pa_5   0x00245e    program     static /home/bs05/e2237709/Desktop/embed/THE4.X/tsk_task2.c
                   __pa_6   0x00284e    program     static /home/bs05/e2237709/Desktop/embed/THE4.X/tsk_task1.c
                   __pa_6   0x002a6a    program     static /home/bs05/e2237709/Desktop/embed/THE4.X/common.c
                   __pa_6   0x00246c    program     static /home/bs05/e2237709/Desktop/embed/THE4.X/tsk_task2.c
                   __pa_7   0x002856    program     static /home/bs05/e2237709/Desktop/embed/THE4.X/tsk_task1.c
                   __pa_7   0x002476    program     static /home/bs05/e2237709/Desktop/embed/THE4.X/tsk_task2.c
                   __pa_7   0x002a7c    program     static /home/bs05/e2237709/Desktop/embed/THE4.X/common.c
                   __pa_8   0x002862    program     static /home/bs05/e2237709/Desktop/embed/THE4.X/tsk_task1.c
                   __pa_8   0x00247e    program     static /home/bs05/e2237709/Desktop/embed/THE4.X/tsk_task2.c
                   __pa_8   0x002a86    program     static /home/bs05/e2237709/Desktop/embed/THE4.X/common.c
                   __pa_9   0x00248a    program     static /home/bs05/e2237709/Desktop/embed/THE4.X/tsk_task2.c
                   __pa_9   0x00286e    program     static /home/bs05/e2237709/Desktop/embed/THE4.X/tsk_task1.c
            __zero_memory   0x002cfa    program     extern C:\MCC18\v3_39\src\traditional\proc\p18F8722.asm
              _checkPanic   0x001b50    program     static c:\PICos18_v2_10\Kernel\kernel.asm
                _do_cinit   0x00335c    program     extern C:\MCC18\v3_39\src\traditional\startup\c018iz.c
                   _entry   0x000000    program     extern C:\MCC18\v3_39\src\traditional\startup\c018iz.c
                  _isHook   0x0019dc    program     static c:\PICos18_v2_10\Kernel\kernel.asm
              _kInitBank0   0x0018ca    program     static c:\PICos18_v2_10\Kernel\kernel.asm
      _kInitHardwareStack   0x0018d8    program     static c:\PICos18_v2_10\Kernel\kernel.asm
                  _kernel   0x0018bc    program     extern c:\PICos18_v2_10\Kernel\kernel.asm
_kernelPanicStackOverflow   0x001c0e    program     static c:\PICos18_v2_10\Kernel\kernel.asm
_kernelPanicTrashedByNeighbor   0x001bea    program     static c:\PICos18_v2_10\Kernel\kernel.asm
                  _parser   0x001902    program     static c:\PICos18_v2_10\Kernel\kernel.asm
              _parserInit   0x00191e    program     static c:\PICos18_v2_10\Kernel\kernel.asm
            _parserUpdate   0x001978    program     static c:\PICos18_v2_10\Kernel\kernel.asm
        _parserUpdateDiff   0x00199e    program     static c:\PICos18_v2_10\Kernel\kernel.asm
        _parserUpdateLoop   0x001986    program     static c:\PICos18_v2_10\Kernel\kernel.asm
        _parserUpdateSwap   0x0019a4    program     static c:\PICos18_v2_10\Kernel\kernel.asm
         _parser_organize   0x001972    program     extern c:\PICos18_v2_10\Kernel\kernel.asm
                   _reset   0x003400    program     extern /home/bs05/e2237709/Desktop/embed/THE4.X/int.c
             _restore_ctx   0x001a60    program     extern c:\PICos18_v2_10\Kernel\kernel.asm
             _restore_now   0x001ab0    program     extern c:\PICos18_v2_10\Kernel\kernel.asm
       _restore_start_adr   0x001c36    program     extern c:\PICos18_v2_10\Kernel\kernel.asm
                   _sched   0x0019dc    program     extern c:\PICos18_v2_10\Kernel\kernel.asm
_schedFindRunningTaskEntry   0x0019ec    program     static c:\PICos18_v2_10\Kernel\kernel.asm
       _schedPickNext2Run   0x001a46    program     static c:\PICos18_v2_10\Kernel\kernel.asm
     _schedTaskReadyOrNot   0x001a4c    program     static c:\PICos18_v2_10\Kernel\kernel.asm
 _schedTestEndOfCtrlTable   0x001b3a    program     static c:\PICos18_v2_10\Kernel\kernel.asm
                 _startup   0x002cba    program     extern C:\MCC18\v3_39\src\traditional\startup\c018iz.c
      _testIfSamePriority   0x001a02    program     static c:\PICos18_v2_10\Kernel\kernel.asm
               _whileIdle   0x001b48    program     static c:\PICos18_v2_10\Kernel\kernel.asm
                compare_l   0x002d10    program     static C:\MCC18\v3_39\src\traditional\proc\p18F8722.asm
                copy_loop   0x0033ce    program     static                          
            copy_one_byte   0x0033d4    program     static                          
             dataReceived   0x002998    program     extern /home/bs05/e2237709/Desktop/embed/THE4.X/common.c
              descromarea   0x000050    program     extern /home/bs05/e2237709/Desktop/embed/THE4.X/taskdesc.c
                     done   0x0033f8    program     static                          
             done_copying   0x0033e2    program     static                          
                      end   0x00006d    program     extern /home/bs05/e2237709/Desktop/embed/THE4.X/taskdesc.c
                  endloop   0x002cb4    program     static                          
                  endloop   0x002d30    program     static                          
        fromNumberToAscii   0x002496    program     extern /home/bs05/e2237709/Desktop/embed/THE4.X/tsk_task1.c
             immediat_ret   0x001b18    program     static c:\PICos18_v2_10\Kernel\kernel.asm
            isForwardFree   0x0020b8    program     extern /home/bs05/e2237709/Desktop/embed/THE4.X/tsk_task2.c
               isLeftFree   0x00205c    program     extern /home/bs05/e2237709/Desktop/embed/THE4.X/tsk_task2.c
              isRightFree   0x002000    program     extern /home/bs05/e2237709/Desktop/embed/THE4.X/tsk_task2.c
                     loop   0x002c98    program     static                          
                     loop   0x002d22    program     static                          
                     loop   0x002cce    program     static                          
                   loop_h   0x002d08    program     static C:\MCC18\v3_39\src\traditional\proc\p18F8722.asm
                   loop_l   0x002d12    program     static C:\MCC18\v3_39\src\traditional\proc\p18F8722.asm
                     main   0x003150    program     extern /home/bs05/e2237709/Desktop/embed/THE4.X/main.c
              moveForward   0x002114    program     extern /home/bs05/e2237709/Desktop/embed/THE4.X/tsk_task2.c
        receiveBuffer_pop   0x00293a    program     extern /home/bs05/e2237709/Desktop/embed/THE4.X/common.c
 restoreNextHardwareStack   0x001abc    program     static c:\PICos18_v2_10\Kernel\kernel.asm
   restoreNextTmpdataByte   0x001ad6    program     static c:\PICos18_v2_10\Kernel\kernel.asm
           rom_desc_task0   0x000052    program     extern /home/bs05/e2237709/Desktop/embed/THE4.X/taskdesc.c
           rom_desc_task1   0x00005b    program     extern /home/bs05/e2237709/Desktop/embed/THE4.X/taskdesc.c
           rom_desc_task2   0x000064    program     extern /home/bs05/e2237709/Desktop/embed/THE4.X/taskdesc.c
                     test   0x003376    program     static                          
      transmitBuffer_push   0x0028d0    program     extern /home/bs05/e2237709/Desktop/embed/THE4.X/common.c
             transmitData   0x002910    program     extern /home/bs05/e2237709/Desktop/embed/THE4.X/common.c
                 turnLeft   0x0022da    program     extern /home/bs05/e2237709/Desktop/embed/THE4.X/tsk_task2.c
                turnRight   0x002244    program     extern /home/bs05/e2237709/Desktop/embed/THE4.X/tsk_task2.c
                updateMap   0x0029dc    program     extern /home/bs05/e2237709/Desktop/embed/THE4.X/common.c
               zero_block   0x002d08    program     static C:\MCC18\v3_39\src\traditional\proc\p18F8722.asm
                   ADCON0   0x000fc2       data     extern C:\MCC18\v3_39\src\traditional\proc\p18F8722.asm
               ADCON0bits   0x000fc2       data     extern C:\MCC18\v3_39\src\traditional\proc\p18F8722.asm
                   ADCON1   0x000fc1       data     extern C:\MCC18\v3_39\src\traditional\proc\p18F8722.asm
               ADCON1bits   0x000fc1       data     extern C:\MCC18\v3_39\src\traditional\proc\p18F8722.asm
                   ADCON2   0x000fc0       data     extern C:\MCC18\v3_39\src\traditional\proc\p18F8722.asm
               ADCON2bits   0x000fc0       data     extern C:\MCC18\v3_39\src\traditional\proc\p18F8722.asm
                    ADRES   0x000fc3       data     extern C:\MCC18\v3_39\src\traditional\proc\p18F8722.asm
                   ADRESH   0x000fc4       data     extern C:\MCC18\v3_39\src\traditional\proc\p18F8722.asm
                   ADRESL   0x000fc3       data     extern C:\MCC18\v3_39\src\traditional\proc\p18F8722.asm
              ALARMNUMBER   0x000500       data     extern /home/bs05/e2237709/Desktop/embed/THE4.X/taskdesc.c
               Alarm_list   0x0004dc       data     extern /home/bs05/e2237709/Desktop/embed/THE4.X/taskdesc.c
                  BAUDCON   0x000f7e       data     extern C:\MCC18\v3_39\src\traditional\proc\p18F8722.asm
                 BAUDCON1   0x000f7e       data     extern C:\MCC18\v3_39\src\traditional\proc\p18F8722.asm
             BAUDCON1bits   0x000f7e       data     extern C:\MCC18\v3_39\src\traditional\proc\p18F8722.asm
                 BAUDCON2   0x000f7c       data     extern C:\MCC18\v3_39\src\traditional\proc\p18F8722.asm
             BAUDCON2bits   0x000f7c       data     extern C:\MCC18\v3_39\src\traditional\proc\p18F8722.asm
              BAUDCONbits   0x000f7e       data     extern C:\MCC18\v3_39\src\traditional\proc\p18F8722.asm
                      BSR   0x000fe0       data     extern C:\MCC18\v3_39\src\traditional\proc\p18F8722.asm
                  CCP1CON   0x000fbd       data     extern C:\MCC18\v3_39\src\traditional\proc\p18F8722.asm
              CCP1CONbits   0x000fbd       data     extern C:\MCC18\v3_39\src\traditional\proc\p18F8722.asm
                  CCP2CON   0x000fba       data     extern C:\MCC18\v3_39\src\traditional\proc\p18F8722.asm
              CCP2CONbits   0x000fba       data     extern C:\MCC18\v3_39\src\traditional\proc\p18F8722.asm
                  CCP3CON   0x000fb7       data     extern C:\MCC18\v3_39\src\traditional\proc\p18F8722.asm
              CCP3CONbits   0x000fb7       data     extern C:\MCC18\v3_39\src\traditional\proc\p18F8722.asm
                  CCP4CON   0x000f73       data     extern C:\MCC18\v3_39\src\traditional\proc\p18F8722.asm
              CCP4CONbits   0x000f73       data     extern C:\MCC18\v3_39\src\traditional\proc\p18F8722.asm
                  CCP5CON   0x000f70       data     extern C:\MCC18\v3_39\src\traditional\proc\p18F8722.asm
              CCP5CONbits   0x000f70       data     extern C:\MCC18\v3_39\src\traditional\proc\p18F8722.asm
                    CCPR1   0x000fbe       data     extern C:\MCC18\v3_39\src\traditional\proc\p18F8722.asm
                   CCPR1H   0x000fbf       data     extern C:\MCC18\v3_39\src\traditional\proc\p18F8722.asm
                   CCPR1L   0x000fbe       data     extern C:\MCC18\v3_39\src\traditional\proc\p18F8722.asm
                    CCPR2   0x000fbb       data     extern C:\MCC18\v3_39\src\traditional\proc\p18F8722.asm
                   CCPR2H   0x000fbc       data     extern C:\MCC18\v3_39\src\traditional\proc\p18F8722.asm
                   CCPR2L   0x000fbb       data     extern C:\MCC18\v3_39\src\traditional\proc\p18F8722.asm
                    CCPR3   0x000fb8       data     extern C:\MCC18\v3_39\src\traditional\proc\p18F8722.asm
                   CCPR3H   0x000fb9       data     extern C:\MCC18\v3_39\src\traditional\proc\p18F8722.asm
                   CCPR3L   0x000fb8       data     extern C:\MCC18\v3_39\src\traditional\proc\p18F8722.asm
                    CCPR4   0x000f74       data     extern C:\MCC18\v3_39\src\traditional\proc\p18F8722.asm
                   CCPR4H   0x000f75       data     extern C:\MCC18\v3_39\src\traditional\proc\p18F8722.asm
                   CCPR4L   0x000f74       data     extern C:\MCC18\v3_39\src\traditional\proc\p18F8722.asm
                    CCPR5   0x000f71       data     extern C:\MCC18\v3_39\src\traditional\proc\p18F8722.asm
                   CCPR5H   0x000f72       data     extern C:\MCC18\v3_39\src\traditional\proc\p18F8722.asm
                   CCPR5L   0x000f71       data     extern C:\MCC18\v3_39\src\traditional\proc\p18F8722.asm
                    CMCON   0x000fb4       data     extern C:\MCC18\v3_39\src\traditional\proc\p18F8722.asm
                CMCONbits   0x000fb4       data     extern C:\MCC18\v3_39\src\traditional\proc\p18F8722.asm
            COUNTERNUMBER   0x000501       data     extern /home/bs05/e2237709/Desktop/embed/THE4.X/taskdesc.c
                   CVRCON   0x000fb5       data     extern C:\MCC18\v3_39\src\traditional\proc\p18F8722.asm
               CVRCONbits   0x000fb5       data     extern C:\MCC18\v3_39\src\traditional\proc\p18F8722.asm
           Counter_kernel   0x0004d2       data     extern /home/bs05/e2237709/Desktop/embed/THE4.X/taskdesc.c
             Counter_list   0x0004c8       data     extern /home/bs05/e2237709/Desktop/embed/THE4.X/taskdesc.c
                     DDRA   0x000f92       data     extern C:\MCC18\v3_39\src\traditional\proc\p18F8722.asm
                 DDRAbits   0x000f92       data     extern C:\MCC18\v3_39\src\traditional\proc\p18F8722.asm
                     DDRB   0x000f93       data     extern C:\MCC18\v3_39\src\traditional\proc\p18F8722.asm
                 DDRBbits   0x000f93       data     extern C:\MCC18\v3_39\src\traditional\proc\p18F8722.asm
                     DDRC   0x000f94       data     extern C:\MCC18\v3_39\src\traditional\proc\p18F8722.asm
                 DDRCbits   0x000f94       data     extern C:\MCC18\v3_39\src\traditional\proc\p18F8722.asm
                     DDRD   0x000f95       data     extern C:\MCC18\v3_39\src\traditional\proc\p18F8722.asm
                 DDRDbits   0x000f95       data     extern C:\MCC18\v3_39\src\traditional\proc\p18F8722.asm
                     DDRE   0x000f96       data     extern C:\MCC18\v3_39\src\traditional\proc\p18F8722.asm
                 DDREbits   0x000f96       data     extern C:\MCC18\v3_39\src\traditional\proc\p18F8722.asm
                     DDRF   0x000f97       data     extern C:\MCC18\v3_39\src\traditional\proc\p18F8722.asm
                 DDRFbits   0x000f97       data     extern C:\MCC18\v3_39\src\traditional\proc\p18F8722.asm
                     DDRG   0x000f98       data     extern C:\MCC18\v3_39\src\traditional\proc\p18F8722.asm
                 DDRGbits   0x000f98       data     extern C:\MCC18\v3_39\src\traditional\proc\p18F8722.asm
                     DDRH   0x000f99       data     extern C:\MCC18\v3_39\src\traditional\proc\p18F8722.asm
                 DDRHbits   0x000f99       data     extern C:\MCC18\v3_39\src\traditional\proc\p18F8722.asm
                     DDRJ   0x000f9a       data     extern C:\MCC18\v3_39\src\traditional\proc\p18F8722.asm
                 DDRJbits   0x000f9a       data     extern C:\MCC18\v3_39\src\traditional\proc\p18F8722.asm
            DelayCounter1   0x000019       data     extern C:\MCC18\v3_39\src\traditional\delays\delayd1.asm
            DelayCounter2   0x000018       data     extern C:\MCC18\v3_39\src\traditional\delays\delayd2.asm
                  ECCP1AS   0x000fb6       data     extern C:\MCC18\v3_39\src\traditional\proc\p18F8722.asm
              ECCP1ASbits   0x000fb6       data     extern C:\MCC18\v3_39\src\traditional\proc\p18F8722.asm
                 ECCP1CON   0x000fbd       data     extern C:\MCC18\v3_39\src\traditional\proc\p18F8722.asm
             ECCP1CONbits   0x000fbd       data     extern C:\MCC18\v3_39\src\traditional\proc\p18F8722.asm
                 ECCP1DEL   0x000f79       data     extern C:\MCC18\v3_39\src\traditional\proc\p18F8722.asm
             ECCP1DELbits   0x000f79       data     extern C:\MCC18\v3_39\src\traditional\proc\p18F8722.asm
                  ECCP2AS   0x000f68       data     extern C:\MCC18\v3_39\src\traditional\proc\p18F8722.asm
              ECCP2ASbits   0x000f68       data     extern C:\MCC18\v3_39\src\traditional\proc\p18F8722.asm
                 ECCP2CON   0x000fba       data     extern C:\MCC18\v3_39\src\traditional\proc\p18F8722.asm
             ECCP2CONbits   0x000fba       data     extern C:\MCC18\v3_39\src\traditional\proc\p18F8722.asm
                 ECCP2DEL   0x000f67       data     extern C:\MCC18\v3_39\src\traditional\proc\p18F8722.asm
             ECCP2DELbits   0x000f67       data     extern C:\MCC18\v3_39\src\traditional\proc\p18F8722.asm
                  ECCP3AS   0x000f6a       data     extern C:\MCC18\v3_39\src\traditional\proc\p18F8722.asm
              ECCP3ASbits   0x000f6a       data     extern C:\MCC18\v3_39\src\traditional\proc\p18F8722.asm
                 ECCP3CON   0x000fb7       data     extern C:\MCC18\v3_39\src\traditional\proc\p18F8722.asm
             ECCP3CONbits   0x000fb7       data     extern C:\MCC18\v3_39\src\traditional\proc\p18F8722.asm
                 ECCP3DEL   0x000f69       data     extern C:\MCC18\v3_39\src\traditional\proc\p18F8722.asm
             ECCP3DELbits   0x000f69       data     extern C:\MCC18\v3_39\src\traditional\proc\p18F8722.asm
                    EEADR   0x000fa9       data     extern C:\MCC18\v3_39\src\traditional\proc\p18F8722.asm
                   EEADRH   0x000faa       data     extern C:\MCC18\v3_39\src\traditional\proc\p18F8722.asm
                   EECON1   0x000fa6       data     extern C:\MCC18\v3_39\src\traditional\proc\p18F8722.asm
               EECON1bits   0x000fa6       data     extern C:\MCC18\v3_39\src\traditional\proc\p18F8722.asm
                   EECON2   0x000fa7       data     extern C:\MCC18\v3_39\src\traditional\proc\p18F8722.asm
                   EEDATA   0x000fa8       data     extern C:\MCC18\v3_39\src\traditional\proc\p18F8722.asm
                     FSR0   0x000fe9       data     extern C:\MCC18\v3_39\src\traditional\proc\p18F8722.asm
                    FSR0H   0x000fea       data     extern C:\MCC18\v3_39\src\traditional\proc\p18F8722.asm
                    FSR0L   0x000fe9       data     extern C:\MCC18\v3_39\src\traditional\proc\p18F8722.asm
                     FSR1   0x000fe1       data     extern C:\MCC18\v3_39\src\traditional\proc\p18F8722.asm
                    FSR1H   0x000fe2       data     extern C:\MCC18\v3_39\src\traditional\proc\p18F8722.asm
               FSR1H_MAIN   0x0005bf       data     extern c:\PICos18_v2_10\Kernel\pro_man.c
                    FSR1L   0x000fe1       data     extern C:\MCC18\v3_39\src\traditional\proc\p18F8722.asm
               FSR1L_MAIN   0x0005c0       data     extern c:\PICos18_v2_10\Kernel\pro_man.c
                     FSR2   0x000fd9       data     extern C:\MCC18\v3_39\src\traditional\proc\p18F8722.asm
                    FSR2H   0x000fda       data     extern C:\MCC18\v3_39\src\traditional\proc\p18F8722.asm
                    FSR2L   0x000fd9       data     extern C:\MCC18\v3_39\src\traditional\proc\p18F8722.asm
                  HLVDCON   0x000fd2       data     extern C:\MCC18\v3_39\src\traditional\proc\p18F8722.asm
              HLVDCONbits   0x000fd2       data     extern C:\MCC18\v3_39\src\traditional\proc\p18F8722.asm
                    INDF0   0x000fef       data     extern C:\MCC18\v3_39\src\traditional\proc\p18F8722.asm
                    INDF1   0x000fe7       data     extern C:\MCC18\v3_39\src\traditional\proc\p18F8722.asm
                    INDF2   0x000fdf       data     extern C:\MCC18\v3_39\src\traditional\proc\p18F8722.asm
                   INTCON   0x000ff2       data     extern C:\MCC18\v3_39\src\traditional\proc\p18F8722.asm
                  INTCON2   0x000ff1       data     extern C:\MCC18\v3_39\src\traditional\proc\p18F8722.asm
              INTCON2bits   0x000ff1       data     extern C:\MCC18\v3_39\src\traditional\proc\p18F8722.asm
                  INTCON3   0x000ff0       data     extern C:\MCC18\v3_39\src\traditional\proc\p18F8722.asm
              INTCON3bits   0x000ff0       data     extern C:\MCC18\v3_39\src\traditional\proc\p18F8722.asm
               INTCONbits   0x000ff2       data     extern C:\MCC18\v3_39\src\traditional\proc\p18F8722.asm
                     IPR1   0x000f9f       data     extern C:\MCC18\v3_39\src\traditional\proc\p18F8722.asm
                 IPR1bits   0x000f9f       data     extern C:\MCC18\v3_39\src\traditional\proc\p18F8722.asm
                     IPR2   0x000fa2       data     extern C:\MCC18\v3_39\src\traditional\proc\p18F8722.asm
                 IPR2bits   0x000fa2       data     extern C:\MCC18\v3_39\src\traditional\proc\p18F8722.asm
                     IPR3   0x000fa5       data     extern C:\MCC18\v3_39\src\traditional\proc\p18F8722.asm
                 IPR3bits   0x000fa5       data     extern C:\MCC18\v3_39\src\traditional\proc\p18F8722.asm
                     LATA   0x000f89       data     extern C:\MCC18\v3_39\src\traditional\proc\p18F8722.asm
                 LATAbits   0x000f89       data     extern C:\MCC18\v3_39\src\traditional\proc\p18F8722.asm
                     LATB   0x000f8a       data     extern C:\MCC18\v3_39\src\traditional\proc\p18F8722.asm
                 LATBbits   0x000f8a       data     extern C:\MCC18\v3_39\src\traditional\proc\p18F8722.asm
                     LATC   0x000f8b       data     extern C:\MCC18\v3_39\src\traditional\proc\p18F8722.asm
                 LATCbits   0x000f8b       data     extern C:\MCC18\v3_39\src\traditional\proc\p18F8722.asm
                     LATD   0x000f8c       data     extern C:\MCC18\v3_39\src\traditional\proc\p18F8722.asm
                 LATDbits   0x000f8c       data     extern C:\MCC18\v3_39\src\traditional\proc\p18F8722.asm
                     LATE   0x000f8d       data     extern C:\MCC18\v3_39\src\traditional\proc\p18F8722.asm
                 LATEbits   0x000f8d       data     extern C:\MCC18\v3_39\src\traditional\proc\p18F8722.asm
                     LATF   0x000f8e       data     extern C:\MCC18\v3_39\src\traditional\proc\p18F8722.asm
                 LATFbits   0x000f8e       data     extern C:\MCC18\v3_39\src\traditional\proc\p18F8722.asm
                     LATG   0x000f8f       data     extern C:\MCC18\v3_39\src\traditional\proc\p18F8722.asm
                 LATGbits   0x000f8f       data     extern C:\MCC18\v3_39\src\traditional\proc\p18F8722.asm
                     LATH   0x000f90       data     extern C:\MCC18\v3_39\src\traditional\proc\p18F8722.asm
                 LATHbits   0x000f90       data     extern C:\MCC18\v3_39\src\traditional\proc\p18F8722.asm
                     LATJ   0x000f91       data     extern C:\MCC18\v3_39\src\traditional\proc\p18F8722.asm
                 LATJbits   0x000f91       data     extern C:\MCC18\v3_39\src\traditional\proc\p18F8722.asm
                   LVDCON   0x000fd2       data     extern C:\MCC18\v3_39\src\traditional\proc\p18F8722.asm
               LVDCONbits   0x000fd2       data     extern C:\MCC18\v3_39\src\traditional\proc\p18F8722.asm
                   MEMCON   0x000f9c       data     extern C:\MCC18\v3_39\src\traditional\proc\p18F8722.asm
               MEMCONbits   0x000f9c       data     extern C:\MCC18\v3_39\src\traditional\proc\p18F8722.asm
                   OSCCON   0x000fd3       data     extern C:\MCC18\v3_39\src\traditional\proc\p18F8722.asm
               OSCCONbits   0x000fd3       data     extern C:\MCC18\v3_39\src\traditional\proc\p18F8722.asm
                  OSCTUNE   0x000f9b       data     extern C:\MCC18\v3_39\src\traditional\proc\p18F8722.asm
              OSCTUNEbits   0x000f9b       data     extern C:\MCC18\v3_39\src\traditional\proc\p18F8722.asm
                       PC   0x000ff9       data     extern C:\MCC18\v3_39\src\traditional\proc\p18F8722.asm
                      PCL   0x000ff9       data     extern C:\MCC18\v3_39\src\traditional\proc\p18F8722.asm
                   PCLATH   0x000ffa       data     extern C:\MCC18\v3_39\src\traditional\proc\p18F8722.asm
                   PCLATU   0x000ffb       data     extern C:\MCC18\v3_39\src\traditional\proc\p18F8722.asm
                     PIE1   0x000f9d       data     extern C:\MCC18\v3_39\src\traditional\proc\p18F8722.asm
                 PIE1bits   0x000f9d       data     extern C:\MCC18\v3_39\src\traditional\proc\p18F8722.asm
                     PIE2   0x000fa0       data     extern C:\MCC18\v3_39\src\traditional\proc\p18F8722.asm
                 PIE2bits   0x000fa0       data     extern C:\MCC18\v3_39\src\traditional\proc\p18F8722.asm
                     PIE3   0x000fa3       data     extern C:\MCC18\v3_39\src\traditional\proc\p18F8722.asm
                 PIE3bits   0x000fa3       data     extern C:\MCC18\v3_39\src\traditional\proc\p18F8722.asm
                     PIR1   0x000f9e       data     extern C:\MCC18\v3_39\src\traditional\proc\p18F8722.asm
                 PIR1bits   0x000f9e       data     extern C:\MCC18\v3_39\src\traditional\proc\p18F8722.asm
                     PIR2   0x000fa1       data     extern C:\MCC18\v3_39\src\traditional\proc\p18F8722.asm
                 PIR2bits   0x000fa1       data     extern C:\MCC18\v3_39\src\traditional\proc\p18F8722.asm
                     PIR3   0x000fa4       data     extern C:\MCC18\v3_39\src\traditional\proc\p18F8722.asm
                 PIR3bits   0x000fa4       data     extern C:\MCC18\v3_39\src\traditional\proc\p18F8722.asm
                   PLUSW0   0x000feb       data     extern C:\MCC18\v3_39\src\traditional\proc\p18F8722.asm
                   PLUSW1   0x000fe3       data     extern C:\MCC18\v3_39\src\traditional\proc\p18F8722.asm
                   PLUSW2   0x000fdb       data     extern C:\MCC18\v3_39\src\traditional\proc\p18F8722.asm
                    PORTA   0x000f80       data     extern C:\MCC18\v3_39\src\traditional\proc\p18F8722.asm
                PORTAbits   0x000f80       data     extern C:\MCC18\v3_39\src\traditional\proc\p18F8722.asm
                    PORTB   0x000f81       data     extern C:\MCC18\v3_39\src\traditional\proc\p18F8722.asm
                PORTBbits   0x000f81       data     extern C:\MCC18\v3_39\src\traditional\proc\p18F8722.asm
                    PORTC   0x000f82       data     extern C:\MCC18\v3_39\src\traditional\proc\p18F8722.asm
                PORTCbits   0x000f82       data     extern C:\MCC18\v3_39\src\traditional\proc\p18F8722.asm
                    PORTD   0x000f83       data     extern C:\MCC18\v3_39\src\traditional\proc\p18F8722.asm
                PORTDbits   0x000f83       data     extern C:\MCC18\v3_39\src\traditional\proc\p18F8722.asm
                    PORTE   0x000f84       data     extern C:\MCC18\v3_39\src\traditional\proc\p18F8722.asm
                PORTEbits   0x000f84       data     extern C:\MCC18\v3_39\src\traditional\proc\p18F8722.asm
                    PORTF   0x000f85       data     extern C:\MCC18\v3_39\src\traditional\proc\p18F8722.asm
                PORTFbits   0x000f85       data     extern C:\MCC18\v3_39\src\traditional\proc\p18F8722.asm
                    PORTG   0x000f86       data     extern C:\MCC18\v3_39\src\traditional\proc\p18F8722.asm
                PORTGbits   0x000f86       data     extern C:\MCC18\v3_39\src\traditional\proc\p18F8722.asm
                    PORTH   0x000f87       data     extern C:\MCC18\v3_39\src\traditional\proc\p18F8722.asm
                PORTHbits   0x000f87       data     extern C:\MCC18\v3_39\src\traditional\proc\p18F8722.asm
                    PORTJ   0x000f88       data     extern C:\MCC18\v3_39\src\traditional\proc\p18F8722.asm
                PORTJbits   0x000f88       data     extern C:\MCC18\v3_39\src\traditional\proc\p18F8722.asm
                 POSTDEC0   0x000fed       data     extern C:\MCC18\v3_39\src\traditional\proc\p18F8722.asm
                 POSTDEC1   0x000fe5       data     extern C:\MCC18\v3_39\src\traditional\proc\p18F8722.asm
                 POSTDEC2   0x000fdd       data     extern C:\MCC18\v3_39\src\traditional\proc\p18F8722.asm
                 POSTINC0   0x000fee       data     extern C:\MCC18\v3_39\src\traditional\proc\p18F8722.asm
                 POSTINC1   0x000fe6       data     extern C:\MCC18\v3_39\src\traditional\proc\p18F8722.asm
                 POSTINC2   0x000fde       data     extern C:\MCC18\v3_39\src\traditional\proc\p18F8722.asm
                      PR2   0x000fcb       data     extern C:\MCC18\v3_39\src\traditional\proc\p18F8722.asm
                      PR4   0x000f77       data     extern C:\MCC18\v3_39\src\traditional\proc\p18F8722.asm
                  PREINC0   0x000fec       data     extern C:\MCC18\v3_39\src\traditional\proc\p18F8722.asm
                  PREINC1   0x000fe4       data     extern C:\MCC18\v3_39\src\traditional\proc\p18F8722.asm
                  PREINC2   0x000fdc       data     extern C:\MCC18\v3_39\src\traditional\proc\p18F8722.asm
                     PROD   0x000ff3       data     extern C:\MCC18\v3_39\src\traditional\proc\p18F8722.asm
                    PRODH   0x000ff4       data     extern C:\MCC18\v3_39\src\traditional\proc\p18F8722.asm
                    PRODL   0x000ff3       data     extern C:\MCC18\v3_39\src\traditional\proc\p18F8722.asm
                   PSPCON   0x000fb0       data     extern C:\MCC18\v3_39\src\traditional\proc\p18F8722.asm
               PSPCONbits   0x000fb0       data     extern C:\MCC18\v3_39\src\traditional\proc\p18F8722.asm
                     RCON   0x000fd0       data     extern C:\MCC18\v3_39\src\traditional\proc\p18F8722.asm
                 RCONbits   0x000fd0       data     extern C:\MCC18\v3_39\src\traditional\proc\p18F8722.asm
                    RCREG   0x000fae       data     extern C:\MCC18\v3_39\src\traditional\proc\p18F8722.asm
                   RCREG1   0x000fae       data     extern C:\MCC18\v3_39\src\traditional\proc\p18F8722.asm
                   RCREG2   0x000f6e       data     extern C:\MCC18\v3_39\src\traditional\proc\p18F8722.asm
                    RCSTA   0x000fab       data     extern C:\MCC18\v3_39\src\traditional\proc\p18F8722.asm
                   RCSTA1   0x000fab       data     extern C:\MCC18\v3_39\src\traditional\proc\p18F8722.asm
               RCSTA1bits   0x000fab       data     extern C:\MCC18\v3_39\src\traditional\proc\p18F8722.asm
                   RCSTA2   0x000f6b       data     extern C:\MCC18\v3_39\src\traditional\proc\p18F8722.asm
               RCSTA2bits   0x000f6b       data     extern C:\MCC18\v3_39\src\traditional\proc\p18F8722.asm
                RCSTAbits   0x000fab       data     extern C:\MCC18\v3_39\src\traditional\proc\p18F8722.asm
           RESOURCENUMBER   0x000509       data     extern /home/bs05/e2237709/Desktop/embed/THE4.X/taskdesc.c
            Resource_list   0x000506       data     extern /home/bs05/e2237709/Desktop/embed/THE4.X/taskdesc.c
                     SIGN   0x00000e       data     extern C:\MCC18\v3_39\src\traditional\math\cmath18.asm
                    SPBRG   0x000faf       data     extern C:\MCC18\v3_39\src\traditional\proc\p18F8722.asm
                   SPBRG1   0x000faf       data     extern C:\MCC18\v3_39\src\traditional\proc\p18F8722.asm
                   SPBRG2   0x000f6f       data     extern C:\MCC18\v3_39\src\traditional\proc\p18F8722.asm
                   SPBRGH   0x000f7f       data     extern C:\MCC18\v3_39\src\traditional\proc\p18F8722.asm
                  SPBRGH1   0x000f7f       data     extern C:\MCC18\v3_39\src\traditional\proc\p18F8722.asm
                  SPBRGH2   0x000f7d       data     extern C:\MCC18\v3_39\src\traditional\proc\p18F8722.asm
                  SSP1ADD   0x000fc8       data     extern C:\MCC18\v3_39\src\traditional\proc\p18F8722.asm
                  SSP1BUF   0x000fc9       data     extern C:\MCC18\v3_39\src\traditional\proc\p18F8722.asm
                 SSP1CON1   0x000fc6       data     extern C:\MCC18\v3_39\src\traditional\proc\p18F8722.asm
             SSP1CON1bits   0x000fc6       data     extern C:\MCC18\v3_39\src\traditional\proc\p18F8722.asm
                 SSP1CON2   0x000fc5       data     extern C:\MCC18\v3_39\src\traditional\proc\p18F8722.asm
             SSP1CON2bits   0x000fc5       data     extern C:\MCC18\v3_39\src\traditional\proc\p18F8722.asm
                 SSP1STAT   0x000fc7       data     extern C:\MCC18\v3_39\src\traditional\proc\p18F8722.asm
             SSP1STATbits   0x000fc7       data     extern C:\MCC18\v3_39\src\traditional\proc\p18F8722.asm
                  SSP2ADD   0x000f65       data     extern C:\MCC18\v3_39\src\traditional\proc\p18F8722.asm
                  SSP2BUF   0x000f66       data     extern C:\MCC18\v3_39\src\traditional\proc\p18F8722.asm
                 SSP2CON1   0x000f63       data     extern C:\MCC18\v3_39\src\traditional\proc\p18F8722.asm
             SSP2CON1bits   0x000f63       data     extern C:\MCC18\v3_39\src\traditional\proc\p18F8722.asm
                 SSP2CON2   0x000f62       data     extern C:\MCC18\v3_39\src\traditional\proc\p18F8722.asm
             SSP2CON2bits   0x000f62       data     extern C:\MCC18\v3_39\src\traditional\proc\p18F8722.asm
                 SSP2STAT   0x000f64       data     extern C:\MCC18\v3_39\src\traditional\proc\p18F8722.asm
             SSP2STATbits   0x000f64       data     extern C:\MCC18\v3_39\src\traditional\proc\p18F8722.asm
                   SSPADD   0x000fc8       data     extern C:\MCC18\v3_39\src\traditional\proc\p18F8722.asm
                   SSPBUF   0x000fc9       data     extern C:\MCC18\v3_39\src\traditional\proc\p18F8722.asm
                  SSPCON1   0x000fc6       data     extern C:\MCC18\v3_39\src\traditional\proc\p18F8722.asm
              SSPCON1bits   0x000fc6       data     extern C:\MCC18\v3_39\src\traditional\proc\p18F8722.asm
                  SSPCON2   0x000fc5       data     extern C:\MCC18\v3_39\src\traditional\proc\p18F8722.asm
              SSPCON2bits   0x000fc5       data     extern C:\MCC18\v3_39\src\traditional\proc\p18F8722.asm
                  SSPSTAT   0x000fc7       data     extern C:\MCC18\v3_39\src\traditional\proc\p18F8722.asm
              SSPSTATbits   0x000fc7       data     extern C:\MCC18\v3_39\src\traditional\proc\p18F8722.asm
                   STATUS   0x000fd8       data     extern C:\MCC18\v3_39\src\traditional\proc\p18F8722.asm
               STATUSbits   0x000fd8       data     extern C:\MCC18\v3_39\src\traditional\proc\p18F8722.asm
                   STKPTR   0x000ffc       data     extern C:\MCC18\v3_39\src\traditional\proc\p18F8722.asm
               STKPTRbits   0x000ffc       data     extern C:\MCC18\v3_39\src\traditional\proc\p18F8722.asm
             SelectedMode   0x00054e       data     extern /home/bs05/e2237709/Desktop/embed/THE4.X/main.c
                    T0CON   0x000fd5       data     extern C:\MCC18\v3_39\src\traditional\proc\p18F8722.asm
                T0CONbits   0x000fd5       data     extern C:\MCC18\v3_39\src\traditional\proc\p18F8722.asm
                    T1CON   0x000fcd       data     extern C:\MCC18\v3_39\src\traditional\proc\p18F8722.asm
                T1CONbits   0x000fcd       data     extern C:\MCC18\v3_39\src\traditional\proc\p18F8722.asm
                    T2CON   0x000fca       data     extern C:\MCC18\v3_39\src\traditional\proc\p18F8722.asm
                T2CONbits   0x000fca       data     extern C:\MCC18\v3_39\src\traditional\proc\p18F8722.asm
                    T3CON   0x000fb1       data     extern C:\MCC18\v3_39\src\traditional\proc\p18F8722.asm
                T3CONbits   0x000fb1       data     extern C:\MCC18\v3_39\src\traditional\proc\p18F8722.asm
                    T4CON   0x000f76       data     extern C:\MCC18\v3_39\src\traditional\proc\p18F8722.asm
                T4CONbits   0x000f76       data     extern C:\MCC18\v3_39\src\traditional\proc\p18F8722.asm
                   TABLAT   0x000ff5       data     extern C:\MCC18\v3_39\src\traditional\proc\p18F8722.asm
                   TBLPTR   0x000ff6       data     extern C:\MCC18\v3_39\src\traditional\proc\p18F8722.asm
                  TBLPTRH   0x000ff7       data     extern C:\MCC18\v3_39\src\traditional\proc\p18F8722.asm
                  TBLPTRL   0x000ff6       data     extern C:\MCC18\v3_39\src\traditional\proc\p18F8722.asm
                  TBLPTRU   0x000ff8       data     extern C:\MCC18\v3_39\src\traditional\proc\p18F8722.asm
                    TMR0H   0x000fd7       data     extern C:\MCC18\v3_39\src\traditional\proc\p18F8722.asm
                    TMR0L   0x000fd6       data     extern C:\MCC18\v3_39\src\traditional\proc\p18F8722.asm
                    TMR1H   0x000fcf       data     extern C:\MCC18\v3_39\src\traditional\proc\p18F8722.asm
                    TMR1L   0x000fce       data     extern C:\MCC18\v3_39\src\traditional\proc\p18F8722.asm
                     TMR2   0x000fcc       data     extern C:\MCC18\v3_39\src\traditional\proc\p18F8722.asm
                    TMR3H   0x000fb3       data     extern C:\MCC18\v3_39\src\traditional\proc\p18F8722.asm
                    TMR3L   0x000fb2       data     extern C:\MCC18\v3_39\src\traditional\proc\p18F8722.asm
                     TMR4   0x000f78       data     extern C:\MCC18\v3_39\src\traditional\proc\p18F8722.asm
                      TOS   0x000ffd       data     extern C:\MCC18\v3_39\src\traditional\proc\p18F8722.asm
                     TOSH   0x000ffe       data     extern C:\MCC18\v3_39\src\traditional\proc\p18F8722.asm
                     TOSL   0x000ffd       data     extern C:\MCC18\v3_39\src\traditional\proc\p18F8722.asm
                     TOSU   0x000fff       data     extern C:\MCC18\v3_39\src\traditional\proc\p18F8722.asm
                    TRISA   0x000f92       data     extern C:\MCC18\v3_39\src\traditional\proc\p18F8722.asm
                TRISAbits   0x000f92       data     extern C:\MCC18\v3_39\src\traditional\proc\p18F8722.asm
                    TRISB   0x000f93       data     extern C:\MCC18\v3_39\src\traditional\proc\p18F8722.asm
                TRISBbits   0x000f93       data     extern C:\MCC18\v3_39\src\traditional\proc\p18F8722.asm
                    TRISC   0x000f94       data     extern C:\MCC18\v3_39\src\traditional\proc\p18F8722.asm
                TRISCbits   0x000f94       data     extern C:\MCC18\v3_39\src\traditional\proc\p18F8722.asm
                    TRISD   0x000f95       data     extern C:\MCC18\v3_39\src\traditional\proc\p18F8722.asm
                TRISDbits   0x000f95       data     extern C:\MCC18\v3_39\src\traditional\proc\p18F8722.asm
                    TRISE   0x000f96       data     extern C:\MCC18\v3_39\src\traditional\proc\p18F8722.asm
                TRISEbits   0x000f96       data     extern C:\MCC18\v3_39\src\traditional\proc\p18F8722.asm
                    TRISF   0x000f97       data     extern C:\MCC18\v3_39\src\traditional\proc\p18F8722.asm
                TRISFbits   0x000f97       data     extern C:\MCC18\v3_39\src\traditional\proc\p18F8722.asm
                    TRISG   0x000f98       data     extern C:\MCC18\v3_39\src\traditional\proc\p18F8722.asm
                TRISGbits   0x000f98       data     extern C:\MCC18\v3_39\src\traditional\proc\p18F8722.asm
                    TRISH   0x000f99       data     extern C:\MCC18\v3_39\src\traditional\proc\p18F8722.asm
                TRISHbits   0x000f99       data     extern C:\MCC18\v3_39\src\traditional\proc\p18F8722.asm
                    TRISJ   0x000f9a       data     extern C:\MCC18\v3_39\src\traditional\proc\p18F8722.asm
                TRISJbits   0x000f9a       data     extern C:\MCC18\v3_39\src\traditional\proc\p18F8722.asm
                    TXREG   0x000fad       data     extern C:\MCC18\v3_39\src\traditional\proc\p18F8722.asm
                   TXREG1   0x000fad       data     extern C:\MCC18\v3_39\src\traditional\proc\p18F8722.asm
                   TXREG2   0x000f6d       data     extern C:\MCC18\v3_39\src\traditional\proc\p18F8722.asm
                    TXSTA   0x000fac       data     extern C:\MCC18\v3_39\src\traditional\proc\p18F8722.asm
                   TXSTA1   0x000fac       data     extern C:\MCC18\v3_39\src\traditional\proc\p18F8722.asm
               TXSTA1bits   0x000fac       data     extern C:\MCC18\v3_39\src\traditional\proc\p18F8722.asm
                   TXSTA2   0x000f6c       data     extern C:\MCC18\v3_39\src\traditional\proc\p18F8722.asm
               TXSTA2bits   0x000f6c       data     extern C:\MCC18\v3_39\src\traditional\proc\p18F8722.asm
                TXSTAbits   0x000fac       data     extern C:\MCC18\v3_39\src\traditional\proc\p18F8722.asm
                     Tmr0   0x0005c9       data     extern c:\PICos18_v2_10\Kernel\alarm.c
                   WDTCON   0x000fd1       data     extern C:\MCC18\v3_39\src\traditional\proc\p18F8722.asm
               WDTCONbits   0x000fd1       data     extern C:\MCC18\v3_39\src\traditional\proc\p18F8722.asm
                     WREG   0x000fe8       data     extern C:\MCC18\v3_39\src\traditional\proc\p18F8722.asm
                 __AARGB0   0x000007       data     extern C:\MCC18\v3_39\src\traditional\math\aarg.asm
                 __AARGB1   0x000006       data     extern C:\MCC18\v3_39\src\traditional\math\aarg.asm
                 __AARGB2   0x000005       data     extern C:\MCC18\v3_39\src\traditional\math\aarg.asm
                 __AARGB3   0x000004       data     extern C:\MCC18\v3_39\src\traditional\math\aarg.asm
                 __AARGB4   0x000003       data     extern C:\MCC18\v3_39\src\traditional\math\aarg.asm
                 __AARGB5   0x000002       data     extern C:\MCC18\v3_39\src\traditional\math\aarg.asm
                 __AARGB6   0x000001       data     extern C:\MCC18\v3_39\src\traditional\math\aarg.asm
                 __AARGB7   0x000000       data     extern C:\MCC18\v3_39\src\traditional\math\aarg.asm
                   __AEXP   0x000008       data     extern C:\MCC18\v3_39\src\traditional\math\aarg.asm
                 __BARGB0   0x00000c       data     extern C:\MCC18\v3_39\src\traditional\math\barg.asm
                 __BARGB1   0x00000b       data     extern C:\MCC18\v3_39\src\traditional\math\barg.asm
                 __BARGB2   0x00000a       data     extern C:\MCC18\v3_39\src\traditional\math\barg.asm
                 __BARGB3   0x000009       data     extern C:\MCC18\v3_39\src\traditional\math\barg.asm
                   __BEXP   0x00000d       data     extern C:\MCC18\v3_39\src\traditional\math\barg.asm
                __FPFLAGS   0x00000f       data     extern C:\MCC18\v3_39\src\traditional\math\cmath18.asm
            __FPFLAGSbits   0x00000f       data     extern C:\MCC18\v3_39\src\traditional\math\cmath18.asm
                  __REMB0   0x000003       data     extern C:\MCC18\v3_39\src\traditional\math\aarg.asm
                  __REMB1   0x000002       data     extern C:\MCC18\v3_39\src\traditional\math\aarg.asm
                  __REMB2   0x000001       data     extern C:\MCC18\v3_39\src\traditional\math\aarg.asm
                  __REMB3   0x000000       data     extern C:\MCC18\v3_39\src\traditional\math\aarg.asm
                  __tmp_0   0x000010       data     static /home/bs05/e2237709/Desktop/embed/THE4.X/tsk_task2.c
                  __tmp_0   0x000010       data     static c:\PICos18_v2_10\Kernel\even_man.c
                  __tmp_0   0x000010       data     static /home/bs05/e2237709/Desktop/embed/THE4.X/tsk_task1.c
                  __tmp_0   0x000010       data     static /home/bs05/e2237709/Desktop/embed/THE4.X/tsk_task0.c
                  __tmp_0   0x000010       data     static /home/bs05/e2237709/Desktop/embed/THE4.X/common.c
                  __tmp_0   0x000010       data     static c:\PICos18_v2_10\Kernel\alarm.c
                  __tmp_0   0x000010       data     static c:\PICos18_v2_10\Kernel\pro_man.c
                  __tmp_0   0x000010       data     static /home/bs05/e2237709/Desktop/embed/THE4.X/main.c
                  appmode   0x0005c1       data     extern c:\PICos18_v2_10\Kernel\pro_man.c
                backtrack   0x000553       data     extern /home/bs05/e2237709/Desktop/embed/THE4.X/tsk_task0.c
         backtrackEnabled   0x0005a6       data     extern /home/bs05/e2237709/Desktop/embed/THE4.X/tsk_task0.c
           backtrackIndex   0x0005a7       data     extern /home/bs05/e2237709/Desktop/embed/THE4.X/tsk_task0.c
                curr_byte   0x00059f       data     static C:\MCC18\v3_39\src\traditional\startup\c018iz.c
               curr_entry   0x0005a1       data     static C:\MCC18\v3_39\src\traditional\startup\c018iz.c
                     data   0x00054f       data     extern /home/bs05/e2237709/Desktop/embed/THE4.X/tsk_task0.c
                 data_ptr   0x0005a3       data     static C:\MCC18\v3_39\src\traditional\startup\c018iz.c
                data_size   0x000573       data     extern /home/bs05/e2237709/Desktop/embed/THE4.X/tsk_task0.c
               endCommand   0x0005a8       data     extern /home/bs05/e2237709/Desktop/embed/THE4.X/tsk_task0.c
                  event_1   0x000080       data     extern c:\PICos18_v2_10\Kernel\even_man.c
                 event_10   0x000089       data     extern c:\PICos18_v2_10\Kernel\even_man.c
                 event_11   0x00008a       data     extern c:\PICos18_v2_10\Kernel\even_man.c
                 event_12   0x00008b       data     extern c:\PICos18_v2_10\Kernel\even_man.c
                 event_13   0x00008c       data     extern c:\PICos18_v2_10\Kernel\even_man.c
                 event_14   0x00008d       data     extern c:\PICos18_v2_10\Kernel\even_man.c
                 event_15   0x00008e       data     extern c:\PICos18_v2_10\Kernel\even_man.c
                 event_16   0x00008f       data     extern c:\PICos18_v2_10\Kernel\even_man.c
                  event_2   0x000081       data     extern c:\PICos18_v2_10\Kernel\even_man.c
                  event_3   0x000082       data     extern c:\PICos18_v2_10\Kernel\even_man.c
                  event_4   0x000083       data     extern c:\PICos18_v2_10\Kernel\even_man.c
                  event_5   0x000084       data     extern c:\PICos18_v2_10\Kernel\even_man.c
                  event_6   0x000085       data     extern c:\PICos18_v2_10\Kernel\even_man.c
                  event_7   0x000086       data     extern c:\PICos18_v2_10\Kernel\even_man.c
                  event_8   0x000087       data     extern c:\PICos18_v2_10\Kernel\even_man.c
                  event_9   0x000088       data     extern c:\PICos18_v2_10\Kernel\even_man.c
                excuse_me   0x0005b7       data     extern /home/bs05/e2237709/Desktop/embed/THE4.X/common.c
           global_counter   0x000502       data     extern /home/bs05/e2237709/Desktop/embed/THE4.X/taskdesc.c
                        i   0x0005b5       data     extern /home/bs05/e2237709/Desktop/embed/THE4.X/common.c
               id_tsk_run   0x000060       data     extern c:\PICos18_v2_10\Kernel\kernel.asm
                        j   0x0005b6       data     extern /home/bs05/e2237709/Desktop/embed/THE4.X/common.c
                        k   0x0005ae       data     extern /home/bs05/e2237709/Desktop/embed/THE4.X/tsk_task0.c
              kernelPanic   0x000065       data     extern c:\PICos18_v2_10\Kernel\kernel.asm
              kernelState   0x000064       data     extern c:\PICos18_v2_10\Kernel\kernel.asm
              kernel_copy   0x0005cb       data     extern c:\PICos18_v2_10\Kernel\int_man.c
                        m   0x00054c       data     extern /home/bs05/e2237709/Desktop/embed/THE4.X/main.c
               mapCommand   0x00057c       data     extern /home/bs05/e2237709/Desktop/embed/THE4.X/tsk_task1.c
     mapShowsFirstColumns   0x000599       data     extern /home/bs05/e2237709/Desktop/embed/THE4.X/main.c
                     maze   0x00050c       data     extern /home/bs05/e2237709/Desktop/embed/THE4.X/main.c
         motionBufferSize   0x00058f       data     extern /home/bs05/e2237709/Desktop/embed/THE4.X/tsk_task2.c
      motionEncoderBuffer   0x0005b8       data     extern /home/bs05/e2237709/Desktop/embed/THE4.X/tsk_task2.c
       moveForwardCommand   0x00058b       data     extern /home/bs05/e2237709/Desktop/embed/THE4.X/tsk_task2.c
                        n   0x00054d       data     extern /home/bs05/e2237709/Desktop/embed/THE4.X/main.c
             newDirection   0x0005be       data     extern /home/bs05/e2237709/Desktop/embed/THE4.X/tsk_task2.c
                   permut   0x000063       data     static c:\PICos18_v2_10\Kernel\kernel.asm
                     prom   0x00059c       data     static C:\MCC18\v3_39\src\traditional\startup\c018iz.c
               rb_pressed   0x00059a       data     extern /home/bs05/e2237709/Desktop/embed/THE4.X/main.c
                   rb_val   0x0005cc       data     extern /home/bs05/e2237709/Desktop/embed/THE4.X/int.c
            receiveBuffer   0x000464       data     extern /home/bs05/e2237709/Desktop/embed/THE4.X/common.c
     receiveBuffer_popPtr   0x0005b3       data     extern /home/bs05/e2237709/Desktop/embed/THE4.X/common.c
    receiveBuffer_pushPtr   0x0005b4       data     extern /home/bs05/e2237709/Desktop/embed/THE4.X/common.c
            receive_state   0x0005af       data     extern /home/bs05/e2237709/Desktop/embed/THE4.X/common.c
               robotAngle   0x000590       data     extern /home/bs05/e2237709/Desktop/embed/THE4.X/main.c
           robotDirection   0x000592       data     extern /home/bs05/e2237709/Desktop/embed/THE4.X/main.c
             sensorBuffer   0x000574       data     extern /home/bs05/e2237709/Desktop/embed/THE4.X/tsk_task1.c
           sensorReadSize   0x0005c4       data     extern /home/bs05/e2237709/Desktop/embed/THE4.X/tsk_task1.c
                   stack0   0x000300       data     extern /home/bs05/e2237709/Desktop/embed/THE4.X/taskdesc.c
                   stack1   0x000200       data     extern /home/bs05/e2237709/Desktop/embed/THE4.X/taskdesc.c
                   stack2   0x000100       data     extern /home/bs05/e2237709/Desktop/embed/THE4.X/taskdesc.c
               stack_high   0x0005c3       data     extern c:\PICos18_v2_10\Kernel\pro_man.c
                stack_low   0x0005c2       data     extern c:\PICos18_v2_10\Kernel\pro_man.c
            startAddressH   0x000067       data     static c:\PICos18_v2_10\Kernel\kernel.asm
            startAddressL   0x000066       data     static c:\PICos18_v2_10\Kernel\kernel.asm
              stopCommand   0x0005c5       data     extern /home/bs05/e2237709/Desktop/embed/THE4.X/tsk_task1.c
              systemState   0x0005b0       data     extern /home/bs05/e2237709/Desktop/embed/THE4.X/common.c
        targetXCoordinate   0x0005ba       data     extern /home/bs05/e2237709/Desktop/embed/THE4.X/tsk_task2.c
        targetYCoordinate   0x0005bc       data     extern /home/bs05/e2237709/Desktop/embed/THE4.X/tsk_task2.c
            taskdesc_addr   0x00050a       data     extern /home/bs05/e2237709/Desktop/embed/THE4.X/taskdesc.c
                     temp   0x000061       data     static c:\PICos18_v2_10\Kernel\kernel.asm
                    temp2   0x000062       data     static c:\PICos18_v2_10\Kernel\kernel.asm
           transmitBuffer   0x000400       data     extern /home/bs05/e2237709/Desktop/embed/THE4.X/common.c
    transmitBuffer_popPtr   0x0005b1       data     extern /home/bs05/e2237709/Desktop/embed/THE4.X/common.c
   transmitBuffer_pushPtr   0x0005b2       data     extern /home/bs05/e2237709/Desktop/embed/THE4.X/common.c
        tsk_10_activ_prio   0x0000b9       data     extern c:\PICos18_v2_10\Kernel\pro_man.c
          tsk_10_state_ID   0x0000a9       data     extern c:\PICos18_v2_10\Kernel\pro_man.c
        tsk_11_activ_prio   0x0000ba       data     extern c:\PICos18_v2_10\Kernel\pro_man.c
          tsk_11_state_ID   0x0000aa       data     extern c:\PICos18_v2_10\Kernel\pro_man.c
        tsk_12_activ_prio   0x0000bb       data     extern c:\PICos18_v2_10\Kernel\pro_man.c
          tsk_12_state_ID   0x0000ab       data     extern c:\PICos18_v2_10\Kernel\pro_man.c
        tsk_13_activ_prio   0x0000bc       data     extern c:\PICos18_v2_10\Kernel\pro_man.c
          tsk_13_state_ID   0x0000ac       data     extern c:\PICos18_v2_10\Kernel\pro_man.c
        tsk_14_activ_prio   0x0000bd       data     extern c:\PICos18_v2_10\Kernel\pro_man.c
          tsk_14_state_ID   0x0000ad       data     extern c:\PICos18_v2_10\Kernel\pro_man.c
        tsk_15_activ_prio   0x0000be       data     extern c:\PICos18_v2_10\Kernel\pro_man.c
          tsk_15_state_ID   0x0000ae       data     extern c:\PICos18_v2_10\Kernel\pro_man.c
        tsk_16_activ_prio   0x0000bf       data     extern c:\PICos18_v2_10\Kernel\pro_man.c
          tsk_16_state_ID   0x0000af       data     extern c:\PICos18_v2_10\Kernel\pro_man.c
         tsk_1_activ_prio   0x0000b0       data     extern c:\PICos18_v2_10\Kernel\pro_man.c
           tsk_1_state_ID   0x0000a0       data     extern c:\PICos18_v2_10\Kernel\pro_man.c
         tsk_2_activ_prio   0x0000b1       data     extern c:\PICos18_v2_10\Kernel\pro_man.c
           tsk_2_state_ID   0x0000a1       data     extern c:\PICos18_v2_10\Kernel\pro_man.c
         tsk_3_activ_prio   0x0000b2       data     extern c:\PICos18_v2_10\Kernel\pro_man.c
           tsk_3_state_ID   0x0000a2       data     extern c:\PICos18_v2_10\Kernel\pro_man.c
         tsk_4_activ_prio   0x0000b3       data     extern c:\PICos18_v2_10\Kernel\pro_man.c
           tsk_4_state_ID   0x0000a3       data     extern c:\PICos18_v2_10\Kernel\pro_man.c
         tsk_5_activ_prio   0x0000b4       data     extern c:\PICos18_v2_10\Kernel\pro_man.c
           tsk_5_state_ID   0x0000a4       data     extern c:\PICos18_v2_10\Kernel\pro_man.c
         tsk_6_activ_prio   0x0000b5       data     extern c:\PICos18_v2_10\Kernel\pro_man.c
           tsk_6_state_ID   0x0000a5       data     extern c:\PICos18_v2_10\Kernel\pro_man.c
         tsk_7_activ_prio   0x0000b6       data     extern c:\PICos18_v2_10\Kernel\pro_man.c
           tsk_7_state_ID   0x0000a6       data     extern c:\PICos18_v2_10\Kernel\pro_man.c
         tsk_8_activ_prio   0x0000b7       data     extern c:\PICos18_v2_10\Kernel\pro_man.c
           tsk_8_state_ID   0x0000a7       data     extern c:\PICos18_v2_10\Kernel\pro_man.c
         tsk_9_activ_prio   0x0000b8       data     extern c:\PICos18_v2_10\Kernel\pro_man.c
           tsk_9_state_ID   0x0000a8       data     extern c:\PICos18_v2_10\Kernel\pro_man.c
          turnLeftCommand   0x000587       data     extern /home/bs05/e2237709/Desktop/embed/THE4.X/tsk_task2.c
         turnRightCommand   0x000583       data     extern /home/bs05/e2237709/Desktop/embed/THE4.X/tsk_task2.c
[...]
                TRISGbits   0x000f98       data     extern C:\MCC18\v3_39\src\traditional\proc\p18F8722.asm
                 DDRGbits   0x000f98       data     extern C:\MCC18\v3_39\src\traditional\proc\p18F8722.asm
                     DDRG   0x000f98       data     extern C:\MCC18\v3_39\src\traditional\proc\p18F8722.asm
                     DDRH   0x000f99       data     extern C:\MCC18\v3_39\src\traditional\proc\p18F8722.asm
                 DDRHbits   0x000f99       data     extern C:\MCC18\v3_39\src\traditional\proc\p18F8722.asm
                    TRISH   0x000f99       data     extern C:\MCC18\v3_39\src\traditional\proc\p18F8722.asm
                TRISHbits   0x000f99       data     extern C:\MCC18\v3_39\src\traditional\proc\p18F8722.asm
                     DDRJ   0x000f9a       data     extern C:\MCC18\v3_39\src\traditional\proc\p18F8722.asm
                    TRISJ   0x000f9a       data     extern C:\MCC18\v3_39\src\traditional\proc\p18F8722.asm
                TRISJbits   0x000f9a       data     extern C:\MCC18\v3_39\src\traditional\proc\p18F8722.asm
                 DDRJbits   0x000f9a       data     extern C:\MCC18\v3_39\src\traditional\proc\p18F8722.asm
              OSCTUNEbits   0x000f9b       data     extern C:\MCC18\v3_39\src\traditional\proc\p18F8722.asm
                  OSCTUNE   0x000f9b       data     extern C:\MCC18\v3_39\src\traditional\proc\p18F8722.asm
               MEMCONbits   0x000f9c       data     extern C:\MCC18\v3_39\src\traditional\proc\p18F8722.asm
                   MEMCON   0x000f9c       data     extern C:\MCC18\v3_39\src\traditional\proc\p18F8722.asm
                 PIE1bits   0x000f9d       data     extern C:\MCC18\v3_39\src\traditional\proc\p18F8722.asm
                     PIE1   0x000f9d       data     extern C:\MCC18\v3_39\src\traditional\proc\p18F8722.asm
                     PIR1   0x000f9e       data     extern C:\MCC18\v3_39\src\traditional\proc\p18F8722.asm
                 PIR1bits   0x000f9e       data     extern C:\MCC18\v3_39\src\traditional\proc\p18F8722.asm
                 IPR1bits   0x000f9f       data     extern C:\MCC18\v3_39\src\traditional\proc\p18F8722.asm
                     IPR1   0x000f9f       data     extern C:\MCC18\v3_39\src\traditional\proc\p18F8722.asm
                     PIE2   0x000fa0       data     extern C:\MCC18\v3_39\src\traditional\proc\p18F8722.asm
                 PIE2bits   0x000fa0       data     extern C:\MCC18\v3_39\src\traditional\proc\p18F8722.asm
                     PIR2   0x000fa1       data     extern C:\MCC18\v3_39\src\traditional\proc\p18F8722.asm
                 PIR2bits   0x000fa1       data     extern C:\MCC18\v3_39\src\traditional\proc\p18F8722.asm
                 IPR2bits   0x000fa2       data     extern C:\MCC18\v3_39\src\traditional\proc\p18F8722.asm
                     IPR2   0x000fa2       data     extern C:\MCC18\v3_39\src\traditional\proc\p18F8722.asm
                     PIE3   0x000fa3       data     extern C:\MCC18\v3_39\src\traditional\proc\p18F8722.asm
                 PIE3bits   0x000fa3       data     extern C:\MCC18\v3_39\src\traditional\proc\p18F8722.asm
                 PIR3bits   0x000fa4       data     extern C:\MCC18\v3_39\src\traditional\proc\p18F8722.asm
                     PIR3   0x000fa4       data     extern C:\MCC18\v3_39\src\traditional\proc\p18F8722.asm
                 IPR3bits   0x000fa5       data     extern C:\MCC18\v3_39\src\traditional\proc\p18F8722.asm
                     IPR3   0x000fa5       data     extern C:\MCC18\v3_39\src\traditional\proc\p18F8722.asm
               EECON1bits   0x000fa6       data     extern C:\MCC18\v3_39\src\traditional\proc\p18F8722.asm
                   EECON1   0x000fa6       data     extern C:\MCC18\v3_39\src\traditional\proc\p18F8722.asm
                   EECON2   0x000fa7       data     extern C:\MCC18\v3_39\src\traditional\proc\p18F8722.asm
                   EEDATA   0x000fa8       data     extern C:\MCC18\v3_39\src\traditional\proc\p18F8722.asm
                    EEADR   0x000fa9       data     extern C:\MCC18\v3_39\src\traditional\proc\p18F8722.asm
                   EEADRH   0x000faa       data     extern C:\MCC18\v3_39\src\traditional\proc\p18F8722.asm
                RCSTAbits   0x000fab       data     extern C:\MCC18\v3_39\src\traditional\proc\p18F8722.asm
               RCSTA1bits   0x000fab       data     extern C:\MCC18\v3_39\src\traditional\proc\p18F8722.asm
                   RCSTA1   0x000fab       data     extern C:\MCC18\v3_39\src\traditional\proc\p18F8722.asm
                    RCSTA   0x000fab       data     extern C:\MCC18\v3_39\src\traditional\proc\p18F8722.asm
                TXSTAbits   0x000fac       data     extern C:\MCC18\v3_39\src\traditional\proc\p18F8722.asm
               TXSTA1bits   0x000fac       data     extern C:\MCC18\v3_39\src\traditional\proc\p18F8722.asm
                   TXSTA1   0x000fac       data     extern C:\MCC18\v3_39\src\traditional\proc\p18F8722.asm
                    TXSTA   0x000fac       data     extern C:\MCC18\v3_39\src\traditional\proc\p18F8722.asm
                   TXREG1   0x000fad       data     extern C:\MCC18\v3_39\src\traditional\proc\p18F8722.asm
                    TXREG   0x000fad       data     extern C:\MCC18\v3_39\src\traditional\proc\p18F8722.asm
                    RCREG   0x000fae       data     extern C:\MCC18\v3_39\src\traditional\proc\p18F8722.asm
                   RCREG1   0x000fae       data     extern C:\MCC18\v3_39\src\traditional\proc\p18F8722.asm
                   SPBRG1   0x000faf       data     extern C:\MCC18\v3_39\src\traditional\proc\p18F8722.asm
                    SPBRG   0x000faf       data     extern C:\MCC18\v3_39\src\traditional\proc\p18F8722.asm
                   PSPCON   0x000fb0       data     extern C:\MCC18\v3_39\src\traditional\proc\p18F8722.asm
               PSPCONbits   0x000fb0       data     extern C:\MCC18\v3_39\src\traditional\proc\p18F8722.asm
                T3CONbits   0x000fb1       data     extern C:\MCC18\v3_39\src\traditional\proc\p18F8722.asm
                    T3CON   0x000fb1       data     extern C:\MCC18\v3_39\src\traditional\proc\p18F8722.asm
                    TMR3L   0x000fb2       data     extern C:\MCC18\v3_39\src\traditional\proc\p18F8722.asm
                    TMR3H   0x000fb3       data     extern C:\MCC18\v3_39\src\traditional\proc\p18F8722.asm
                CMCONbits   0x000fb4       data     extern C:\MCC18\v3_39\src\traditional\proc\p18F8722.asm
                    CMCON   0x000fb4       data     extern C:\MCC18\v3_39\src\traditional\proc\p18F8722.asm
               CVRCONbits   0x000fb5       data     extern C:\MCC18\v3_39\src\traditional\proc\p18F8722.asm
                   CVRCON   0x000fb5       data     extern C:\MCC18\v3_39\src\traditional\proc\p18F8722.asm
                  ECCP1AS   0x000fb6       data     extern C:\MCC18\v3_39\src\traditional\proc\p18F8722.asm
              ECCP1ASbits   0x000fb6       data     extern C:\MCC18\v3_39\src\traditional\proc\p18F8722.asm
                 ECCP3CON   0x000fb7       data     extern C:\MCC18\v3_39\src\traditional\proc\p18F8722.asm
             ECCP3CONbits   0x000fb7       data     extern C:\MCC18\v3_39\src\traditional\proc\p18F8722.asm
                  CCP3CON   0x000fb7       data     extern C:\MCC18\v3_39\src\traditional\proc\p18F8722.asm
              CCP3CONbits   0x000fb7       data     extern C:\MCC18\v3_39\src\traditional\proc\p18F8722.asm
                    CCPR3   0x000fb8       data     extern C:\MCC18\v3_39\src\traditional\proc\p18F8722.asm
                   CCPR3L   0x000fb8       data     extern C:\MCC18\v3_39\src\traditional\proc\p18F8722.asm
                   CCPR3H   0x000fb9       data     extern C:\MCC18\v3_39\src\traditional\proc\p18F8722.asm
             ECCP2CONbits   0x000fba       data     extern C:\MCC18\v3_39\src\traditional\proc\p18F8722.asm
                 ECCP2CON   0x000fba       data     extern C:\MCC18\v3_39\src\traditional\proc\p18F8722.asm
                  CCP2CON   0x000fba       data     extern C:\MCC18\v3_39\src\traditional\proc\p18F8722.asm
              CCP2CONbits   0x000fba       data     extern C:\MCC18\v3_39\src\traditional\proc\p18F8722.asm
                    CCPR2   0x000fbb       data     extern C:\MCC18\v3_39\src\traditional\proc\p18F8722.asm
                   CCPR2L   0x000fbb       data     extern C:\MCC18\v3_39\src\traditional\proc\p18F8722.asm
                   CCPR2H   0x000fbc       data     extern C:\MCC18\v3_39\src\traditional\proc\p18F8722.asm
              CCP1CONbits   0x000fbd       data     extern C:\MCC18\v3_39\src\traditional\proc\p18F8722.asm
                  CCP1CON   0x000fbd       data     extern C:\MCC18\v3_39\src\traditional\proc\p18F8722.asm
                 ECCP1CON   0x000fbd       data     extern C:\MCC18\v3_39\src\traditional\proc\p18F8722.asm
             ECCP1CONbits   0x000fbd       data     extern C:\MCC18\v3_39\src\traditional\proc\p18F8722.asm
                    CCPR1   0x000fbe       data     extern C:\MCC18\v3_39\src\traditional\proc\p18F8722.asm
                   CCPR1L   0x000fbe       data     extern C:\MCC18\v3_39\src\traditional\proc\p18F8722.asm
                   CCPR1H   0x000fbf       data     extern C:\MCC18\v3_39\src\traditional\proc\p18F8722.asm
               ADCON2bits   0x000fc0       data     extern C:\MCC18\v3_39\src\traditional\proc\p18F8722.asm
                   ADCON2   0x000fc0       data     extern C:\MCC18\v3_39\src\traditional\proc\p18F8722.asm
               ADCON1bits   0x000fc1       data     extern C:\MCC18\v3_39\src\traditional\proc\p18F8722.asm
                   ADCON1   0x000fc1       data     extern C:\MCC18\v3_39\src\traditional\proc\p18F8722.asm
               ADCON0bits   0x000fc2       data     extern C:\MCC18\v3_39\src\traditional\proc\p18F8722.asm
                   ADCON0   0x000fc2       data     extern C:\MCC18\v3_39\src\traditional\proc\p18F8722.asm
                    ADRES   0x000fc3       data     extern C:\MCC18\v3_39\src\traditional\proc\p18F8722.asm
                   ADRESL   0x000fc3       data     extern C:\MCC18\v3_39\src\traditional\proc\p18F8722.asm
                   ADRESH   0x000fc4       data     extern C:\MCC18\v3_39\src\traditional\proc\p18F8722.asm
             SSP1CON2bits   0x000fc5       data     extern C:\MCC18\v3_39\src\traditional\proc\p18F8722.asm
              SSPCON2bits   0x000fc5       data     extern C:\MCC18\v3_39\src\traditional\proc\p18F8722.asm
                  SSPCON2   0x000fc5       data     extern C:\MCC18\v3_39\src\traditional\proc\p18F8722.asm
                 SSP1CON2   0x000fc5       data     extern C:\MCC18\v3_39\src\traditional\proc\p18F8722.asm
                 SSP1CON1   0x000fc6       data     extern C:\MCC18\v3_39\src\traditional\proc\p18F8722.asm
                  SSPCON1   0x000fc6       data     extern C:\MCC18\v3_39\src\traditional\proc\p18F8722.asm
              SSPCON1bits   0x000fc6       data     extern C:\MCC18\v3_39\src\traditional\proc\p18F8722.asm
             SSP1CON1bits   0x000fc6       data     extern C:\MCC18\v3_39\src\traditional\proc\p18F8722.asm
              SSPSTATbits   0x000fc7       data     extern C:\MCC18\v3_39\src\traditional\proc\p18F8722.asm
                  SSPSTAT   0x000fc7       data     extern C:\MCC18\v3_39\src\traditional\proc\p18F8722.asm
                 SSP1STAT   0x000fc7       data     extern C:\MCC18\v3_39\src\traditional\proc\p18F8722.asm
             SSP1STATbits   0x000fc7       data     extern C:\MCC18\v3_39\src\traditional\proc\p18F8722.asm
                  SSP1ADD   0x000fc8       data     extern C:\MCC18\v3_39\src\traditional\proc\p18F8722.asm
                   SSPADD   0x000fc8       data     extern C:\MCC18\v3_39\src\traditional\proc\p18F8722.asm
                   SSPBUF   0x000fc9       data     extern C:\MCC18\v3_39\src\traditional\proc\p18F8722.asm
                  SSP1BUF   0x000fc9       data     extern C:\MCC18\v3_39\src\traditional\proc\p18F8722.asm
                T2CONbits   0x000fca       data     extern C:\MCC18\v3_39\src\traditional\proc\p18F8722.asm
                    T2CON   0x000fca       data     extern C:\MCC18\v3_39\src\traditional\proc\p18F8722.asm
                      PR2   0x000fcb       data     extern C:\MCC18\v3_39\src\traditional\proc\p18F8722.asm
                     TMR2   0x000fcc       data     extern C:\MCC18\v3_39\src\traditional\proc\p18F8722.asm
                T1CONbits   0x000fcd       data     extern C:\MCC18\v3_39\src\traditional\proc\p18F8722.asm
                    T1CON   0x000fcd       data     extern C:\MCC18\v3_39\src\traditional\proc\p18F8722.asm
                    TMR1L   0x000fce       data     extern C:\MCC18\v3_39\src\traditional\proc\p18F8722.asm
                    TMR1H   0x000fcf       data     extern C:\MCC18\v3_39\src\traditional\proc\p18F8722.asm
                 RCONbits   0x000fd0       data     extern C:\MCC18\v3_39\src\traditional\proc\p18F8722.asm
                     RCON   0x000fd0       data     extern C:\MCC18\v3_39\src\traditional\proc\p18F8722.asm
                   WDTCON   0x000fd1       data     extern C:\MCC18\v3_39\src\traditional\proc\p18F8722.asm
               WDTCONbits   0x000fd1       data     extern C:\MCC18\v3_39\src\traditional\proc\p18F8722.asm
              HLVDCONbits   0x000fd2       data     extern C:\MCC18\v3_39\src\traditional\proc\p18F8722.asm
                  HLVDCON   0x000fd2       data     extern C:\MCC18\v3_39\src\traditional\proc\p18F8722.asm
               LVDCONbits   0x000fd2       data     extern C:\MCC18\v3_39\src\traditional\proc\p18F8722.asm
                   LVDCON   0x000fd2       data     extern C:\MCC18\v3_39\src\traditional\proc\p18F8722.asm
               OSCCONbits   0x000fd3       data     extern C:\MCC18\v3_39\src\traditional\proc\p18F8722.asm
                   OSCCON   0x000fd3       data     extern C:\MCC18\v3_39\src\traditional\proc\p18F8722.asm
                    T0CON   0x000fd5       data     extern C:\MCC18\v3_39\src\traditional\proc\p18F8722.asm
                T0CONbits   0x000fd5       data     extern C:\MCC18\v3_39\src\traditional\proc\p18F8722.asm
                    TMR0L   0x000fd6       data     extern C:\MCC18\v3_39\src\traditional\proc\p18F8722.asm
                    TMR0H   0x000fd7       data     extern C:\MCC18\v3_39\src\traditional\proc\p18F8722.asm
               STATUSbits   0x000fd8       data     extern C:\MCC18\v3_39\src\traditional\proc\p18F8722.asm
                   STATUS   0x000fd8       data     extern C:\MCC18\v3_39\src\traditional\proc\p18F8722.asm
                     FSR2   0x000fd9       data     extern C:\MCC18\v3_39\src\traditional\proc\p18F8722.asm
                    FSR2L   0x000fd9       data     extern C:\MCC18\v3_39\src\traditional\proc\p18F8722.asm
                    FSR2H   0x000fda       data     extern C:\MCC18\v3_39\src\traditional\proc\p18F8722.asm
                   PLUSW2   0x000fdb       data     extern C:\MCC18\v3_39\src\traditional\proc\p18F8722.asm
                  PREINC2   0x000fdc       data     extern C:\MCC18\v3_39\src\traditional\proc\p18F8722.asm
                 POSTDEC2   0x000fdd       data     extern C:\MCC18\v3_39\src\traditional\proc\p18F8722.asm
                 POSTINC2   0x000fde       data     extern C:\MCC18\v3_39\src\traditional\proc\p18F8722.asm
                    INDF2   0x000fdf       data     extern C:\MCC18\v3_39\src\traditional\proc\p18F8722.asm
                      BSR   0x000fe0       data     extern C:\MCC18\v3_39\src\traditional\proc\p18F8722.asm
                    FSR1L   0x000fe1       data     extern C:\MCC18\v3_39\src\traditional\proc\p18F8722.asm
                     FSR1   0x000fe1       data     extern C:\MCC18\v3_39\src\traditional\proc\p18F8722.asm
                    FSR1H   0x000fe2       data     extern C:\MCC18\v3_39\src\traditional\proc\p18F8722.asm
                   PLUSW1   0x000fe3       data     extern C:\MCC18\v3_39\src\traditional\proc\p18F8722.asm
                  PREINC1   0x000fe4       data     extern C:\MCC18\v3_39\src\traditional\proc\p18F8722.asm
                 POSTDEC1   0x000fe5       data     extern C:\MCC18\v3_39\src\traditional\proc\p18F8722.asm
                 POSTINC1   0x000fe6       data     extern C:\MCC18\v3_39\src\traditional\proc\p18F8722.asm
                    INDF1   0x000fe7       data     extern C:\MCC18\v3_39\src\traditional\proc\p18F8722.asm
                     WREG   0x000fe8       data     extern C:\MCC18\v3_39\src\traditional\proc\p18F8722.asm
                     FSR0   0x000fe9       data     extern C:\MCC18\v3_39\src\traditional\proc\p18F8722.asm
                    FSR0L   0x000fe9       data     extern C:\MCC18\v3_39\src\traditional\proc\p18F8722.asm
                    FSR0H   0x000fea       data     extern C:\MCC18\v3_39\src\traditional\proc\p18F8722.asm
                   PLUSW0   0x000feb       data     extern C:\MCC18\v3_39\src\traditional\proc\p18F8722.asm
                  PREINC0   0x000fec       data     extern C:\MCC18\v3_39\src\traditional\proc\p18F8722.asm
                 POSTDEC0   0x000fed       data     extern C:\MCC18\v3_39\src\traditional\proc\p18F8722.asm
                 POSTINC0   0x000fee       data     extern C:\MCC18\v3_39\src\traditional\proc\p18F8722.asm
                    INDF0   0x000fef       data     extern C:\MCC18\v3_39\src\traditional\proc\p18F8722.asm
                  INTCON3   0x000ff0       data     extern C:\MCC18\v3_39\src\traditional\proc\p18F8722.asm
              INTCON3bits   0x000ff0       data     extern C:\MCC18\v3_39\src\traditional\proc\p18F8722.asm
              INTCON2bits   0x000ff1       data     extern C:\MCC18\v3_39\src\traditional\proc\p18F8722.asm
                  INTCON2   0x000ff1       data     extern C:\MCC18\v3_39\src\traditional\proc\p18F8722.asm
                   INTCON   0x000ff2       data     extern C:\MCC18\v3_39\src\traditional\proc\p18F8722.asm
               INTCONbits   0x000ff2       data     extern C:\MCC18\v3_39\src\traditional\proc\p18F8722.asm
                     PROD   0x000ff3       data     extern C:\MCC18\v3_39\src\traditional\proc\p18F8722.asm
                    PRODL   0x000ff3       data     extern C:\MCC18\v3_39\src\traditional\proc\p18F8722.asm
                    PRODH   0x000ff4       data     extern C:\MCC18\v3_39\src\traditional\proc\p18F8722.asm
                   TABLAT   0x000ff5       data     extern C:\MCC18\v3_39\src\traditional\proc\p18F8722.asm
                  TBLPTRL   0x000ff6       data     extern C:\MCC18\v3_39\src\traditional\proc\p18F8722.asm
                   TBLPTR   0x000ff6       data     extern C:\MCC18\v3_39\src\traditional\proc\p18F8722.asm
                  TBLPTRH   0x000ff7       data     extern C:\MCC18\v3_39\src\traditional\proc\p18F8722.asm
                  TBLPTRU   0x000ff8       data     extern C:\MCC18\v3_39\src\traditional\proc\p18F8722.asm
                       PC   0x000ff9       data     extern C:\MCC18\v3_39\src\traditional\proc\p18F8722.asm
                      PCL   0x000ff9       data     extern C:\MCC18\v3_39\src\traditional\proc\p18F8722.asm
                   PCLATH   0x000ffa       data     extern C:\MCC18\v3_39\src\traditional\proc\p18F8722.asm
                   PCLATU   0x000ffb       data     extern C:\MCC18\v3_39\src\traditional\proc\p18F8722.asm
                   STKPTR   0x000ffc       data     extern C:\MCC18\v3_39\src\traditional\proc\p18F8722.asm
               STKPTRbits   0x000ffc       data     extern C:\MCC18\v3_39\src\traditional\proc\p18F8722.asm
                     TOSL   0x000ffd       data     extern C:\MCC18\v3_39\src\traditional\proc\p18F8722.asm
                      TOS   0x000ffd       data     extern C:\MCC18\v3_39\src\traditional\proc\p18F8722.asm
                     TOSH   0x000ffe       data     extern C:\MCC18\v3_39\src\traditional\proc\p18F8722.asm
                     TOSU   0x000fff       data     extern C:\MCC18\v3_39\src\traditional\proc\p18F8722.asm


