MPLINK 5.09, LINKER
Linker Map File - Created Thu Mar 14 10:34:33 2019

                                 Section Info
                  Section       Type    Address   Location Size(Bytes)
                ---------  ---------  ---------  ---------  ---------
                   .org_0       code   0x000000    program   0x000840
                   .cinit    romdata   0x000840    program   0x000002
.config_300001_BUILD/DEFAULT/PRODUCTION/THE1.O    romdata   0x300001    program   0x000001
.config_300002_BUILD/DEFAULT/PRODUCTION/THE1.O    romdata   0x300002    program   0x000001
.config_300003_BUILD/DEFAULT/PRODUCTION/THE1.O    romdata   0x300003    program   0x000001
.config_300005_BUILD/DEFAULT/PRODUCTION/THE1.O    romdata   0x300005    program   0x000001
.config_300006_BUILD/DEFAULT/PRODUCTION/THE1.O    romdata   0x300006    program   0x000001
                       v1      udata   0x000026       data   0x000000
                       v2      udata   0x000027       data   0x000000
                       v3      udata   0x000028       data   0x000000
                       v4      udata   0x000029       data   0x000000
                       v5      udata   0x000030       data   0x000000



                              Program Memory Usage 
                               Start         End      
                           ---------   ---------      
                            0x000000    0x000841      
                            0x300001    0x300003      
                            0x300005    0x300006      
            2119 out of 132120 program addresses used, program memory utilization is 1%



                              Symbols - Sorted by Name
                     Name    Address   Location    Storage File                     
                ---------  ---------  ---------  --------- ---------                
                    case0   0x0003b6    program     static /home/bs05/e2237709/Desktop/embed/THE1.X/the1.asm
                 case0off   0x0005ba    program     static /home/bs05/e2237709/Desktop/embed/THE1.X/the1.asm
                  case0on   0x0005b0    program     static /home/bs05/e2237709/Desktop/embed/THE1.X/the1.asm
                    case1   0x0003c6    program     static /home/bs05/e2237709/Desktop/embed/THE1.X/the1.asm
                   case10   0x000456    program     static /home/bs05/e2237709/Desktop/embed/THE1.X/the1.asm
                case10off   0x000686    program     static /home/bs05/e2237709/Desktop/embed/THE1.X/the1.asm
                 case10on   0x00067c    program     static /home/bs05/e2237709/Desktop/embed/THE1.X/the1.asm
                   case11   0x000466    program     static /home/bs05/e2237709/Desktop/embed/THE1.X/the1.asm
                case11off   0x00069a    program     static /home/bs05/e2237709/Desktop/embed/THE1.X/the1.asm
                 case11on   0x000690    program     static /home/bs05/e2237709/Desktop/embed/THE1.X/the1.asm
                   case12   0x000476    program     static /home/bs05/e2237709/Desktop/embed/THE1.X/the1.asm
                case12off   0x0006ae    program     static /home/bs05/e2237709/Desktop/embed/THE1.X/the1.asm
                 case12on   0x0006a4    program     static /home/bs05/e2237709/Desktop/embed/THE1.X/the1.asm
                   case13   0x000486    program     static /home/bs05/e2237709/Desktop/embed/THE1.X/the1.asm
                case13off   0x0006c2    program     static /home/bs05/e2237709/Desktop/embed/THE1.X/the1.asm
                 case13on   0x0006b8    program     static /home/bs05/e2237709/Desktop/embed/THE1.X/the1.asm
                   case14   0x000496    program     static /home/bs05/e2237709/Desktop/embed/THE1.X/the1.asm
                case14off   0x0006d6    program     static /home/bs05/e2237709/Desktop/embed/THE1.X/the1.asm
                 case14on   0x0006cc    program     static /home/bs05/e2237709/Desktop/embed/THE1.X/the1.asm
                   case15   0x0004a6    program     static /home/bs05/e2237709/Desktop/embed/THE1.X/the1.asm
                 case15on   0x0006e0    program     static /home/bs05/e2237709/Desktop/embed/THE1.X/the1.asm
                   case16   0x0004b0    program     static /home/bs05/e2237709/Desktop/embed/THE1.X/the1.asm
                case16off   0x0006f4    program     static /home/bs05/e2237709/Desktop/embed/THE1.X/the1.asm
                 case16on   0x0006ea    program     static /home/bs05/e2237709/Desktop/embed/THE1.X/the1.asm
                   case17   0x0004c0    program     static /home/bs05/e2237709/Desktop/embed/THE1.X/the1.asm
                case17off   0x000708    program     static /home/bs05/e2237709/Desktop/embed/THE1.X/the1.asm
                 case17on   0x0006fe    program     static /home/bs05/e2237709/Desktop/embed/THE1.X/the1.asm
                   case18   0x0004d0    program     static /home/bs05/e2237709/Desktop/embed/THE1.X/the1.asm
                case18off   0x00071c    program     static /home/bs05/e2237709/Desktop/embed/THE1.X/the1.asm
                 case18on   0x000712    program     static /home/bs05/e2237709/Desktop/embed/THE1.X/the1.asm
                   case19   0x0004e0    program     static /home/bs05/e2237709/Desktop/embed/THE1.X/the1.asm
                case19off   0x000730    program     static /home/bs05/e2237709/Desktop/embed/THE1.X/the1.asm
                 case19on   0x000726    program     static /home/bs05/e2237709/Desktop/embed/THE1.X/the1.asm
                 case1off   0x0005ce    program     static /home/bs05/e2237709/Desktop/embed/THE1.X/the1.asm
                  case1on   0x0005c4    program     static /home/bs05/e2237709/Desktop/embed/THE1.X/the1.asm
                    case2   0x0003d6    program     static /home/bs05/e2237709/Desktop/embed/THE1.X/the1.asm
                   case20   0x0004f0    program     static /home/bs05/e2237709/Desktop/embed/THE1.X/the1.asm
                case20off   0x000744    program     static /home/bs05/e2237709/Desktop/embed/THE1.X/the1.asm
                 case20on   0x00073a    program     static /home/bs05/e2237709/Desktop/embed/THE1.X/the1.asm
                   case21   0x000500    program     static /home/bs05/e2237709/Desktop/embed/THE1.X/the1.asm
                case21off   0x000758    program     static /home/bs05/e2237709/Desktop/embed/THE1.X/the1.asm
                 case21on   0x00074e    program     static /home/bs05/e2237709/Desktop/embed/THE1.X/the1.asm
                   case22   0x000510    program     static /home/bs05/e2237709/Desktop/embed/THE1.X/the1.asm
                case22off   0x00076c    program     static /home/bs05/e2237709/Desktop/embed/THE1.X/the1.asm
                 case22on   0x000762    program     static /home/bs05/e2237709/Desktop/embed/THE1.X/the1.asm
                   case23   0x000520    program     static /home/bs05/e2237709/Desktop/embed/THE1.X/the1.asm
                case23off   0x000780    program     static /home/bs05/e2237709/Desktop/embed/THE1.X/the1.asm
                 case23on   0x000776    program     static /home/bs05/e2237709/Desktop/embed/THE1.X/the1.asm
                   case24   0x000530    program     static /home/bs05/e2237709/Desktop/embed/THE1.X/the1.asm
                case24off   0x000794    program     static /home/bs05/e2237709/Desktop/embed/THE1.X/the1.asm
                 case24on   0x00078a    program     static /home/bs05/e2237709/Desktop/embed/THE1.X/the1.asm
                   case25   0x000540    program     static /home/bs05/e2237709/Desktop/embed/THE1.X/the1.asm
                case25off   0x0007a8    program     static /home/bs05/e2237709/Desktop/embed/THE1.X/the1.asm
                 case25on   0x00079e    program     static /home/bs05/e2237709/Desktop/embed/THE1.X/the1.asm
                   case26   0x000550    program     static /home/bs05/e2237709/Desktop/embed/THE1.X/the1.asm
                case26off   0x0007bc    program     static /home/bs05/e2237709/Desktop/embed/THE1.X/the1.asm
                 case26on   0x0007b2    program     static /home/bs05/e2237709/Desktop/embed/THE1.X/the1.asm
                   case27   0x000560    program     static /home/bs05/e2237709/Desktop/embed/THE1.X/the1.asm
                case27off   0x0007d0    program     static /home/bs05/e2237709/Desktop/embed/THE1.X/the1.asm
                 case27on   0x0007c6    program     static /home/bs05/e2237709/Desktop/embed/THE1.X/the1.asm
                   case28   0x000570    program     static /home/bs05/e2237709/Desktop/embed/THE1.X/the1.asm
                case28off   0x0007e4    program     static /home/bs05/e2237709/Desktop/embed/THE1.X/the1.asm
                 case28on   0x0007da    program     static /home/bs05/e2237709/Desktop/embed/THE1.X/the1.asm
                   case29   0x000580    program     static /home/bs05/e2237709/Desktop/embed/THE1.X/the1.asm
                case29off   0x0007f8    program     static /home/bs05/e2237709/Desktop/embed/THE1.X/the1.asm
                 case29on   0x0007ee    program     static /home/bs05/e2237709/Desktop/embed/THE1.X/the1.asm
                 case2off   0x0005e2    program     static /home/bs05/e2237709/Desktop/embed/THE1.X/the1.asm
                  case2on   0x0005d8    program     static /home/bs05/e2237709/Desktop/embed/THE1.X/the1.asm
                    case3   0x0003e6    program     static /home/bs05/e2237709/Desktop/embed/THE1.X/the1.asm
                   case30   0x000590    program     static /home/bs05/e2237709/Desktop/embed/THE1.X/the1.asm
                case30off   0x00080c    program     static /home/bs05/e2237709/Desktop/embed/THE1.X/the1.asm
                 case30on   0x000802    program     static /home/bs05/e2237709/Desktop/embed/THE1.X/the1.asm
                   case31   0x0005a0    program     static /home/bs05/e2237709/Desktop/embed/THE1.X/the1.asm
                 case31on   0x000816    program     static /home/bs05/e2237709/Desktop/embed/THE1.X/the1.asm
                 case3off   0x0005f6    program     static /home/bs05/e2237709/Desktop/embed/THE1.X/the1.asm
                  case3on   0x0005ec    program     static /home/bs05/e2237709/Desktop/embed/THE1.X/the1.asm
                    case4   0x0003f6    program     static /home/bs05/e2237709/Desktop/embed/THE1.X/the1.asm
                 case4off   0x00060a    program     static /home/bs05/e2237709/Desktop/embed/THE1.X/the1.asm
                  case4on   0x000600    program     static /home/bs05/e2237709/Desktop/embed/THE1.X/the1.asm
                    case5   0x000406    program     static /home/bs05/e2237709/Desktop/embed/THE1.X/the1.asm
                 case5off   0x00061e    program     static /home/bs05/e2237709/Desktop/embed/THE1.X/the1.asm
                  case5on   0x000614    program     static /home/bs05/e2237709/Desktop/embed/THE1.X/the1.asm
                    case6   0x000416    program     static /home/bs05/e2237709/Desktop/embed/THE1.X/the1.asm
                 case6off   0x000636    program     static /home/bs05/e2237709/Desktop/embed/THE1.X/the1.asm
                  case6on   0x00062c    program     static /home/bs05/e2237709/Desktop/embed/THE1.X/the1.asm
                    case7   0x000426    program     static /home/bs05/e2237709/Desktop/embed/THE1.X/the1.asm
                 case7off   0x00064a    program     static /home/bs05/e2237709/Desktop/embed/THE1.X/the1.asm
                  case7on   0x000640    program     static /home/bs05/e2237709/Desktop/embed/THE1.X/the1.asm
                    case8   0x000436    program     static /home/bs05/e2237709/Desktop/embed/THE1.X/the1.asm
                 case8off   0x00065e    program     static /home/bs05/e2237709/Desktop/embed/THE1.X/the1.asm
                  case8on   0x000654    program     static /home/bs05/e2237709/Desktop/embed/THE1.X/the1.asm
                    case9   0x000446    program     static /home/bs05/e2237709/Desktop/embed/THE1.X/the1.asm
                 case9off   0x000672    program     static /home/bs05/e2237709/Desktop/embed/THE1.X/the1.asm
                  case9on   0x000668    program     static /home/bs05/e2237709/Desktop/embed/THE1.X/the1.asm
      check_ra4_depressed   0x00029e    program     static /home/bs05/e2237709/Desktop/embed/THE1.X/the1.asm
      clear_ra4_variables   0x0002a8    program     static /home/bs05/e2237709/Desktop/embed/THE1.X/the1.asm
           close_all_leds   0x0000dc    program     static /home/bs05/e2237709/Desktop/embed/THE1.X/the1.asm
                  default   0x0005aa    program     static /home/bs05/e2237709/Desktop/embed/THE1.X/the1.asm
           half_sec_delay   0x000076    program     static /home/bs05/e2237709/Desktop/embed/THE1.X/the1.asm
                     init   0x000004    program     static /home/bs05/e2237709/Desktop/embed/THE1.X/the1.asm
                       l1   0x000828    program     static /home/bs05/e2237709/Desktop/embed/THE1.X/the1.asm
                       l2   0x000830    program     static /home/bs05/e2237709/Desktop/embed/THE1.X/the1.asm
                     loop   0x000824    program     static /home/bs05/e2237709/Desktop/embed/THE1.X/the1.asm
                    loop0   0x00007e    program     static /home/bs05/e2237709/Desktop/embed/THE1.X/the1.asm
                    loop1   0x000082    program     static /home/bs05/e2237709/Desktop/embed/THE1.X/the1.asm
                    loop2   0x000086    program     static /home/bs05/e2237709/Desktop/embed/THE1.X/the1.asm
                    loop3   0x00003a    program     static /home/bs05/e2237709/Desktop/embed/THE1.X/the1.asm
                    loop4   0x00003e    program     static /home/bs05/e2237709/Desktop/embed/THE1.X/the1.asm
                    loop5   0x000042    program     static /home/bs05/e2237709/Desktop/embed/THE1.X/the1.asm
                     main   0x000820    program     static /home/bs05/e2237709/Desktop/embed/THE1.X/the1.asm
                   offA_0   0x00027a    program     static /home/bs05/e2237709/Desktop/embed/THE1.X/the1.asm
                   offA_1   0x00026e    program     static /home/bs05/e2237709/Desktop/embed/THE1.X/the1.asm
                   offA_2   0x000262    program     static /home/bs05/e2237709/Desktop/embed/THE1.X/the1.asm
                   offA_3   0x000256    program     static /home/bs05/e2237709/Desktop/embed/THE1.X/the1.asm
                   offB_0   0x000246    program     static /home/bs05/e2237709/Desktop/embed/THE1.X/the1.asm
                   offB_1   0x00023a    program     static /home/bs05/e2237709/Desktop/embed/THE1.X/the1.asm
                   offB_2   0x00022e    program     static /home/bs05/e2237709/Desktop/embed/THE1.X/the1.asm
                   offB_3   0x000222    program     static /home/bs05/e2237709/Desktop/embed/THE1.X/the1.asm
                   offC_0   0x000212    program     static /home/bs05/e2237709/Desktop/embed/THE1.X/the1.asm
                   offC_1   0x000206    program     static /home/bs05/e2237709/Desktop/embed/THE1.X/the1.asm
                   offC_2   0x0001fa    program     static /home/bs05/e2237709/Desktop/embed/THE1.X/the1.asm
                   offC_3   0x0001ee    program     static /home/bs05/e2237709/Desktop/embed/THE1.X/the1.asm
                   offD_0   0x0001de    program     static /home/bs05/e2237709/Desktop/embed/THE1.X/the1.asm
                   offD_1   0x0001d2    program     static /home/bs05/e2237709/Desktop/embed/THE1.X/the1.asm
                   offD_2   0x0001c6    program     static /home/bs05/e2237709/Desktop/embed/THE1.X/the1.asm
                   offD_3   0x0001ba    program     static /home/bs05/e2237709/Desktop/embed/THE1.X/the1.asm
                    onA_0   0x0000ea    program     static /home/bs05/e2237709/Desktop/embed/THE1.X/the1.asm
                    onA_1   0x0000f6    program     static /home/bs05/e2237709/Desktop/embed/THE1.X/the1.asm
                    onA_2   0x000102    program     static /home/bs05/e2237709/Desktop/embed/THE1.X/the1.asm
                    onA_3   0x00010e    program     static /home/bs05/e2237709/Desktop/embed/THE1.X/the1.asm
                    onB_0   0x00011e    program     static /home/bs05/e2237709/Desktop/embed/THE1.X/the1.asm
                    onB_1   0x00012a    program     static /home/bs05/e2237709/Desktop/embed/THE1.X/the1.asm
                    onB_2   0x000136    program     static /home/bs05/e2237709/Desktop/embed/THE1.X/the1.asm
                    onB_3   0x000142    program     static /home/bs05/e2237709/Desktop/embed/THE1.X/the1.asm
                    onC_0   0x000152    program     static /home/bs05/e2237709/Desktop/embed/THE1.X/the1.asm
                    onC_1   0x00015e    program     static /home/bs05/e2237709/Desktop/embed/THE1.X/the1.asm
                    onC_2   0x00016a    program     static /home/bs05/e2237709/Desktop/embed/THE1.X/the1.asm
                    onC_3   0x000176    program     static /home/bs05/e2237709/Desktop/embed/THE1.X/the1.asm
                    onD_0   0x000186    program     static /home/bs05/e2237709/Desktop/embed/THE1.X/the1.asm
                    onD_1   0x000192    program     static /home/bs05/e2237709/Desktop/embed/THE1.X/the1.asm
                    onD_2   0x00019e    program     static /home/bs05/e2237709/Desktop/embed/THE1.X/the1.asm
                    onD_3   0x0001aa    program     static /home/bs05/e2237709/Desktop/embed/THE1.X/the1.asm
            one_sec_delay   0x000032    program     static /home/bs05/e2237709/Desktop/embed/THE1.X/the1.asm
            open_all_leds   0x0000ce    program     static /home/bs05/e2237709/Desktop/embed/THE1.X/the1.asm
    return_from_clear_ra4   0x00008c    program     static /home/bs05/e2237709/Desktop/embed/THE1.X/the1.asm
                    table   0x0002ae    program     static /home/bs05/e2237709/Desktop/embed/THE1.X/the1.asm
               turn_off_A   0x000256    program     static /home/bs05/e2237709/Desktop/embed/THE1.X/the1.asm
               turn_off_B   0x000222    program     static /home/bs05/e2237709/Desktop/embed/THE1.X/the1.asm
               turn_off_C   0x0001ee    program     static /home/bs05/e2237709/Desktop/embed/THE1.X/the1.asm
               turn_off_D   0x0001ba    program     static /home/bs05/e2237709/Desktop/embed/THE1.X/the1.asm
                turn_on_A   0x0000ea    program     static /home/bs05/e2237709/Desktop/embed/THE1.X/the1.asm
                turn_on_B   0x00011e    program     static /home/bs05/e2237709/Desktop/embed/THE1.X/the1.asm
                turn_on_C   0x000152    program     static /home/bs05/e2237709/Desktop/embed/THE1.X/the1.asm
                turn_on_D   0x000186    program     static /home/bs05/e2237709/Desktop/embed/THE1.X/the1.asm
            two_sec_delay   0x0000c4    program     static /home/bs05/e2237709/Desktop/embed/THE1.X/the1.asm
             wait_for_ra4   0x00028a    program     static /home/bs05/e2237709/Desktop/embed/THE1.X/the1.asm
     wait_for_ra4_release   0x000294    program     static /home/bs05/e2237709/Desktop/embed/THE1.X/the1.asm
                        i   0x000026       data     static /home/bs05/e2237709/Desktop/embed/THE1.X/the1.asm
                  inc_var   0x000029       data     static /home/bs05/e2237709/Desktop/embed/THE1.X/the1.asm
              ra4_pressed   0x000030       data     static /home/bs05/e2237709/Desktop/embed/THE1.X/the1.asm
                save_wreg   0x000027       data     static /home/bs05/e2237709/Desktop/embed/THE1.X/the1.asm
               switch_var   0x000028       data     static /home/bs05/e2237709/Desktop/embed/THE1.X/the1.asm



                              Symbols - Sorted by Address
                     Name    Address   Location    Storage File                     
                ---------  ---------  ---------  --------- ---------                
                     init   0x000004    program     static /home/bs05/e2237709/Desktop/embed/THE1.X/the1.asm
            one_sec_delay   0x000032    program     static /home/bs05/e2237709/Desktop/embed/THE1.X/the1.asm
                    loop3   0x00003a    program     static /home/bs05/e2237709/Desktop/embed/THE1.X/the1.asm
                    loop4   0x00003e    program     static /home/bs05/e2237709/Desktop/embed/THE1.X/the1.asm
                    loop5   0x000042    program     static /home/bs05/e2237709/Desktop/embed/THE1.X/the1.asm
           half_sec_delay   0x000076    program     static /home/bs05/e2237709/Desktop/embed/THE1.X/the1.asm
                    loop0   0x00007e    program     static /home/bs05/e2237709/Desktop/embed/THE1.X/the1.asm
                    loop1   0x000082    program     static /home/bs05/e2237709/Desktop/embed/THE1.X/the1.asm
                    loop2   0x000086    program     static /home/bs05/e2237709/Desktop/embed/THE1.X/the1.asm
    return_from_clear_ra4   0x00008c    program     static /home/bs05/e2237709/Desktop/embed/THE1.X/the1.asm
            two_sec_delay   0x0000c4    program     static /home/bs05/e2237709/Desktop/embed/THE1.X/the1.asm
            open_all_leds   0x0000ce    program     static /home/bs05/e2237709/Desktop/embed/THE1.X/the1.asm
           close_all_leds   0x0000dc    program     static /home/bs05/e2237709/Desktop/embed/THE1.X/the1.asm
                turn_on_A   0x0000ea    program     static /home/bs05/e2237709/Desktop/embed/THE1.X/the1.asm
                    onA_0   0x0000ea    program     static /home/bs05/e2237709/Desktop/embed/THE1.X/the1.asm
                    onA_1   0x0000f6    program     static /home/bs05/e2237709/Desktop/embed/THE1.X/the1.asm
                    onA_2   0x000102    program     static /home/bs05/e2237709/Desktop/embed/THE1.X/the1.asm
                    onA_3   0x00010e    program     static /home/bs05/e2237709/Desktop/embed/THE1.X/the1.asm
                turn_on_B   0x00011e    program     static /home/bs05/e2237709/Desktop/embed/THE1.X/the1.asm
                    onB_0   0x00011e    program     static /home/bs05/e2237709/Desktop/embed/THE1.X/the1.asm
                    onB_1   0x00012a    program     static /home/bs05/e2237709/Desktop/embed/THE1.X/the1.asm
                    onB_2   0x000136    program     static /home/bs05/e2237709/Desktop/embed/THE1.X/the1.asm
                    onB_3   0x000142    program     static /home/bs05/e2237709/Desktop/embed/THE1.X/the1.asm
                    onC_0   0x000152    program     static /home/bs05/e2237709/Desktop/embed/THE1.X/the1.asm
                turn_on_C   0x000152    program     static /home/bs05/e2237709/Desktop/embed/THE1.X/the1.asm
                    onC_1   0x00015e    program     static /home/bs05/e2237709/Desktop/embed/THE1.X/the1.asm
                    onC_2   0x00016a    program     static /home/bs05/e2237709/Desktop/embed/THE1.X/the1.asm
                    onC_3   0x000176    program     static /home/bs05/e2237709/Desktop/embed/THE1.X/the1.asm
                turn_on_D   0x000186    program     static /home/bs05/e2237709/Desktop/embed/THE1.X/the1.asm
                    onD_0   0x000186    program     static /home/bs05/e2237709/Desktop/embed/THE1.X/the1.asm
                    onD_1   0x000192    program     static /home/bs05/e2237709/Desktop/embed/THE1.X/the1.asm
                    onD_2   0x00019e    program     static /home/bs05/e2237709/Desktop/embed/THE1.X/the1.asm
                    onD_3   0x0001aa    program     static /home/bs05/e2237709/Desktop/embed/THE1.X/the1.asm
                   offD_3   0x0001ba    program     static /home/bs05/e2237709/Desktop/embed/THE1.X/the1.asm
               turn_off_D   0x0001ba    program     static /home/bs05/e2237709/Desktop/embed/THE1.X/the1.asm
                   offD_2   0x0001c6    program     static /home/bs05/e2237709/Desktop/embed/THE1.X/the1.asm
                   offD_1   0x0001d2    program     static /home/bs05/e2237709/Desktop/embed/THE1.X/the1.asm
                   offD_0   0x0001de    program     static /home/bs05/e2237709/Desktop/embed/THE1.X/the1.asm
               turn_off_C   0x0001ee    program     static /home/bs05/e2237709/Desktop/embed/THE1.X/the1.asm
                   offC_3   0x0001ee    program     static /home/bs05/e2237709/Desktop/embed/THE1.X/the1.asm
                   offC_2   0x0001fa    program     static /home/bs05/e2237709/Desktop/embed/THE1.X/the1.asm
                   offC_1   0x000206    program     static /home/bs05/e2237709/Desktop/embed/THE1.X/the1.asm
                   offC_0   0x000212    program     static /home/bs05/e2237709/Desktop/embed/THE1.X/the1.asm
               turn_off_B   0x000222    program     static /home/bs05/e2237709/Desktop/embed/THE1.X/the1.asm
                   offB_3   0x000222    program     static /home/bs05/e2237709/Desktop/embed/THE1.X/the1.asm
                   offB_2   0x00022e    program     static /home/bs05/e2237709/Desktop/embed/THE1.X/the1.asm
                   offB_1   0x00023a    program     static /home/bs05/e2237709/Desktop/embed/THE1.X/the1.asm
                   offB_0   0x000246    program     static /home/bs05/e2237709/Desktop/embed/THE1.X/the1.asm
                   offA_3   0x000256    program     static /home/bs05/e2237709/Desktop/embed/THE1.X/the1.asm
               turn_off_A   0x000256    program     static /home/bs05/e2237709/Desktop/embed/THE1.X/the1.asm
                   offA_2   0x000262    program     static /home/bs05/e2237709/Desktop/embed/THE1.X/the1.asm
                   offA_1   0x00026e    program     static /home/bs05/e2237709/Desktop/embed/THE1.X/the1.asm
                   offA_0   0x00027a    program     static /home/bs05/e2237709/Desktop/embed/THE1.X/the1.asm
             wait_for_ra4   0x00028a    program     static /home/bs05/e2237709/Desktop/embed/THE1.X/the1.asm
     wait_for_ra4_release   0x000294    program     static /home/bs05/e2237709/Desktop/embed/THE1.X/the1.asm
      check_ra4_depressed   0x00029e    program     static /home/bs05/e2237709/Desktop/embed/THE1.X/the1.asm
      clear_ra4_variables   0x0002a8    program     static /home/bs05/e2237709/Desktop/embed/THE1.X/the1.asm
                    table   0x0002ae    program     static /home/bs05/e2237709/Desktop/embed/THE1.X/the1.asm
                    case0   0x0003b6    program     static /home/bs05/e2237709/Desktop/embed/THE1.X/the1.asm
                    case1   0x0003c6    program     static /home/bs05/e2237709/Desktop/embed/THE1.X/the1.asm
                    case2   0x0003d6    program     static /home/bs05/e2237709/Desktop/embed/THE1.X/the1.asm
                    case3   0x0003e6    program     static /home/bs05/e2237709/Desktop/embed/THE1.X/the1.asm
                    case4   0x0003f6    program     static /home/bs05/e2237709/Desktop/embed/THE1.X/the1.asm
                    case5   0x000406    program     static /home/bs05/e2237709/Desktop/embed/THE1.X/the1.asm
                    case6   0x000416    program     static /home/bs05/e2237709/Desktop/embed/THE1.X/the1.asm
                    case7   0x000426    program     static /home/bs05/e2237709/Desktop/embed/THE1.X/the1.asm
                    case8   0x000436    program     static /home/bs05/e2237709/Desktop/embed/THE1.X/the1.asm
                    case9   0x000446    program     static /home/bs05/e2237709/Desktop/embed/THE1.X/the1.asm
                   case10   0x000456    program     static /home/bs05/e2237709/Desktop/embed/THE1.X/the1.asm
                   case11   0x000466    program     static /home/bs05/e2237709/Desktop/embed/THE1.X/the1.asm
                   case12   0x000476    program     static /home/bs05/e2237709/Desktop/embed/THE1.X/the1.asm
                   case13   0x000486    program     static /home/bs05/e2237709/Desktop/embed/THE1.X/the1.asm
                   case14   0x000496    program     static /home/bs05/e2237709/Desktop/embed/THE1.X/the1.asm
                   case15   0x0004a6    program     static /home/bs05/e2237709/Desktop/embed/THE1.X/the1.asm
                   case16   0x0004b0    program     static /home/bs05/e2237709/Desktop/embed/THE1.X/the1.asm
                   case17   0x0004c0    program     static /home/bs05/e2237709/Desktop/embed/THE1.X/the1.asm
                   case18   0x0004d0    program     static /home/bs05/e2237709/Desktop/embed/THE1.X/the1.asm
                   case19   0x0004e0    program     static /home/bs05/e2237709/Desktop/embed/THE1.X/the1.asm
                   case20   0x0004f0    program     static /home/bs05/e2237709/Desktop/embed/THE1.X/the1.asm
                   case21   0x000500    program     static /home/bs05/e2237709/Desktop/embed/THE1.X/the1.asm
                   case22   0x000510    program     static /home/bs05/e2237709/Desktop/embed/THE1.X/the1.asm
                   case23   0x000520    program     static /home/bs05/e2237709/Desktop/embed/THE1.X/the1.asm
                   case24   0x000530    program     static /home/bs05/e2237709/Desktop/embed/THE1.X/the1.asm
                   case25   0x000540    program     static /home/bs05/e2237709/Desktop/embed/THE1.X/the1.asm
                   case26   0x000550    program     static /home/bs05/e2237709/Desktop/embed/THE1.X/the1.asm
                   case27   0x000560    program     static /home/bs05/e2237709/Desktop/embed/THE1.X/the1.asm
                   case28   0x000570    program     static /home/bs05/e2237709/Desktop/embed/THE1.X/the1.asm
                   case29   0x000580    program     static /home/bs05/e2237709/Desktop/embed/THE1.X/the1.asm
                   case30   0x000590    program     static /home/bs05/e2237709/Desktop/embed/THE1.X/the1.asm
                   case31   0x0005a0    program     static /home/bs05/e2237709/Desktop/embed/THE1.X/the1.asm
                  default   0x0005aa    program     static /home/bs05/e2237709/Desktop/embed/THE1.X/the1.asm
                  case0on   0x0005b0    program     static /home/bs05/e2237709/Desktop/embed/THE1.X/the1.asm
                 case0off   0x0005ba    program     static /home/bs05/e2237709/Desktop/embed/THE1.X/the1.asm
                  case1on   0x0005c4    program     static /home/bs05/e2237709/Desktop/embed/THE1.X/the1.asm
                 case1off   0x0005ce    program     static /home/bs05/e2237709/Desktop/embed/THE1.X/the1.asm
                  case2on   0x0005d8    program     static /home/bs05/e2237709/Desktop/embed/THE1.X/the1.asm
                 case2off   0x0005e2    program     static /home/bs05/e2237709/Desktop/embed/THE1.X/the1.asm
                  case3on   0x0005ec    program     static /home/bs05/e2237709/Desktop/embed/THE1.X/the1.asm
                 case3off   0x0005f6    program     static /home/bs05/e2237709/Desktop/embed/THE1.X/the1.asm
                  case4on   0x000600    program     static /home/bs05/e2237709/Desktop/embed/THE1.X/the1.asm
                 case4off   0x00060a    program     static /home/bs05/e2237709/Desktop/embed/THE1.X/the1.asm
                  case5on   0x000614    program     static /home/bs05/e2237709/Desktop/embed/THE1.X/the1.asm
                 case5off   0x00061e    program     static /home/bs05/e2237709/Desktop/embed/THE1.X/the1.asm
                  case6on   0x00062c    program     static /home/bs05/e2237709/Desktop/embed/THE1.X/the1.asm
                 case6off   0x000636    program     static /home/bs05/e2237709/Desktop/embed/THE1.X/the1.asm
                  case7on   0x000640    program     static /home/bs05/e2237709/Desktop/embed/THE1.X/the1.asm
                 case7off   0x00064a    program     static /home/bs05/e2237709/Desktop/embed/THE1.X/the1.asm
                  case8on   0x000654    program     static /home/bs05/e2237709/Desktop/embed/THE1.X/the1.asm
                 case8off   0x00065e    program     static /home/bs05/e2237709/Desktop/embed/THE1.X/the1.asm
                  case9on   0x000668    program     static /home/bs05/e2237709/Desktop/embed/THE1.X/the1.asm
                 case9off   0x000672    program     static /home/bs05/e2237709/Desktop/embed/THE1.X/the1.asm
                 case10on   0x00067c    program     static /home/bs05/e2237709/Desktop/embed/THE1.X/the1.asm
                case10off   0x000686    program     static /home/bs05/e2237709/Desktop/embed/THE1.X/the1.asm
                 case11on   0x000690    program     static /home/bs05/e2237709/Desktop/embed/THE1.X/the1.asm
                case11off   0x00069a    program     static /home/bs05/e2237709/Desktop/embed/THE1.X/the1.asm
                 case12on   0x0006a4    program     static /home/bs05/e2237709/Desktop/embed/THE1.X/the1.asm
                case12off   0x0006ae    program     static /home/bs05/e2237709/Desktop/embed/THE1.X/the1.asm
                 case13on   0x0006b8    program     static /home/bs05/e2237709/Desktop/embed/THE1.X/the1.asm
                case13off   0x0006c2    program     static /home/bs05/e2237709/Desktop/embed/THE1.X/the1.asm
                 case14on   0x0006cc    program     static /home/bs05/e2237709/Desktop/embed/THE1.X/the1.asm
                case14off   0x0006d6    program     static /home/bs05/e2237709/Desktop/embed/THE1.X/the1.asm
                 case15on   0x0006e0    program     static /home/bs05/e2237709/Desktop/embed/THE1.X/the1.asm
                 case16on   0x0006ea    program     static /home/bs05/e2237709/Desktop/embed/THE1.X/the1.asm
                case16off   0x0006f4    program     static /home/bs05/e2237709/Desktop/embed/THE1.X/the1.asm
                 case17on   0x0006fe    program     static /home/bs05/e2237709/Desktop/embed/THE1.X/the1.asm
                case17off   0x000708    program     static /home/bs05/e2237709/Desktop/embed/THE1.X/the1.asm
                 case18on   0x000712    program     static /home/bs05/e2237709/Desktop/embed/THE1.X/the1.asm
                case18off   0x00071c    program     static /home/bs05/e2237709/Desktop/embed/THE1.X/the1.asm
                 case19on   0x000726    program     static /home/bs05/e2237709/Desktop/embed/THE1.X/the1.asm
                case19off   0x000730    program     static /home/bs05/e2237709/Desktop/embed/THE1.X/the1.asm
                 case20on   0x00073a    program     static /home/bs05/e2237709/Desktop/embed/THE1.X/the1.asm
                case20off   0x000744    program     static /home/bs05/e2237709/Desktop/embed/THE1.X/the1.asm
                 case21on   0x00074e    program     static /home/bs05/e2237709/Desktop/embed/THE1.X/the1.asm
                case21off   0x000758    program     static /home/bs05/e2237709/Desktop/embed/THE1.X/the1.asm
                 case22on   0x000762    program     static /home/bs05/e2237709/Desktop/embed/THE1.X/the1.asm
                case22off   0x00076c    program     static /home/bs05/e2237709/Desktop/embed/THE1.X/the1.asm
                 case23on   0x000776    program     static /home/bs05/e2237709/Desktop/embed/THE1.X/the1.asm
                case23off   0x000780    program     static /home/bs05/e2237709/Desktop/embed/THE1.X/the1.asm
                 case24on   0x00078a    program     static /home/bs05/e2237709/Desktop/embed/THE1.X/the1.asm
                case24off   0x000794    program     static /home/bs05/e2237709/Desktop/embed/THE1.X/the1.asm
                 case25on   0x00079e    program     static /home/bs05/e2237709/Desktop/embed/THE1.X/the1.asm
                case25off   0x0007a8    program     static /home/bs05/e2237709/Desktop/embed/THE1.X/the1.asm
                 case26on   0x0007b2    program     static /home/bs05/e2237709/Desktop/embed/THE1.X/the1.asm
                case26off   0x0007bc    program     static /home/bs05/e2237709/Desktop/embed/THE1.X/the1.asm
                 case27on   0x0007c6    program     static /home/bs05/e2237709/Desktop/embed/THE1.X/the1.asm
                case27off   0x0007d0    program     static /home/bs05/e2237709/Desktop/embed/THE1.X/the1.asm
                 case28on   0x0007da    program     static /home/bs05/e2237709/Desktop/embed/THE1.X/the1.asm
                case28off   0x0007e4    program     static /home/bs05/e2237709/Desktop/embed/THE1.X/the1.asm
                 case29on   0x0007ee    program     static /home/bs05/e2237709/Desktop/embed/THE1.X/the1.asm
                case29off   0x0007f8    program     static /home/bs05/e2237709/Desktop/embed/THE1.X/the1.asm
                 case30on   0x000802    program     static /home/bs05/e2237709/Desktop/embed/THE1.X/the1.asm
                case30off   0x00080c    program     static /home/bs05/e2237709/Desktop/embed/THE1.X/the1.asm
                 case31on   0x000816    program     static /home/bs05/e2237709/Desktop/embed/THE1.X/the1.asm
                     main   0x000820    program     static /home/bs05/e2237709/Desktop/embed/THE1.X/the1.asm
                     loop   0x000824    program     static /home/bs05/e2237709/Desktop/embed/THE1.X/the1.asm
                       l1   0x000828    program     static /home/bs05/e2237709/Desktop/embed/THE1.X/the1.asm
                       l2   0x000830    program     static /home/bs05/e2237709/Desktop/embed/THE1.X/the1.asm
                        i   0x000026       data     static /home/bs05/e2237709/Desktop/embed/THE1.X/the1.asm
                save_wreg   0x000027       data     static /home/bs05/e2237709/Desktop/embed/THE1.X/the1.asm
               switch_var   0x000028       data     static /home/bs05/e2237709/Desktop/embed/THE1.X/the1.asm
                  inc_var   0x000029       data     static /home/bs05/e2237709/Desktop/embed/THE1.X/the1.asm
              ra4_pressed   0x000030       data     static /home/bs05/e2237709/Desktop/embed/THE1.X/the1.asm


